This file contains any messages produced by compilers while
running configure, to aid debugging if configure makes a mistake.

It was created by RNAforester configure 2.0.1, which was
generated by GNU Autoconf 2.71.  Invocation command line was

  $ ./configure --disable-option-checking --prefix=/mnt/c/Users/ama55id/Nextcloud/RNA_analyzer/rnaanalyzer/bin/ViennaRNA-2.6.4 CC=gcc CXX=g++ 'CFLAGS=-g -O2' 'CXXFLAGS=-g -O2' AR=ar RANLIB=ranlib 'NM=/usr/bin/nm -B' 'VRNA_CFLAGS=-I$(top_srcdir)/../../src/ViennaRNA -I$(top_srcdir)/../../src -DVRNA_WITH_NAVIEW_LAYOUT' 'VRNA_LIBS=-fno-strict-aliasing -L$(top_builddir)/../../src/ViennaRNA -lRNA -fopenmp -lpthread -lstdc++' --cache-file=/dev/null --srcdir=.

## --------- ##
## Platform. ##
## --------- ##

hostname = wbbiad010
uname -m = x86_64
uname -r = 5.15.153.1-microsoft-standard-WSL2
uname -s = Linux
uname -v = #1 SMP Fri Mar 29 23:14:13 UTC 2024

/usr/bin/uname -p = x86_64
/bin/uname -X     = unknown

/bin/arch              = x86_64
/usr/bin/arch -k       = unknown
/usr/convex/getsysinfo = unknown
/usr/bin/hostinfo      = unknown
/bin/machine           = unknown
/usr/bin/oslevel       = unknown
/bin/universe          = unknown

PATH: /home/ama55id/miniconda3/bin/
PATH: /home/ama55id/miniconda3/condabin/
PATH: /usr/local/sbin/
PATH: /usr/local/bin/
PATH: /usr/sbin/
PATH: /usr/bin/
PATH: /sbin/
PATH: /bin/
PATH: /usr/games/
PATH: /usr/local/games/
PATH: /usr/lib/wsl/lib/
PATH: /mnt/c/Program Files/Amazon Corretto/jdk17.0.10_7/bin/
PATH: /mnt/c/Applied Biosystems/StepOne Software v2.3/bin/
PATH: /mnt/c/Applied Biosystems/StepOne Software v2.3/eclipse/
PATH: /mnt/c/Applied Biosystems/StepOne Software v2.3/eclipse/plugins/com.apldbio.sds.experiment.genotyping_2.1.0/bin/
PATH: /mnt/c/Applied Biosystems/StepOne Software v2.3/eclipse/plugins/com.apldbio.sds.experiment.genotyping_2.1.0/bin/bin/win32/
PATH: /mnt/c/WINDOWS/system32/
PATH: /mnt/c/WINDOWS/
PATH: /mnt/c/WINDOWS/System32/Wbem/
PATH: /mnt/c/WINDOWS/System32/WindowsPowerShell/v1.0/
PATH: /mnt/c/WINDOWS/System32/OpenSSH/
PATH: /mnt/c/Program Files/Microsoft VS Code/bin/
PATH: /mnt/c/Program Files/TreeViewer/
PATH: /mnt/c/Strawberry/c/bin/
PATH: /mnt/c/Strawberry/perl/site/bin/
PATH: /mnt/c/Strawberry/perl/bin/
PATH: /mnt/c/Program Files/Geneious Prime/
PATH: /mnt/c/Users/ama55id/AppData/Local/Microsoft/WindowsApps/
PATH: /mnt/c/Users/ama55id/AppData/Local/Programs/Git/cmd/
PATH: /snap/bin/


## ----------- ##
## Core tests. ##
## ----------- ##

configure:2646: looking for aux files: compile missing install-sh
configure:2659:  trying ./
configure:2688:   ./compile found
configure:2688:   ./missing found
configure:2670:   ./install-sh found
configure:2813: checking whether make supports nested variables
configure:2831: result: yes
configure:2860: checking for a BSD-compatible install
configure:2933: result: /usr/bin/install -c
configure:2944: checking whether build environment is sane
configure:2999: result: yes
configure:3156: checking for a race-free mkdir -p
configure:3200: result: /usr/bin/mkdir -p
configure:3207: checking for gawk
configure:3228: found /usr/bin/gawk
configure:3239: result: gawk
configure:3250: checking whether make sets $(MAKE)
configure:3273: result: yes
configure:3548: checking for C++ compiler version
configure:3557: g++ --version >&5
g++ (Ubuntu 9.4.0-1ubuntu1~20.04.2) 9.4.0
Copyright (C) 2019 Free Software Foundation, Inc.
This is free software; see the source for copying conditions.  There is NO
warranty; not even for MERCHANTABILITY or FITNESS FOR A PARTICULAR PURPOSE.

configure:3568: $? = 0
configure:3557: g++ -v >&5
Using built-in specs.
COLLECT_GCC=g++
COLLECT_LTO_WRAPPER=/usr/lib/gcc/x86_64-linux-gnu/9/lto-wrapper
OFFLOAD_TARGET_NAMES=nvptx-none:hsa
OFFLOAD_TARGET_DEFAULT=1
Target: x86_64-linux-gnu
Configured with: ../src/configure -v --with-pkgversion='Ubuntu 9.4.0-1ubuntu1~20.04.2' --with-bugurl=file:///usr/share/doc/gcc-9/README.Bugs --enable-languages=c,ada,c++,go,brig,d,fortran,objc,obj-c++,gm2 --prefix=/usr --with-gcc-major-version-only --program-suffix=-9 --program-prefix=x86_64-linux-gnu- --enable-shared --enable-linker-build-id --libexecdir=/usr/lib --without-included-gettext --enable-threads=posix --libdir=/usr/lib --enable-nls --enable-clocale=gnu --enable-libstdcxx-debug --enable-libstdcxx-time=yes --with-default-libstdcxx-abi=new --enable-gnu-unique-object --disable-vtable-verify --enable-plugin --enable-default-pie --with-system-zlib --with-target-system-zlib=auto --enable-objc-gc=auto --enable-multiarch --disable-werror --with-arch-32=i686 --with-abi=m64 --with-multilib-list=m32,m64,mx32 --enable-multilib --with-tune=generic --enable-offload-targets=nvptx-none=/build/gcc-9-9QDOt0/gcc-9-9.4.0/debian/tmp-nvptx/usr,hsa --without-cuda-driver --enable-checking=release --build=x86_64-linux-gnu --host=x86_64-linux-gnu --target=x86_64-linux-gnu
Thread model: posix
gcc version 9.4.0 (Ubuntu 9.4.0-1ubuntu1~20.04.2) 
configure:3568: $? = 0
configure:3557: g++ -V >&5
g++: error: unrecognized command line option '-V'
g++: fatal error: no input files
compilation terminated.
configure:3568: $? = 1
configure:3557: g++ -qversion >&5
g++: error: unrecognized command line option '-qversion'; did you mean '--version'?
g++: fatal error: no input files
compilation terminated.
configure:3568: $? = 1
configure:3588: checking whether the C++ compiler works
configure:3610: g++ -g -O2   conftest.cpp  >&5
configure:3614: $? = 0
configure:3664: result: yes
configure:3667: checking for C++ compiler default output file name
configure:3669: result: a.out
configure:3675: checking for suffix of executables
configure:3682: g++ -o conftest -g -O2   conftest.cpp  >&5
configure:3686: $? = 0
configure:3709: result: 
configure:3731: checking whether we are cross compiling
configure:3739: g++ -o conftest -g -O2   conftest.cpp  >&5
configure:3743: $? = 0
configure:3750: ./conftest
configure:3754: $? = 0
configure:3742: result: no
configure:3747: checking for suffix of object files
configure:3770: g++ -c -g -O2  conftest.cpp >&5
configure:3774: $? = 0
configure:3796: result: o
configure:3800: checking whether the compiler supports GNU C++
configure:3820: g++ -c -g -O2  conftest.cpp >&5
configure:3820: $? = 0
configure:3830: result: yes
configure:3841: checking whether g++ accepts -g
configure:3862: g++ -c -g  conftest.cpp >&5
configure:3862: $? = 0
configure:3906: result: yes
configure:3926: checking for g++ option to enable C++11 features
configure:3941: g++  -c -g -O2  conftest.cpp >&5
configure:3941: $? = 0
configure:3959: result: none needed
configure:4026: checking whether make supports the include directive
configure:4041: make -f confmf.GNU && cat confinc.out
this is the am__doit target
configure:4044: $? = 0
configure:4063: result: yes (GNU style)
configure:4089: checking dependency style of g++
configure:4201: result: gcc3
configure:4278: checking for gcc
configure:4310: result: gcc
configure:4663: checking for C compiler version
configure:4672: gcc --version >&5
gcc (Ubuntu 9.4.0-1ubuntu1~20.04.2) 9.4.0
Copyright (C) 2019 Free Software Foundation, Inc.
This is free software; see the source for copying conditions.  There is NO
warranty; not even for MERCHANTABILITY or FITNESS FOR A PARTICULAR PURPOSE.

configure:4683: $? = 0
configure:4672: gcc -v >&5
Using built-in specs.
COLLECT_GCC=gcc
COLLECT_LTO_WRAPPER=/usr/lib/gcc/x86_64-linux-gnu/9/lto-wrapper
OFFLOAD_TARGET_NAMES=nvptx-none:hsa
OFFLOAD_TARGET_DEFAULT=1
Target: x86_64-linux-gnu
Configured with: ../src/configure -v --with-pkgversion='Ubuntu 9.4.0-1ubuntu1~20.04.2' --with-bugurl=file:///usr/share/doc/gcc-9/README.Bugs --enable-languages=c,ada,c++,go,brig,d,fortran,objc,obj-c++,gm2 --prefix=/usr --with-gcc-major-version-only --program-suffix=-9 --program-prefix=x86_64-linux-gnu- --enable-shared --enable-linker-build-id --libexecdir=/usr/lib --without-included-gettext --enable-threads=posix --libdir=/usr/lib --enable-nls --enable-clocale=gnu --enable-libstdcxx-debug --enable-libstdcxx-time=yes --with-default-libstdcxx-abi=new --enable-gnu-unique-object --disable-vtable-verify --enable-plugin --enable-default-pie --with-system-zlib --with-target-system-zlib=auto --enable-objc-gc=auto --enable-multiarch --disable-werror --with-arch-32=i686 --with-abi=m64 --with-multilib-list=m32,m64,mx32 --enable-multilib --with-tune=generic --enable-offload-targets=nvptx-none=/build/gcc-9-9QDOt0/gcc-9-9.4.0/debian/tmp-nvptx/usr,hsa --without-cuda-driver --enable-checking=release --build=x86_64-linux-gnu --host=x86_64-linux-gnu --target=x86_64-linux-gnu
Thread model: posix
gcc version 9.4.0 (Ubuntu 9.4.0-1ubuntu1~20.04.2) 
configure:4683: $? = 0
configure:4672: gcc -V >&5
gcc: error: unrecognized command line option '-V'
gcc: fatal error: no input files
compilation terminated.
configure:4683: $? = 1
configure:4672: gcc -qversion >&5
gcc: error: unrecognized command line option '-qversion'; did you mean '--version'?
gcc: fatal error: no input files
compilation terminated.
configure:4683: $? = 1
configure:4672: gcc -version >&5
gcc: error: unrecognized command line option '-version'
gcc: fatal error: no input files
compilation terminated.
configure:4683: $? = 1
configure:4687: checking whether the compiler supports GNU C
configure:4707: gcc -c -g -O2  conftest.c >&5
configure:4707: $? = 0
configure:4717: result: yes
configure:4728: checking whether gcc accepts -g
configure:4749: gcc -c -g  conftest.c >&5
configure:4749: $? = 0
configure:4793: result: yes
configure:4813: checking for gcc option to enable C11 features
configure:4828: gcc  -c -g -O2  conftest.c >&5
configure:4828: $? = 0
configure:4846: result: none needed
configure:4962: checking whether gcc understands -c and -o together
configure:4985: gcc -c conftest.c -o conftest2.o
configure:4988: $? = 0
configure:4985: gcc -c conftest.c -o conftest2.o
configure:4988: $? = 0
configure:5000: result: yes
configure:5019: checking dependency style of gcc
configure:5131: result: gcc3
configure:5157: checking for flex
configure:5192: result: no
configure:5157: checking for lex
configure:5192: result: no
configure:5460: checking for bison
configure:5495: result: no
configure:5460: checking for byacc
configure:5495: result: no
configure:5517: checking for g++ option to support OpenMP
configure:5539: g++ -c -g -O2   conftest.cpp >&5
conftest.cpp:13:2: error: #error "OpenMP not supported"
   13 | #error "OpenMP not supported"
      |  ^~~~~
configure:5539: $? = 1
configure: failed program was:
| /* confdefs.h */
| #define PACKAGE_NAME "RNAforester"
| #define PACKAGE_TARNAME "RNAforester"
| #define PACKAGE_VERSION "2.0.1"
| #define PACKAGE_STRING "RNAforester 2.0.1"
| #define PACKAGE_BUGREPORT "sschirme@techfak.uni-bielefeld.de"
| #define PACKAGE_URL ""
| #define PACKAGE "RNAforester"
| #define VERSION "2.0.1"
| /* end confdefs.h.  */
| 
| #ifndef _OPENMP
| #error "OpenMP not supported"
| #endif
| #include <omp.h>
| int main (void) { return omp_get_num_threads (); }
| 
configure:5539: g++ -c -g -O2 -fopenmp  conftest.cpp >&5
configure:5539: $? = 0
configure:5551: g++ -o conftest -g -O2 -fopenmp   conftest.cpp  >&5
configure:5551: $? = 0
configure:5574: result: -fopenmp
configure:5644: checking for pkg-config
configure:5667: found /mnt/c/Strawberry/perl/bin/pkg-config
configure:5679: result: /mnt/c/Strawberry/perl/bin/pkg-config
configure:5704: checking pkg-config is at least version 0.9.0
configure:5710: result: no
configure:5717: checking for VRNA
configure:5802: result: yes
configure:5934: checking for stdio.h
configure:5934: g++ -c -g -O2 -Ig2-0.72/src/  conftest.cpp >&5
configure:5934: $? = 0
configure:5934: result: yes
configure:5934: checking for stdlib.h
configure:5934: g++ -c -g -O2 -Ig2-0.72/src/  conftest.cpp >&5
configure:5934: $? = 0
configure:5934: result: yes
configure:5934: checking for string.h
configure:5934: g++ -c -g -O2 -Ig2-0.72/src/  conftest.cpp >&5
configure:5934: $? = 0
configure:5934: result: yes
configure:5934: checking for inttypes.h
configure:5934: g++ -c -g -O2 -Ig2-0.72/src/  conftest.cpp >&5
configure:5934: $? = 0
configure:5934: result: yes
configure:5934: checking for stdint.h
configure:5934: g++ -c -g -O2 -Ig2-0.72/src/  conftest.cpp >&5
configure:5934: $? = 0
configure:5934: result: yes
configure:5934: checking for strings.h
configure:5934: g++ -c -g -O2 -Ig2-0.72/src/  conftest.cpp >&5
configure:5934: $? = 0
configure:5934: result: yes
configure:5934: checking for sys/stat.h
configure:5934: g++ -c -g -O2 -Ig2-0.72/src/  conftest.cpp >&5
configure:5934: $? = 0
configure:5934: result: yes
configure:5934: checking for sys/types.h
configure:5934: g++ -c -g -O2 -Ig2-0.72/src/  conftest.cpp >&5
configure:5934: $? = 0
configure:5934: result: yes
configure:5934: checking for unistd.h
configure:5934: g++ -c -g -O2 -Ig2-0.72/src/  conftest.cpp >&5
configure:5934: $? = 0
configure:5934: result: yes
configure:5960: checking for grep that handles long lines and -e
configure:6024: result: /usr/bin/grep
configure:6029: checking for egrep
configure:6097: result: /usr/bin/grep -E
configure:6103: checking for g2.h
configure:6103: g++ -c -g -O2 -Ig2-0.72/src/  conftest.cpp >&5
configure:6103: $? = 0
configure:6103: result: yes
configure:6115: checking for an ANSI C-conforming const
configure:6182: g++ -c -g -O2 -Ig2-0.72/src/  conftest.cpp >&5
configure:6182: $? = 0
configure:6190: result: yes
configure:6198: checking for inline
configure:6215: g++ -c -g -O2 -Ig2-0.72/src/  conftest.cpp >&5
configure:6215: $? = 0
configure:6224: result: inline
configure:6242: checking for size_t
configure:6242: g++ -c -g -O2 -Ig2-0.72/src/  conftest.cpp >&5
configure:6242: $? = 0
configure:6242: g++ -c -g -O2 -Ig2-0.72/src/  conftest.cpp >&5
conftest.cpp: In function 'int main()':
conftest.cpp:54:20: error: expected primary-expression before ')' token
   54 | if (sizeof ((size_t)))
      |                    ^
configure:6242: $? = 1
configure: failed program was:
| /* confdefs.h */
| #define PACKAGE_NAME "RNAforester"
| #define PACKAGE_TARNAME "RNAforester"
| #define PACKAGE_VERSION "2.0.1"
| #define PACKAGE_STRING "RNAforester 2.0.1"
| #define PACKAGE_BUGREPORT "sschirme@techfak.uni-bielefeld.de"
| #define PACKAGE_URL ""
| #define PACKAGE "RNAforester"
| #define VERSION "2.0.1"
| #define HAVE_LIBRNA /**/
| #define HAVE_STDIO_H 1
| #define HAVE_STDLIB_H 1
| #define HAVE_STRING_H 1
| #define HAVE_INTTYPES_H 1
| #define HAVE_STDINT_H 1
| #define HAVE_STRINGS_H 1
| #define HAVE_SYS_STAT_H 1
| #define HAVE_SYS_TYPES_H 1
| #define HAVE_UNISTD_H 1
| #define STDC_HEADERS 1
| #define HAVE_LIBG2 1
| /* end confdefs.h.  */
| #include <stddef.h>
| #ifdef HAVE_STDIO_H
| # include <stdio.h>
| #endif
| #ifdef HAVE_STDLIB_H
| # include <stdlib.h>
| #endif
| #ifdef HAVE_STRING_H
| # include <string.h>
| #endif
| #ifdef HAVE_INTTYPES_H
| # include <inttypes.h>
| #endif
| #ifdef HAVE_STDINT_H
| # include <stdint.h>
| #endif
| #ifdef HAVE_STRINGS_H
| # include <strings.h>
| #endif
| #ifdef HAVE_SYS_TYPES_H
| # include <sys/types.h>
| #endif
| #ifdef HAVE_SYS_STAT_H
| # include <sys/stat.h>
| #endif
| #ifdef HAVE_UNISTD_H
| # include <unistd.h>
| #endif
| int
| main (void)
| {
| if (sizeof ((size_t)))
| 	    return 0;
|   ;
|   return 0;
| }
configure:6242: result: yes
configure:6373: checking that generated files are newer than configure
configure:6379: result: done
configure:6406: creating ./config.status

## ---------------------- ##
## Running config.status. ##
## ---------------------- ##

This file was extended by RNAforester config.status 2.0.1, which was
generated by GNU Autoconf 2.71.  Invocation command line was

  CONFIG_FILES    = 
  CONFIG_HEADERS  = 
  CONFIG_LINKS    = 
  CONFIG_COMMANDS = 
  $ ./config.status 

on wbbiad010

config.status:866: creating Makefile
config.status:866: creating src/Makefile
config.status:866: creating man/Makefile
config.status:866: creating config.h
config.status:1095: executing depfiles commands
config.status:1172: cd src       && sed -e '/# am--include-marker/d' Makefile         | make -f - am--depfiles
config.status:1177: $? = 0
configure:7788: === configuring in g2-0.72 (/mnt/c/Users/ama55id/Nextcloud/RNA_analyzer/rnaanalyzer/bin/ViennaRNA-2.6.4/src/RNAforester/g2-0.72)
configure:7849: running /bin/bash ./configure --disable-option-checking '--prefix=/mnt/c/Users/ama55id/Nextcloud/RNA_analyzer/rnaanalyzer/bin/ViennaRNA-2.6.4'  'CC=gcc' 'CXX=g++' 'CFLAGS=-g -O2' 'CXXFLAGS=-g -O2' 'AR=ar' 'RANLIB=ranlib' 'NM=/usr/bin/nm -B' 'VRNA_CFLAGS=-I$(top_srcdir)/../../src/ViennaRNA -I$(top_srcdir)/../../src -DVRNA_WITH_NAVIEW_LAYOUT' 'VRNA_LIBS=-fno-strict-aliasing -L$(top_builddir)/../../src/ViennaRNA -lRNA -fopenmp -lpthread -lstdc++' --cache-file=/dev/null --srcdir=.

## ---------------- ##
## Cache variables. ##
## ---------------- ##

ac_cv_c_compiler_gnu=yes
ac_cv_c_const=yes
ac_cv_c_inline=inline
ac_cv_cxx_compiler_gnu=yes
ac_cv_env_CCC_set=
ac_cv_env_CCC_value=
ac_cv_env_CC_set=set
ac_cv_env_CC_value=gcc
ac_cv_env_CFLAGS_set=set
ac_cv_env_CFLAGS_value='-g -O2'
ac_cv_env_CPPFLAGS_set=
ac_cv_env_CPPFLAGS_value=
ac_cv_env_CXXFLAGS_set=set
ac_cv_env_CXXFLAGS_value='-g -O2'
ac_cv_env_CXX_set=set
ac_cv_env_CXX_value=g++
ac_cv_env_LDFLAGS_set=
ac_cv_env_LDFLAGS_value=
ac_cv_env_LIBS_set=
ac_cv_env_LIBS_value=
ac_cv_env_PKG_CONFIG_LIBDIR_set=
ac_cv_env_PKG_CONFIG_LIBDIR_value=
ac_cv_env_PKG_CONFIG_PATH_set=
ac_cv_env_PKG_CONFIG_PATH_value=
ac_cv_env_PKG_CONFIG_set=
ac_cv_env_PKG_CONFIG_value=
ac_cv_env_VRNA_CFLAGS_set=set
ac_cv_env_VRNA_CFLAGS_value='-I$(top_srcdir)/../../src/ViennaRNA -I$(top_srcdir)/../../src -DVRNA_WITH_NAVIEW_LAYOUT'
ac_cv_env_VRNA_LIBS_set=set
ac_cv_env_VRNA_LIBS_value='-fno-strict-aliasing -L$(top_builddir)/../../src/ViennaRNA -lRNA -fopenmp -lpthread -lstdc++'
ac_cv_env_YACC_set=
ac_cv_env_YACC_value=
ac_cv_env_YFLAGS_set=
ac_cv_env_YFLAGS_value=
ac_cv_env_build_alias_set=
ac_cv_env_build_alias_value=
ac_cv_env_host_alias_set=
ac_cv_env_host_alias_value=
ac_cv_env_target_alias_set=
ac_cv_env_target_alias_value=
ac_cv_header_g2_h=yes
ac_cv_header_inttypes_h=yes
ac_cv_header_stdint_h=yes
ac_cv_header_stdio_h=yes
ac_cv_header_stdlib_h=yes
ac_cv_header_string_h=yes
ac_cv_header_strings_h=yes
ac_cv_header_sys_stat_h=yes
ac_cv_header_sys_types_h=yes
ac_cv_header_unistd_h=yes
ac_cv_objext=o
ac_cv_path_EGREP='/usr/bin/grep -E'
ac_cv_path_GREP=/usr/bin/grep
ac_cv_path_ac_pt_PKG_CONFIG=/mnt/c/Strawberry/perl/bin/pkg-config
ac_cv_path_install='/usr/bin/install -c'
ac_cv_path_mkdir=/usr/bin/mkdir
ac_cv_prog_AWK=gawk
ac_cv_prog_ac_ct_CC=gcc
ac_cv_prog_cc_c11=
ac_cv_prog_cc_g=yes
ac_cv_prog_cc_stdc=
ac_cv_prog_cxx_11=no
ac_cv_prog_cxx_cxx11=
ac_cv_prog_cxx_g=yes
ac_cv_prog_cxx_openmp=-fopenmp
ac_cv_prog_cxx_stdcxx=
ac_cv_prog_make_make_set=yes
ac_cv_type_size_t=yes
am_cv_CC_dependencies_compiler_type=gcc3
am_cv_CXX_dependencies_compiler_type=gcc3
am_cv_make_support_nested_variables=yes
am_cv_prog_cc_c_o=yes
pkg_cv_VRNA_CFLAGS='-I$(top_srcdir)/../../src/ViennaRNA -I$(top_srcdir)/../../src -DVRNA_WITH_NAVIEW_LAYOUT'
pkg_cv_VRNA_LIBS='-fno-strict-aliasing -L$(top_builddir)/../../src/ViennaRNA -lRNA -fopenmp -lpthread -lstdc++'

## ----------------- ##
## Output variables. ##
## ----------------- ##

ACLOCAL='${SHELL} '\''/mnt/c/Users/ama55id/Nextcloud/RNA_analyzer/rnaanalyzer/bin/ViennaRNA-2.6.4/src/RNAforester/missing'\'' aclocal-1.16'
AMDEPBACKSLASH='\'
AMDEP_FALSE='#'
AMDEP_TRUE=''
AMTAR='$${TAR-tar}'
AM_BACKSLASH='\'
AM_DEFAULT_V='$(AM_DEFAULT_VERBOSITY)'
AM_DEFAULT_VERBOSITY='0'
AM_V='$(V)'
AUTOCONF='${SHELL} '\''/mnt/c/Users/ama55id/Nextcloud/RNA_analyzer/rnaanalyzer/bin/ViennaRNA-2.6.4/src/RNAforester/missing'\'' autoconf'
AUTOHEADER='${SHELL} '\''/mnt/c/Users/ama55id/Nextcloud/RNA_analyzer/rnaanalyzer/bin/ViennaRNA-2.6.4/src/RNAforester/missing'\'' autoheader'
AUTOMAKE='${SHELL} '\''/mnt/c/Users/ama55id/Nextcloud/RNA_analyzer/rnaanalyzer/bin/ViennaRNA-2.6.4/src/RNAforester/missing'\'' automake-1.16'
AWK='gawk'
CC='gcc'
CCDEPMODE='depmode=gcc3'
CFLAGS='-g -O2'
CPPFLAGS=' -I../g2-0.72/include/ '
CSCOPE='cscope'
CTAGS='ctags'
CXX='g++'
CXXDEPMODE='depmode=gcc3'
CXXFLAGS='-g -O2'
CYGPATH_W='echo'
DEFS='-DHAVE_CONFIG_H'
DEPDIR='.deps'
ECHO_C=''
ECHO_N='-n'
ECHO_T=''
EGREP='/usr/bin/grep -E'
ETAGS='etags'
EXEEXT=''
GREP='/usr/bin/grep'
INSTALL_DATA='${INSTALL} -m 644'
INSTALL_PROGRAM='${INSTALL}'
INSTALL_SCRIPT='${INSTALL}'
INSTALL_STRIP_PROGRAM='$(install_sh) -c -s'
LDFLAGS='-L../g2-0.72 '
LEX='${SHELL} '\''/mnt/c/Users/ama55id/Nextcloud/RNA_analyzer/rnaanalyzer/bin/ViennaRNA-2.6.4/src/RNAforester/missing'\'' flex'
LEXLIB=''
LEX_OUTPUT_ROOT=''
LIBOBJS=''
LIBS='-lg2 '
LTLIBOBJS=''
MAKEINFO='${SHELL} '\''/mnt/c/Users/ama55id/Nextcloud/RNA_analyzer/rnaanalyzer/bin/ViennaRNA-2.6.4/src/RNAforester/missing'\'' makeinfo'
MKDIR_P='/usr/bin/mkdir -p'
OBJEXT='o'
OPENMP_CXXFLAGS='-fopenmp'
PACKAGE='RNAforester'
PACKAGE_BUGREPORT='sschirme@techfak.uni-bielefeld.de'
PACKAGE_NAME='RNAforester'
PACKAGE_STRING='RNAforester 2.0.1'
PACKAGE_TARNAME='RNAforester'
PACKAGE_URL=''
PACKAGE_VERSION='2.0.1'
PATH_SEPARATOR=':'
PKG_CONFIG=''
PKG_CONFIG_LIBDIR=''
PKG_CONFIG_PATH=''
SET_MAKE=''
SHELL='/bin/bash'
STRIP=''
VERSION='2.0.1'
VRNA_CFLAGS='-I$(top_srcdir)/../../src/ViennaRNA -I$(top_srcdir)/../../src -DVRNA_WITH_NAVIEW_LAYOUT'
VRNA_LIBS='-fno-strict-aliasing -L$(top_builddir)/../../src/ViennaRNA -lRNA -fopenmp -lpthread -lstdc++'
YACC='yacc'
YFLAGS=''
ac_ct_CC='gcc'
ac_ct_CXX=''
am__EXEEXT_FALSE=''
am__EXEEXT_TRUE='#'
am__fastdepCC_FALSE='#'
am__fastdepCC_TRUE=''
am__fastdepCXX_FALSE='#'
am__fastdepCXX_TRUE=''
am__include='include'
am__isrc=''
am__leading_dot='.'
am__nodep='_no'
am__quote=''
am__tar='$${TAR-tar} chof - "$$tardir"'
am__untar='$${TAR-tar} xf -'
bindir='${exec_prefix}/bin'
build_alias=''
datadir='${datarootdir}'
datarootdir='${prefix}/share'
docdir='${datarootdir}/doc/${PACKAGE_TARNAME}'
dvidir='${docdir}'
exec_prefix='${prefix}'
host_alias=''
htmldir='${docdir}'
includedir='${prefix}/include'
infodir='${datarootdir}/info'
install_sh='${SHELL} /mnt/c/Users/ama55id/Nextcloud/RNA_analyzer/rnaanalyzer/bin/ViennaRNA-2.6.4/src/RNAforester/install-sh'
libdir='${exec_prefix}/lib'
libexecdir='${exec_prefix}/libexec'
localedir='${datarootdir}/locale'
localstatedir='${prefix}/var'
mandir='${datarootdir}/man'
mkdir_p='$(MKDIR_P)'
oldincludedir='/usr/include'
pdfdir='${docdir}'
prefix='/mnt/c/Users/ama55id/Nextcloud/RNA_analyzer/rnaanalyzer/bin/ViennaRNA-2.6.4'
program_transform_name='s,x,x,'
psdir='${docdir}'
runstatedir='${localstatedir}/run'
sbindir='${exec_prefix}/sbin'
sharedstatedir='${prefix}/com'
subdirs=' g2-0.72'
sysconfdir='${prefix}/etc'
target_alias=''

## ----------- ##
## confdefs.h. ##
## ----------- ##

/* confdefs.h */
#define PACKAGE_NAME "RNAforester"
#define PACKAGE_TARNAME "RNAforester"
#define PACKAGE_VERSION "2.0.1"
#define PACKAGE_STRING "RNAforester 2.0.1"
#define PACKAGE_BUGREPORT "sschirme@techfak.uni-bielefeld.de"
#define PACKAGE_URL ""
#define PACKAGE "RNAforester"
#define VERSION "2.0.1"
#define HAVE_LIBRNA /**/
#define HAVE_STDIO_H 1
#define HAVE_STDLIB_H 1
#define HAVE_STRING_H 1
#define HAVE_INTTYPES_H 1
#define HAVE_STDINT_H 1
#define HAVE_STRINGS_H 1
#define HAVE_SYS_STAT_H 1
#define HAVE_SYS_TYPES_H 1
#define HAVE_UNISTD_H 1
#define STDC_HEADERS 1
#define HAVE_LIBG2 1

configure: exit 0
