This file contains any messages produced by compilers while
running configure, to aid debugging if configure makes a mistake.

It was created by Infernal configure 1.1.5, which was
generated by GNU Autoconf 2.71.  Invocation command line was

  $ ./configure --prefix=/mnt/c/Users/ama55id/Nextcloud/RNA_analyzer/rnaanalyzer/bin/tRNAscan-SE/

## --------- ##
## Platform. ##
## --------- ##

hostname = wbbiad010
uname -m = x86_64
uname -r = 5.15.153.1-microsoft-standard-WSL2
uname -s = Linux
uname -v = #1 SMP Fri Mar 29 23:14:13 UTC 2024

/usr/bin/uname -p = x86_64
/bin/uname -X     = unknown

/bin/arch              = x86_64
/usr/bin/arch -k       = unknown
/usr/convex/getsysinfo = unknown
/usr/bin/hostinfo      = unknown
/bin/machine           = unknown
/usr/bin/oslevel       = unknown
/bin/universe          = unknown

PATH: /home/ama55id/miniconda3/bin/
PATH: /home/ama55id/miniconda3/condabin/
PATH: /usr/local/sbin/
PATH: /usr/local/bin/
PATH: /usr/sbin/
PATH: /usr/bin/
PATH: /sbin/
PATH: /bin/
PATH: /usr/games/
PATH: /usr/local/games/
PATH: /usr/lib/wsl/lib/
PATH: /mnt/c/Program Files/Amazon Corretto/jdk17.0.10_7/bin/
PATH: /mnt/c/Applied Biosystems/StepOne Software v2.3/bin/
PATH: /mnt/c/Applied Biosystems/StepOne Software v2.3/eclipse/
PATH: /mnt/c/Applied Biosystems/StepOne Software v2.3/eclipse/plugins/com.apldbio.sds.experiment.genotyping_2.1.0/bin/
PATH: /mnt/c/Applied Biosystems/StepOne Software v2.3/eclipse/plugins/com.apldbio.sds.experiment.genotyping_2.1.0/bin/bin/win32/
PATH: /mnt/c/WINDOWS/system32/
PATH: /mnt/c/WINDOWS/
PATH: /mnt/c/WINDOWS/System32/Wbem/
PATH: /mnt/c/WINDOWS/System32/WindowsPowerShell/v1.0/
PATH: /mnt/c/WINDOWS/System32/OpenSSH/
PATH: /mnt/c/Program Files/Microsoft VS Code/bin/
PATH: /mnt/c/Program Files/TreeViewer/
PATH: /mnt/c/Strawberry/c/bin/
PATH: /mnt/c/Strawberry/perl/site/bin/
PATH: /mnt/c/Strawberry/perl/bin/
PATH: /mnt/c/Program Files/Geneious Prime/
PATH: /mnt/c/Users/ama55id/AppData/Local/Microsoft/WindowsApps/
PATH: /mnt/c/Users/ama55id/AppData/Local/Programs/Git/cmd/
PATH: /snap/bin/


## ----------- ##
## Core tests. ##
## ----------- ##

configure:2525: looking for aux files: install-sh config.guess config.sub
configure:2538:  trying ./
configure:2549:   ./install-sh found
configure:2567:   ./config.guess found
configure:2567:   ./config.sub found
configure:2678: Configuring Infernal for your system.
configure:2821: checking build system type
configure:2836: result: x86_64-pc-linux-gnu
configure:2856: checking host system type
configure:2870: result: x86_64-pc-linux-gnu
configure:3081: checking whether to compile using MPI
configure:3088: result: no
configure:3260: checking for gcc
configure:3281: found /usr/bin/gcc
configure:3292: result: gcc
configure:3645: checking for C compiler version
configure:3654: gcc --version >&5
gcc (Ubuntu 9.4.0-1ubuntu1~20.04.2) 9.4.0
Copyright (C) 2019 Free Software Foundation, Inc.
This is free software; see the source for copying conditions.  There is NO
warranty; not even for MERCHANTABILITY or FITNESS FOR A PARTICULAR PURPOSE.

configure:3665: $? = 0
configure:3654: gcc -v >&5
Using built-in specs.
COLLECT_GCC=gcc
COLLECT_LTO_WRAPPER=/usr/lib/gcc/x86_64-linux-gnu/9/lto-wrapper
OFFLOAD_TARGET_NAMES=nvptx-none:hsa
OFFLOAD_TARGET_DEFAULT=1
Target: x86_64-linux-gnu
Configured with: ../src/configure -v --with-pkgversion='Ubuntu 9.4.0-1ubuntu1~20.04.2' --with-bugurl=file:///usr/share/doc/gcc-9/README.Bugs --enable-languages=c,ada,c++,go,brig,d,fortran,objc,obj-c++,gm2 --prefix=/usr --with-gcc-major-version-only --program-suffix=-9 --program-prefix=x86_64-linux-gnu- --enable-shared --enable-linker-build-id --libexecdir=/usr/lib --without-included-gettext --enable-threads=posix --libdir=/usr/lib --enable-nls --enable-clocale=gnu --enable-libstdcxx-debug --enable-libstdcxx-time=yes --with-default-libstdcxx-abi=new --enable-gnu-unique-object --disable-vtable-verify --enable-plugin --enable-default-pie --with-system-zlib --with-target-system-zlib=auto --enable-objc-gc=auto --enable-multiarch --disable-werror --with-arch-32=i686 --with-abi=m64 --with-multilib-list=m32,m64,mx32 --enable-multilib --with-tune=generic --enable-offload-targets=nvptx-none=/build/gcc-9-9QDOt0/gcc-9-9.4.0/debian/tmp-nvptx/usr,hsa --without-cuda-driver --enable-checking=release --build=x86_64-linux-gnu --host=x86_64-linux-gnu --target=x86_64-linux-gnu
Thread model: posix
gcc version 9.4.0 (Ubuntu 9.4.0-1ubuntu1~20.04.2) 
configure:3665: $? = 0
configure:3654: gcc -V >&5
gcc: error: unrecognized command line option '-V'
gcc: fatal error: no input files
compilation terminated.
configure:3665: $? = 1
configure:3654: gcc -qversion >&5
gcc: error: unrecognized command line option '-qversion'; did you mean '--version'?
gcc: fatal error: no input files
compilation terminated.
configure:3665: $? = 1
configure:3654: gcc -version >&5
gcc: error: unrecognized command line option '-version'
gcc: fatal error: no input files
compilation terminated.
configure:3665: $? = 1
configure:3685: checking whether the C compiler works
configure:3707: gcc    conftest.c  >&5
configure:3711: $? = 0
configure:3761: result: yes
configure:3764: checking for C compiler default output file name
configure:3766: result: a.out
configure:3772: checking for suffix of executables
configure:3779: gcc -o conftest    conftest.c  >&5
configure:3783: $? = 0
configure:3806: result: 
configure:3828: checking whether we are cross compiling
configure:3836: gcc -o conftest    conftest.c  >&5
configure:3840: $? = 0
configure:3847: ./conftest
configure:3851: $? = 0
configure:3839: result: no
configure:3844: checking for suffix of object files
configure:3867: gcc -c   conftest.c >&5
configure:3871: $? = 0
configure:3893: result: o
configure:3897: checking whether the compiler supports GNU C
configure:3917: gcc -c   conftest.c >&5
configure:3917: $? = 0
configure:3927: result: yes
configure:3938: checking whether gcc accepts -g
configure:3959: gcc -c -g  conftest.c >&5
configure:3959: $? = 0
configure:4003: result: yes
configure:4023: checking for gcc option to enable C11 features
configure:4038: gcc  -c   conftest.c >&5
configure:4038: $? = 0
configure:4056: result: none needed
configure:4350: checking for gcc
configure:4382: result: gcc
configure:4735: checking for C compiler version
configure:4744: gcc --version >&5
gcc (Ubuntu 9.4.0-1ubuntu1~20.04.2) 9.4.0
Copyright (C) 2019 Free Software Foundation, Inc.
This is free software; see the source for copying conditions.  There is NO
warranty; not even for MERCHANTABILITY or FITNESS FOR A PARTICULAR PURPOSE.

configure:4755: $? = 0
configure:4744: gcc -v >&5
Using built-in specs.
COLLECT_GCC=gcc
COLLECT_LTO_WRAPPER=/usr/lib/gcc/x86_64-linux-gnu/9/lto-wrapper
OFFLOAD_TARGET_NAMES=nvptx-none:hsa
OFFLOAD_TARGET_DEFAULT=1
Target: x86_64-linux-gnu
Configured with: ../src/configure -v --with-pkgversion='Ubuntu 9.4.0-1ubuntu1~20.04.2' --with-bugurl=file:///usr/share/doc/gcc-9/README.Bugs --enable-languages=c,ada,c++,go,brig,d,fortran,objc,obj-c++,gm2 --prefix=/usr --with-gcc-major-version-only --program-suffix=-9 --program-prefix=x86_64-linux-gnu- --enable-shared --enable-linker-build-id --libexecdir=/usr/lib --without-included-gettext --enable-threads=posix --libdir=/usr/lib --enable-nls --enable-clocale=gnu --enable-libstdcxx-debug --enable-libstdcxx-time=yes --with-default-libstdcxx-abi=new --enable-gnu-unique-object --disable-vtable-verify --enable-plugin --enable-default-pie --with-system-zlib --with-target-system-zlib=auto --enable-objc-gc=auto --enable-multiarch --disable-werror --with-arch-32=i686 --with-abi=m64 --with-multilib-list=m32,m64,mx32 --enable-multilib --with-tune=generic --enable-offload-targets=nvptx-none=/build/gcc-9-9QDOt0/gcc-9-9.4.0/debian/tmp-nvptx/usr,hsa --without-cuda-driver --enable-checking=release --build=x86_64-linux-gnu --host=x86_64-linux-gnu --target=x86_64-linux-gnu
Thread model: posix
gcc version 9.4.0 (Ubuntu 9.4.0-1ubuntu1~20.04.2) 
configure:4755: $? = 0
configure:4744: gcc -V >&5
gcc: error: unrecognized command line option '-V'
gcc: fatal error: no input files
compilation terminated.
configure:4755: $? = 1
configure:4744: gcc -qversion >&5
gcc: error: unrecognized command line option '-qversion'; did you mean '--version'?
gcc: fatal error: no input files
compilation terminated.
configure:4755: $? = 1
configure:4744: gcc -version >&5
gcc: error: unrecognized command line option '-version'
gcc: fatal error: no input files
compilation terminated.
configure:4755: $? = 1
configure:4759: checking whether the compiler supports GNU C
configure:4789: result: yes
configure:4800: checking whether gcc accepts -g
configure:4865: result: yes
configure:4885: checking for gcc option to enable C11 features
configure:4918: result: none needed
configure:5033: checking how to run the C preprocessor
configure:5059: gcc -E  conftest.c
configure:5059: $? = 0
configure:5074: gcc -E  conftest.c
conftest.c:25:10: fatal error: ac_nonexistent.h: No such file or directory
   25 | #include <ac_nonexistent.h>
      |          ^~~~~~~~~~~~~~~~~~
compilation terminated.
configure:5074: $? = 1
configure: failed program was:
| /* confdefs.h */
| #define PACKAGE_NAME "Infernal"
| #define PACKAGE_TARNAME "infernal"
| #define PACKAGE_VERSION "1.1.5"
| #define PACKAGE_STRING "Infernal 1.1.5"
| #define PACKAGE_BUGREPORT "eric.nawrocki@nih.gov"
| #define PACKAGE_URL ""
| #define INFERNAL_DATE "Sep 2023"
| #define INFERNAL_COPYRIGHT "Copyright (C) 2023 Howard Hughes Medical Institute."
| #define INFERNAL_LICENSE "Freely distributed under the BSD open source license."
| #define INFERNAL_VERSION "1.1.5"
| #define INFERNAL_URL "http://eddylab.org/infernal/"
| #define HMMER_DATE "Aug 2023"
| #define HMMER_COPYRIGHT "Copyright (C) 2023 Howard Hughes Medical Institute."
| #define HMMER_LICENSE "Freely distributed under the BSD open source license."
| #define HMMER_VERSION "3.4"
| #define HMMER_URL "http://hmmer.org/"
| #define EASEL_DATE "Aug 2023"
| #define EASEL_COPYRIGHT "Copyright (C) 2023 Howard Hughes Medical Institute."
| #define EASEL_LICENSE "Freely distributed under the BSD open source license."
| #define EASEL_VERSION "0.49"
| #define EASEL_URL "http://bioeasel.org/"
| #define eslDEBUGLEVEL 0
| /* end confdefs.h.  */
| #include <ac_nonexistent.h>
configure:5101: result: gcc -E
configure:5115: gcc -E  conftest.c
configure:5115: $? = 0
configure:5130: gcc -E  conftest.c
conftest.c:25:10: fatal error: ac_nonexistent.h: No such file or directory
   25 | #include <ac_nonexistent.h>
      |          ^~~~~~~~~~~~~~~~~~
compilation terminated.
configure:5130: $? = 1
configure: failed program was:
| /* confdefs.h */
| #define PACKAGE_NAME "Infernal"
| #define PACKAGE_TARNAME "infernal"
| #define PACKAGE_VERSION "1.1.5"
| #define PACKAGE_STRING "Infernal 1.1.5"
| #define PACKAGE_BUGREPORT "eric.nawrocki@nih.gov"
| #define PACKAGE_URL ""
| #define INFERNAL_DATE "Sep 2023"
| #define INFERNAL_COPYRIGHT "Copyright (C) 2023 Howard Hughes Medical Institute."
| #define INFERNAL_LICENSE "Freely distributed under the BSD open source license."
| #define INFERNAL_VERSION "1.1.5"
| #define INFERNAL_URL "http://eddylab.org/infernal/"
| #define HMMER_DATE "Aug 2023"
| #define HMMER_COPYRIGHT "Copyright (C) 2023 Howard Hughes Medical Institute."
| #define HMMER_LICENSE "Freely distributed under the BSD open source license."
| #define HMMER_VERSION "3.4"
| #define HMMER_URL "http://hmmer.org/"
| #define EASEL_DATE "Aug 2023"
| #define EASEL_COPYRIGHT "Copyright (C) 2023 Howard Hughes Medical Institute."
| #define EASEL_LICENSE "Freely distributed under the BSD open source license."
| #define EASEL_VERSION "0.49"
| #define EASEL_URL "http://bioeasel.org/"
| #define eslDEBUGLEVEL 0
| /* end confdefs.h.  */
| #include <ac_nonexistent.h>
configure:5175: checking for a BSD-compatible install
configure:5248: result: /usr/bin/install -c
configure:5307: checking for strip
configure:5328: found /usr/bin/strip
configure:5339: result: strip
configure:5409: checking for ranlib
configure:5430: found /usr/bin/ranlib
configure:5441: result: ranlib
configure:5465: checking for ar
configure:5489: found /usr/bin/ar
configure:5502: result: /usr/bin/ar
configure:5510: checking whether ln -s works
configure:5514: result: yes
configure:5692: checking for a sed that does not truncate output
configure:5762: result: /usr/bin/sed
configure:5768: checking for grep that handles long lines and -e
configure:5832: result: /usr/bin/grep
configure:5837: checking for egrep
configure:5905: result: /usr/bin/grep -E
configure:6070: checking whether gcc is Clang
configure:6097: result: no
configure:6162: checking whether pthreads work with "-pthread" and "-lpthread"
configure:6273: gcc -o conftest -O3 -pthread   conftest.c -lpthread  >&5
configure:6273: $? = 0
configure:6283: result: yes
configure:6406: checking for joinable pthread attribute
configure:6425: gcc -o conftest -O3 -pthread   conftest.c -lpthread  >&5
configure:6425: $? = 0
configure:6434: result: PTHREAD_CREATE_JOINABLE
configure:6447: checking whether more special flags are required for pthreads
configure:6461: result: no
configure:6470: checking for PTHREAD_PRIO_INHERIT
configure:6488: gcc -o conftest -O3 -pthread   conftest.c -lpthread  >&5
configure:6488: $? = 0
configure:6498: result: yes
configure:6711: checking whether gcc can compile our NEON code
configure:6744: gcc -o conftest -O3   conftest.c  >&5
conftest.c:30:10: fatal error: arm_neon.h: No such file or directory
   30 | #include <arm_neon.h>
      |          ^~~~~~~~~~~~
compilation terminated.
configure:6744: $? = 1
configure: failed program was:
| /* confdefs.h */
| #define PACKAGE_NAME "Infernal"
| #define PACKAGE_TARNAME "infernal"
| #define PACKAGE_VERSION "1.1.5"
| #define PACKAGE_STRING "Infernal 1.1.5"
| #define PACKAGE_BUGREPORT "eric.nawrocki@nih.gov"
| #define PACKAGE_URL ""
| #define INFERNAL_DATE "Sep 2023"
| #define INFERNAL_COPYRIGHT "Copyright (C) 2023 Howard Hughes Medical Institute."
| #define INFERNAL_LICENSE "Freely distributed under the BSD open source license."
| #define INFERNAL_VERSION "1.1.5"
| #define INFERNAL_URL "http://eddylab.org/infernal/"
| #define HMMER_DATE "Aug 2023"
| #define HMMER_COPYRIGHT "Copyright (C) 2023 Howard Hughes Medical Institute."
| #define HMMER_LICENSE "Freely distributed under the BSD open source license."
| #define HMMER_VERSION "3.4"
| #define HMMER_URL "http://hmmer.org/"
| #define EASEL_DATE "Aug 2023"
| #define EASEL_COPYRIGHT "Copyright (C) 2023 Howard Hughes Medical Institute."
| #define EASEL_LICENSE "Freely distributed under the BSD open source license."
| #define EASEL_VERSION "0.49"
| #define EASEL_URL "http://bioeasel.org/"
| #define eslDEBUGLEVEL 0
| #define HAVE_PTHREAD_PRIO_INHERIT 1
| #define HAVE_PTHREAD 1
| #define HMMER_THREADS 1
| /* end confdefs.h.  */
| 
| #include <stdint.h>
| #include <arm_neon.h>
| int stub_neon(void) {
|   int32x4_t v1 = vdupq_n_s32(42);
|   int32x4_t v2 = vdupq_n_s32(86);
|   union { int32x4_t v; int32_t x[4]; } v3;
|   v3.v = vaddq_s32(v1, v2);
|   return (int) v3.x[0];
| }
| int main(void) { if (stub_neon() != 128) return 1; else return 0; }
| 
configure:6744: gcc -o conftest -O3 -mfpu=neon   conftest.c  >&5
gcc: error: unrecognized command line option '-mfpu=neon'
configure:6744: $? = 1
configure: failed program was:
| /* confdefs.h */
| #define PACKAGE_NAME "Infernal"
| #define PACKAGE_TARNAME "infernal"
| #define PACKAGE_VERSION "1.1.5"
| #define PACKAGE_STRING "Infernal 1.1.5"
| #define PACKAGE_BUGREPORT "eric.nawrocki@nih.gov"
| #define PACKAGE_URL ""
| #define INFERNAL_DATE "Sep 2023"
| #define INFERNAL_COPYRIGHT "Copyright (C) 2023 Howard Hughes Medical Institute."
| #define INFERNAL_LICENSE "Freely distributed under the BSD open source license."
| #define INFERNAL_VERSION "1.1.5"
| #define INFERNAL_URL "http://eddylab.org/infernal/"
| #define HMMER_DATE "Aug 2023"
| #define HMMER_COPYRIGHT "Copyright (C) 2023 Howard Hughes Medical Institute."
| #define HMMER_LICENSE "Freely distributed under the BSD open source license."
| #define HMMER_VERSION "3.4"
| #define HMMER_URL "http://hmmer.org/"
| #define EASEL_DATE "Aug 2023"
| #define EASEL_COPYRIGHT "Copyright (C) 2023 Howard Hughes Medical Institute."
| #define EASEL_LICENSE "Freely distributed under the BSD open source license."
| #define EASEL_VERSION "0.49"
| #define EASEL_URL "http://bioeasel.org/"
| #define eslDEBUGLEVEL 0
| #define HAVE_PTHREAD_PRIO_INHERIT 1
| #define HAVE_PTHREAD 1
| #define HMMER_THREADS 1
| /* end confdefs.h.  */
| 
| #include <stdint.h>
| #include <arm_neon.h>
| int stub_neon(void) {
|   int32x4_t v1 = vdupq_n_s32(42);
|   int32x4_t v2 = vdupq_n_s32(86);
|   union { int32x4_t v; int32_t x[4]; } v3;
|   v3.v = vaddq_s32(v1, v2);
|   return (int) v3.x[0];
| }
| int main(void) { if (stub_neon() != 128) return 1; else return 0; }
| 
configure:6772: gcc -o conftest -O3 -mfpu=neon   conftest.c  >&5
gcc: error: unrecognized command line option '-mfpu=neon'
configure:6772: $? = 1
configure: failed program was:
| /* confdefs.h */
| #define PACKAGE_NAME "Infernal"
| #define PACKAGE_TARNAME "infernal"
| #define PACKAGE_VERSION "1.1.5"
| #define PACKAGE_STRING "Infernal 1.1.5"
| #define PACKAGE_BUGREPORT "eric.nawrocki@nih.gov"
| #define PACKAGE_URL ""
| #define INFERNAL_DATE "Sep 2023"
| #define INFERNAL_COPYRIGHT "Copyright (C) 2023 Howard Hughes Medical Institute."
| #define INFERNAL_LICENSE "Freely distributed under the BSD open source license."
| #define INFERNAL_VERSION "1.1.5"
| #define INFERNAL_URL "http://eddylab.org/infernal/"
| #define HMMER_DATE "Aug 2023"
| #define HMMER_COPYRIGHT "Copyright (C) 2023 Howard Hughes Medical Institute."
| #define HMMER_LICENSE "Freely distributed under the BSD open source license."
| #define HMMER_VERSION "3.4"
| #define HMMER_URL "http://hmmer.org/"
| #define EASEL_DATE "Aug 2023"
| #define EASEL_COPYRIGHT "Copyright (C) 2023 Howard Hughes Medical Institute."
| #define EASEL_LICENSE "Freely distributed under the BSD open source license."
| #define EASEL_VERSION "0.49"
| #define EASEL_URL "http://bioeasel.org/"
| #define eslDEBUGLEVEL 0
| #define HAVE_PTHREAD_PRIO_INHERIT 1
| #define HAVE_PTHREAD 1
| #define HMMER_THREADS 1
| /* end confdefs.h.  */
| 
| #include <stdint.h>
| #include <arm_neon.h>
| int main(void) {
|   int16x8_t   a1 = { 1, 2, 8, 3, 4, 5, 6, 7 };
|   int16_t     r1 = vmaxvq_s16(a1); // = 8 : horizontal max
|   uint8x16_t  a2 = { 1, 2, 16, 3, 4, 5, 6, 7, 8, 9, 10, 11, 12, 13, 14, 15 };
|   uint8_t     r2 = vmaxvq_u8(a2);  // = 16 : horizontal max
|   float32x4_t a3 = { 1.0, 2.0, 3.0, 4.0 };
|   float       r3 = vaddvq_f32(a3); // = 10.0 : horizontal sum
|   return 0;
| }
| 
configure:6781: result: no
configure:6842: checking whether gcc can compile our Altivec/VMX code
configure:6874: gcc -o conftest -O3   conftest.c  >&5
conftest.c:29:10: fatal error: altivec.h: No such file or directory
   29 | #include <altivec.h>
      |          ^~~~~~~~~~~
compilation terminated.
configure:6874: $? = 1
configure: failed program was:
| /* confdefs.h */
| #define PACKAGE_NAME "Infernal"
| #define PACKAGE_TARNAME "infernal"
| #define PACKAGE_VERSION "1.1.5"
| #define PACKAGE_STRING "Infernal 1.1.5"
| #define PACKAGE_BUGREPORT "eric.nawrocki@nih.gov"
| #define PACKAGE_URL ""
| #define INFERNAL_DATE "Sep 2023"
| #define INFERNAL_COPYRIGHT "Copyright (C) 2023 Howard Hughes Medical Institute."
| #define INFERNAL_LICENSE "Freely distributed under the BSD open source license."
| #define INFERNAL_VERSION "1.1.5"
| #define INFERNAL_URL "http://eddylab.org/infernal/"
| #define HMMER_DATE "Aug 2023"
| #define HMMER_COPYRIGHT "Copyright (C) 2023 Howard Hughes Medical Institute."
| #define HMMER_LICENSE "Freely distributed under the BSD open source license."
| #define HMMER_VERSION "3.4"
| #define HMMER_URL "http://hmmer.org/"
| #define EASEL_DATE "Aug 2023"
| #define EASEL_COPYRIGHT "Copyright (C) 2023 Howard Hughes Medical Institute."
| #define EASEL_LICENSE "Freely distributed under the BSD open source license."
| #define EASEL_VERSION "0.49"
| #define EASEL_URL "http://bioeasel.org/"
| #define eslDEBUGLEVEL 0
| #define HAVE_PTHREAD_PRIO_INHERIT 1
| #define HAVE_PTHREAD 1
| #define HMMER_THREADS 1
| /* end confdefs.h.  */
| 
| #include <altivec.h>
| #include <stdint.h>
| int stub_vmx(void) {
| vector signed int v1,v2;
| union { vector signed int v; int32_t x[4]; } v3;
| v1   = vec_splat_s32(6);
| v2   = vec_splat_s32(12);
| v3.v = vec_add(v1,v2);
| return (int) v3.x[0];}
| int main(void) { if (stub_vmx() != 18) return 1; else return 0; }
| 
configure:6874: gcc -o conftest -O3 -maltivec   conftest.c  >&5
gcc: error: unrecognized command line option '-maltivec'
configure:6874: $? = 1
configure: failed program was:
| /* confdefs.h */
| #define PACKAGE_NAME "Infernal"
| #define PACKAGE_TARNAME "infernal"
| #define PACKAGE_VERSION "1.1.5"
| #define PACKAGE_STRING "Infernal 1.1.5"
| #define PACKAGE_BUGREPORT "eric.nawrocki@nih.gov"
| #define PACKAGE_URL ""
| #define INFERNAL_DATE "Sep 2023"
| #define INFERNAL_COPYRIGHT "Copyright (C) 2023 Howard Hughes Medical Institute."
| #define INFERNAL_LICENSE "Freely distributed under the BSD open source license."
| #define INFERNAL_VERSION "1.1.5"
| #define INFERNAL_URL "http://eddylab.org/infernal/"
| #define HMMER_DATE "Aug 2023"
| #define HMMER_COPYRIGHT "Copyright (C) 2023 Howard Hughes Medical Institute."
| #define HMMER_LICENSE "Freely distributed under the BSD open source license."
| #define HMMER_VERSION "3.4"
| #define HMMER_URL "http://hmmer.org/"
| #define EASEL_DATE "Aug 2023"
| #define EASEL_COPYRIGHT "Copyright (C) 2023 Howard Hughes Medical Institute."
| #define EASEL_LICENSE "Freely distributed under the BSD open source license."
| #define EASEL_VERSION "0.49"
| #define EASEL_URL "http://bioeasel.org/"
| #define eslDEBUGLEVEL 0
| #define HAVE_PTHREAD_PRIO_INHERIT 1
| #define HAVE_PTHREAD 1
| #define HMMER_THREADS 1
| /* end confdefs.h.  */
| 
| #include <altivec.h>
| #include <stdint.h>
| int stub_vmx(void) {
| vector signed int v1,v2;
| union { vector signed int v; int32_t x[4]; } v3;
| v1   = vec_splat_s32(6);
| v2   = vec_splat_s32(12);
| v3.v = vec_add(v1,v2);
| return (int) v3.x[0];}
| int main(void) { if (stub_vmx() != 18) return 1; else return 0; }
| 
configure:6874: gcc -o conftest -O3 -faltivec   conftest.c  >&5
gcc: error: unrecognized command line option '-faltivec'
configure:6874: $? = 1
configure: failed program was:
| /* confdefs.h */
| #define PACKAGE_NAME "Infernal"
| #define PACKAGE_TARNAME "infernal"
| #define PACKAGE_VERSION "1.1.5"
| #define PACKAGE_STRING "Infernal 1.1.5"
| #define PACKAGE_BUGREPORT "eric.nawrocki@nih.gov"
| #define PACKAGE_URL ""
| #define INFERNAL_DATE "Sep 2023"
| #define INFERNAL_COPYRIGHT "Copyright (C) 2023 Howard Hughes Medical Institute."
| #define INFERNAL_LICENSE "Freely distributed under the BSD open source license."
| #define INFERNAL_VERSION "1.1.5"
| #define INFERNAL_URL "http://eddylab.org/infernal/"
| #define HMMER_DATE "Aug 2023"
| #define HMMER_COPYRIGHT "Copyright (C) 2023 Howard Hughes Medical Institute."
| #define HMMER_LICENSE "Freely distributed under the BSD open source license."
| #define HMMER_VERSION "3.4"
| #define HMMER_URL "http://hmmer.org/"
| #define EASEL_DATE "Aug 2023"
| #define EASEL_COPYRIGHT "Copyright (C) 2023 Howard Hughes Medical Institute."
| #define EASEL_LICENSE "Freely distributed under the BSD open source license."
| #define EASEL_VERSION "0.49"
| #define EASEL_URL "http://bioeasel.org/"
| #define eslDEBUGLEVEL 0
| #define HAVE_PTHREAD_PRIO_INHERIT 1
| #define HAVE_PTHREAD 1
| #define HMMER_THREADS 1
| /* end confdefs.h.  */
| 
| #include <altivec.h>
| #include <stdint.h>
| int stub_vmx(void) {
| vector signed int v1,v2;
| union { vector signed int v; int32_t x[4]; } v3;
| v1   = vec_splat_s32(6);
| v2   = vec_splat_s32(12);
| v3.v = vec_add(v1,v2);
| return (int) v3.x[0];}
| int main(void) { if (stub_vmx() != 18) return 1; else return 0; }
| 
configure:6884: result: no
configure:6928: checking whether gcc can compile our SSE code
configure:6960: gcc -o conftest -O3   conftest.c  >&5
configure:6960: $? = 0
configure:6975: result: yes
configure:7017: Activating Intel/AMD SSE vector DP implementation
configure:7051: checking whether _MM_SET_FLUSH_ZERO_MODE is supported
configure:7067: gcc -c -O3   conftest.c >&5
configure:7067: $? = 0
configure:7069: result: yes
configure:7088: checking compiler support --start-group
configure:7103: gcc -o conftest -O3  -Wl,--start-group -Wl,--end-group  conftest.c  >&5
configure:7103: $? = 0
configure:7105: result: yes
configure:7127: checking for gzip
configure:7150: found /usr/bin/gzip
configure:7163: result: /usr/bin/gzip
configure:7187: checking for python3
configure:7208: found /home/ama55id/miniconda3/bin/python3
configure:7219: result: yes
configure:7298: checking for library containing clock_gettime
configure:7328: gcc -o conftest -O3   conftest.c  >&5
configure:7328: $? = 0
configure:7348: result: none required
configure:7368: checking for stdio.h
configure:7368: gcc -c -O3  conftest.c >&5
configure:7368: $? = 0
configure:7368: result: yes
configure:7368: checking for stdlib.h
configure:7368: gcc -c -O3  conftest.c >&5
configure:7368: $? = 0
configure:7368: result: yes
configure:7368: checking for string.h
configure:7368: gcc -c -O3  conftest.c >&5
configure:7368: $? = 0
configure:7368: result: yes
configure:7368: checking for inttypes.h
configure:7368: gcc -c -O3  conftest.c >&5
configure:7368: $? = 0
configure:7368: result: yes
configure:7368: checking for stdint.h
configure:7368: gcc -c -O3  conftest.c >&5
configure:7368: $? = 0
configure:7368: result: yes
configure:7368: checking for strings.h
configure:7368: gcc -c -O3  conftest.c >&5
configure:7368: $? = 0
configure:7368: result: yes
configure:7368: checking for sys/stat.h
configure:7368: gcc -c -O3  conftest.c >&5
configure:7368: $? = 0
configure:7368: result: yes
configure:7368: checking for sys/types.h
configure:7368: gcc -c -O3  conftest.c >&5
configure:7368: $? = 0
configure:7368: result: yes
configure:7368: checking for unistd.h
configure:7368: gcc -c -O3  conftest.c >&5
configure:7368: $? = 0
configure:7368: result: yes
configure:7393: checking for endian.h
configure:7393: gcc -c -O3  conftest.c >&5
configure:7393: $? = 0
configure:7393: result: yes
configure:7399: checking for inttypes.h
configure:7399: result: yes
configure:7405: checking for stdint.h
configure:7405: result: yes
configure:7411: checking for unistd.h
configure:7411: result: yes
configure:7417: checking for sys/types.h
configure:7417: result: yes
configure:7423: checking for netinet/in.h
configure:7423: gcc -c -O3  conftest.c >&5
configure:7423: $? = 0
configure:7423: result: yes
configure:7434: checking for sys/param.h
configure:7434: gcc -c -O3  conftest.c >&5
configure:7434: $? = 0
configure:7434: result: yes
configure:7441: checking for sys/sysctl.h
configure:7441: gcc -c -O3  conftest.c >&5
In file included from conftest.c:53:
/usr/include/x86_64-linux-gnu/sys/sysctl.h:21:2: warning: #warning "The <sys/sysctl.h> header is deprecated and will be removed." [-Wcpp]
   21 | #warning "The <sys/sysctl.h> header is deprecated and will be removed."
      |  ^~~~~~~
configure:7441: $? = 0
configure:7441: result: yes
configure:7491: checking for uint8_t
configure:7491: gcc -c -O3  conftest.c >&5
configure:7491: $? = 0
configure:7491: result: yes
configure:7503: checking for uint16_t
configure:7503: gcc -c -O3  conftest.c >&5
configure:7503: $? = 0
configure:7503: result: yes
configure:7513: checking for uint32_t
configure:7513: gcc -c -O3  conftest.c >&5
configure:7513: $? = 0
configure:7513: result: yes
configure:7525: checking for uint64_t
configure:7525: gcc -c -O3  conftest.c >&5
configure:7525: $? = 0
configure:7525: result: yes
configure:7537: checking for off_t
configure:7537: gcc -c -O3  conftest.c >&5
configure:7537: $? = 0
configure:7537: gcc -c -O3  conftest.c >&5
conftest.c: In function 'main':
conftest.c:80:20: error: expected expression before ')' token
   80 | if (sizeof ((off_t)))
      |                    ^
configure:7537: $? = 1
configure: failed program was:
| /* confdefs.h */
| #define PACKAGE_NAME "Infernal"
| #define PACKAGE_TARNAME "infernal"
| #define PACKAGE_VERSION "1.1.5"
| #define PACKAGE_STRING "Infernal 1.1.5"
| #define PACKAGE_BUGREPORT "eric.nawrocki@nih.gov"
| #define PACKAGE_URL ""
| #define INFERNAL_DATE "Sep 2023"
| #define INFERNAL_COPYRIGHT "Copyright (C) 2023 Howard Hughes Medical Institute."
| #define INFERNAL_LICENSE "Freely distributed under the BSD open source license."
| #define INFERNAL_VERSION "1.1.5"
| #define INFERNAL_URL "http://eddylab.org/infernal/"
| #define HMMER_DATE "Aug 2023"
| #define HMMER_COPYRIGHT "Copyright (C) 2023 Howard Hughes Medical Institute."
| #define HMMER_LICENSE "Freely distributed under the BSD open source license."
| #define HMMER_VERSION "3.4"
| #define HMMER_URL "http://hmmer.org/"
| #define EASEL_DATE "Aug 2023"
| #define EASEL_COPYRIGHT "Copyright (C) 2023 Howard Hughes Medical Institute."
| #define EASEL_LICENSE "Freely distributed under the BSD open source license."
| #define EASEL_VERSION "0.49"
| #define EASEL_URL "http://bioeasel.org/"
| #define eslDEBUGLEVEL 0
| #define HAVE_PTHREAD_PRIO_INHERIT 1
| #define HAVE_PTHREAD 1
| #define HMMER_THREADS 1
| #define eslENABLE_SSE 1
| #define HAVE_FLUSH_ZERO_MODE 1
| #define HAVE_GZIP 1
| #define HAVE_STDIO_H 1
| #define HAVE_STDLIB_H 1
| #define HAVE_STRING_H 1
| #define HAVE_INTTYPES_H 1
| #define HAVE_STDINT_H 1
| #define HAVE_STRINGS_H 1
| #define HAVE_SYS_STAT_H 1
| #define HAVE_SYS_TYPES_H 1
| #define HAVE_UNISTD_H 1
| #define STDC_HEADERS 1
| #define HAVE_ENDIAN_H 1
| #define HAVE_INTTYPES_H 1
| #define HAVE_STDINT_H 1
| #define HAVE_UNISTD_H 1
| #define HAVE_SYS_TYPES_H 1
| #define HAVE_NETINET_IN_H 1
| #define HAVE_SYS_PARAM_H 1
| #define HAVE_SYS_SYSCTL_H 1
| /* end confdefs.h.  */
| #include <stddef.h>
| #ifdef HAVE_STDIO_H
| # include <stdio.h>
| #endif
| #ifdef HAVE_STDLIB_H
| # include <stdlib.h>
| #endif
| #ifdef HAVE_STRING_H
| # include <string.h>
| #endif
| #ifdef HAVE_INTTYPES_H
| # include <inttypes.h>
| #endif
| #ifdef HAVE_STDINT_H
| # include <stdint.h>
| #endif
| #ifdef HAVE_STRINGS_H
| # include <strings.h>
| #endif
| #ifdef HAVE_SYS_TYPES_H
| # include <sys/types.h>
| #endif
| #ifdef HAVE_SYS_STAT_H
| # include <sys/stat.h>
| #endif
| #ifdef HAVE_UNISTD_H
| # include <unistd.h>
| #endif
| int
| main (void)
| {
| if (sizeof ((off_t)))
| 	    return 0;
|   ;
|   return 0;
| }
configure:7537: result: yes
configure:7561: checking whether byte ordering is bigendian
configure:7577: gcc -c -O3  conftest.c >&5
conftest.c:50:9: error: unknown type name 'not'
   50 |         not a universal capable compiler
      |         ^~~
conftest.c:50:15: error: expected '=', ',', ';', 'asm' or '__attribute__' before 'universal'
   50 |         not a universal capable compiler
      |               ^~~~~~~~~
conftest.c:50:15: error: unknown type name 'universal'
configure:7577: $? = 1
configure: failed program was:
| /* confdefs.h */
| #define PACKAGE_NAME "Infernal"
| #define PACKAGE_TARNAME "infernal"
| #define PACKAGE_VERSION "1.1.5"
| #define PACKAGE_STRING "Infernal 1.1.5"
| #define PACKAGE_BUGREPORT "eric.nawrocki@nih.gov"
| #define PACKAGE_URL ""
| #define INFERNAL_DATE "Sep 2023"
| #define INFERNAL_COPYRIGHT "Copyright (C) 2023 Howard Hughes Medical Institute."
| #define INFERNAL_LICENSE "Freely distributed under the BSD open source license."
| #define INFERNAL_VERSION "1.1.5"
| #define INFERNAL_URL "http://eddylab.org/infernal/"
| #define HMMER_DATE "Aug 2023"
| #define HMMER_COPYRIGHT "Copyright (C) 2023 Howard Hughes Medical Institute."
| #define HMMER_LICENSE "Freely distributed under the BSD open source license."
| #define HMMER_VERSION "3.4"
| #define HMMER_URL "http://hmmer.org/"
| #define EASEL_DATE "Aug 2023"
| #define EASEL_COPYRIGHT "Copyright (C) 2023 Howard Hughes Medical Institute."
| #define EASEL_LICENSE "Freely distributed under the BSD open source license."
| #define EASEL_VERSION "0.49"
| #define EASEL_URL "http://bioeasel.org/"
| #define eslDEBUGLEVEL 0
| #define HAVE_PTHREAD_PRIO_INHERIT 1
| #define HAVE_PTHREAD 1
| #define HMMER_THREADS 1
| #define eslENABLE_SSE 1
| #define HAVE_FLUSH_ZERO_MODE 1
| #define HAVE_GZIP 1
| #define HAVE_STDIO_H 1
| #define HAVE_STDLIB_H 1
| #define HAVE_STRING_H 1
| #define HAVE_INTTYPES_H 1
| #define HAVE_STDINT_H 1
| #define HAVE_STRINGS_H 1
| #define HAVE_SYS_STAT_H 1
| #define HAVE_SYS_TYPES_H 1
| #define HAVE_UNISTD_H 1
| #define STDC_HEADERS 1
| #define HAVE_ENDIAN_H 1
| #define HAVE_INTTYPES_H 1
| #define HAVE_STDINT_H 1
| #define HAVE_UNISTD_H 1
| #define HAVE_SYS_TYPES_H 1
| #define HAVE_NETINET_IN_H 1
| #define HAVE_SYS_PARAM_H 1
| #define HAVE_SYS_SYSCTL_H 1
| /* end confdefs.h.  */
| #ifndef __APPLE_CC__
| 	       not a universal capable compiler
| 	     #endif
| 	     typedef int dummy;
| 
configure:7623: gcc -c -O3  conftest.c >&5
configure:7623: $? = 0
configure:7642: gcc -c -O3  conftest.c >&5
conftest.c: In function 'main':
conftest.c:56:4: error: unknown type name 'not'; did you mean 'ino_t'?
   56 |    not big endian
      |    ^~~
      |    ino_t
conftest.c:56:12: error: expected '=', ',', ';', 'asm' or '__attribute__' before 'endian'
   56 |    not big endian
      |            ^~~~~~
configure:7642: $? = 1
configure: failed program was:
| /* confdefs.h */
| #define PACKAGE_NAME "Infernal"
| #define PACKAGE_TARNAME "infernal"
| #define PACKAGE_VERSION "1.1.5"
| #define PACKAGE_STRING "Infernal 1.1.5"
| #define PACKAGE_BUGREPORT "eric.nawrocki@nih.gov"
| #define PACKAGE_URL ""
| #define INFERNAL_DATE "Sep 2023"
| #define INFERNAL_COPYRIGHT "Copyright (C) 2023 Howard Hughes Medical Institute."
| #define INFERNAL_LICENSE "Freely distributed under the BSD open source license."
| #define INFERNAL_VERSION "1.1.5"
| #define INFERNAL_URL "http://eddylab.org/infernal/"
| #define HMMER_DATE "Aug 2023"
| #define HMMER_COPYRIGHT "Copyright (C) 2023 Howard Hughes Medical Institute."
| #define HMMER_LICENSE "Freely distributed under the BSD open source license."
| #define HMMER_VERSION "3.4"
| #define HMMER_URL "http://hmmer.org/"
| #define EASEL_DATE "Aug 2023"
| #define EASEL_COPYRIGHT "Copyright (C) 2023 Howard Hughes Medical Institute."
| #define EASEL_LICENSE "Freely distributed under the BSD open source license."
| #define EASEL_VERSION "0.49"
| #define EASEL_URL "http://bioeasel.org/"
| #define eslDEBUGLEVEL 0
| #define HAVE_PTHREAD_PRIO_INHERIT 1
| #define HAVE_PTHREAD 1
| #define HMMER_THREADS 1
| #define eslENABLE_SSE 1
| #define HAVE_FLUSH_ZERO_MODE 1
| #define HAVE_GZIP 1
| #define HAVE_STDIO_H 1
| #define HAVE_STDLIB_H 1
| #define HAVE_STRING_H 1
| #define HAVE_INTTYPES_H 1
| #define HAVE_STDINT_H 1
| #define HAVE_STRINGS_H 1
| #define HAVE_SYS_STAT_H 1
| #define HAVE_SYS_TYPES_H 1
| #define HAVE_UNISTD_H 1
| #define STDC_HEADERS 1
| #define HAVE_ENDIAN_H 1
| #define HAVE_INTTYPES_H 1
| #define HAVE_STDINT_H 1
| #define HAVE_UNISTD_H 1
| #define HAVE_SYS_TYPES_H 1
| #define HAVE_NETINET_IN_H 1
| #define HAVE_SYS_PARAM_H 1
| #define HAVE_SYS_SYSCTL_H 1
| /* end confdefs.h.  */
| #include <sys/types.h>
| 		#include <sys/param.h>
| 
| int
| main (void)
| {
| #if BYTE_ORDER != BIG_ENDIAN
| 		 not big endian
| 		#endif
| 
|   ;
|   return 0;
| }
configure:7776: result: no
configure:7877: checking for __attribute__((noreturn))
configure:7899: gcc -o conftest -O3   conftest.c  >&5
configure:7899: $? = 0
configure:7914: result: yes
configure:7945: checking for __attribute__((format))
configure:7967: gcc -o conftest -O3   conftest.c  >&5
configure:7967: $? = 0
configure:7982: result: yes
configure:8000: checking for mkstemp
configure:8000: gcc -o conftest -O3   conftest.c  >&5
configure:8000: $? = 0
configure:8000: result: yes
configure:8007: checking for popen
configure:8007: gcc -o conftest -O3   conftest.c  >&5
configure:8007: $? = 0
configure:8007: result: yes
configure:8014: checking for putenv
configure:8014: gcc -o conftest -O3   conftest.c  >&5
configure:8014: $? = 0
configure:8014: result: yes
configure:8021: checking for strcasecmp
configure:8021: gcc -o conftest -O3   conftest.c  >&5
conftest.c:70:6: warning: conflicting types for built-in function 'strcasecmp'; expected 'int(const char *, const char *)' [-Wbuiltin-declaration-mismatch]
   70 | char strcasecmp ();
      |      ^~~~~~~~~~
configure:8021: $? = 0
configure:8021: result: yes
configure:8028: checking for strsep
configure:8028: gcc -o conftest -O3   conftest.c  >&5
configure:8028: $? = 0
configure:8028: result: yes
configure:8035: checking for times
configure:8035: gcc -o conftest -O3   conftest.c  >&5
configure:8035: $? = 0
configure:8035: result: yes
configure:8042: checking for getpid
configure:8042: gcc -o conftest -O3   conftest.c  >&5
configure:8042: $? = 0
configure:8042: result: yes
configure:8049: checking for sysctl
configure:8049: gcc -o conftest -O3   conftest.c  >&5
configure:8049: $? = 0
configure:8049: result: yes
configure:8056: checking for sysconf
configure:8056: gcc -o conftest -O3   conftest.c  >&5
configure:8056: $? = 0
configure:8056: result: yes
configure:8063: checking for getcwd
configure:8063: gcc -o conftest -O3   conftest.c  >&5
configure:8063: $? = 0
configure:8063: result: yes
configure:8070: checking for chmod
configure:8070: gcc -o conftest -O3   conftest.c  >&5
configure:8070: $? = 0
configure:8070: result: yes
configure:8077: checking for stat
configure:8077: gcc -o conftest -O3   conftest.c  >&5
configure:8077: $? = 0
configure:8077: result: yes
configure:8084: checking for fstat
configure:8084: gcc -o conftest -O3   conftest.c  >&5
configure:8084: $? = 0
configure:8084: result: yes
configure:8091: checking for erfc
configure:8091: gcc -o conftest -O3   conftest.c  >&5
conftest.c:80:6: warning: conflicting types for built-in function 'erfc'; expected 'double(double)' [-Wbuiltin-declaration-mismatch]
   80 | char erfc ();
      |      ^~~~
conftest.c:72:1: note: 'erfc' is declared in header '<math.h>'
   71 | #include <limits.h>
   72 | #undef erfc
/usr/bin/ld: /tmp/ccc3o1TS.o: in function `main':
conftest.c:(.text.startup+0xb): undefined reference to `erfc'
collect2: error: ld returned 1 exit status
configure:8091: $? = 1
configure: failed program was:
| /* confdefs.h */
| #define PACKAGE_NAME "Infernal"
| #define PACKAGE_TARNAME "infernal"
| #define PACKAGE_VERSION "1.1.5"
| #define PACKAGE_STRING "Infernal 1.1.5"
| #define PACKAGE_BUGREPORT "eric.nawrocki@nih.gov"
| #define PACKAGE_URL ""
| #define INFERNAL_DATE "Sep 2023"
| #define INFERNAL_COPYRIGHT "Copyright (C) 2023 Howard Hughes Medical Institute."
| #define INFERNAL_LICENSE "Freely distributed under the BSD open source license."
| #define INFERNAL_VERSION "1.1.5"
| #define INFERNAL_URL "http://eddylab.org/infernal/"
| #define HMMER_DATE "Aug 2023"
| #define HMMER_COPYRIGHT "Copyright (C) 2023 Howard Hughes Medical Institute."
| #define HMMER_LICENSE "Freely distributed under the BSD open source license."
| #define HMMER_VERSION "3.4"
| #define HMMER_URL "http://hmmer.org/"
| #define EASEL_DATE "Aug 2023"
| #define EASEL_COPYRIGHT "Copyright (C) 2023 Howard Hughes Medical Institute."
| #define EASEL_LICENSE "Freely distributed under the BSD open source license."
| #define EASEL_VERSION "0.49"
| #define EASEL_URL "http://bioeasel.org/"
| #define eslDEBUGLEVEL 0
| #define HAVE_PTHREAD_PRIO_INHERIT 1
| #define HAVE_PTHREAD 1
| #define HMMER_THREADS 1
| #define eslENABLE_SSE 1
| #define HAVE_FLUSH_ZERO_MODE 1
| #define HAVE_GZIP 1
| #define HAVE_STDIO_H 1
| #define HAVE_STDLIB_H 1
| #define HAVE_STRING_H 1
| #define HAVE_INTTYPES_H 1
| #define HAVE_STDINT_H 1
| #define HAVE_STRINGS_H 1
| #define HAVE_SYS_STAT_H 1
| #define HAVE_SYS_TYPES_H 1
| #define HAVE_UNISTD_H 1
| #define STDC_HEADERS 1
| #define HAVE_ENDIAN_H 1
| #define HAVE_INTTYPES_H 1
| #define HAVE_STDINT_H 1
| #define HAVE_UNISTD_H 1
| #define HAVE_SYS_TYPES_H 1
| #define HAVE_NETINET_IN_H 1
| #define HAVE_SYS_PARAM_H 1
| #define HAVE_SYS_SYSCTL_H 1
| #define HAVE_FUNC_ATTRIBUTE_NORETURN 1
| #define HAVE_FUNC_ATTRIBUTE_FORMAT 1
| #define HAVE_MKSTEMP 1
| #define HAVE_POPEN 1
| #define HAVE_PUTENV 1
| #define HAVE_STRCASECMP 1
| #define HAVE_STRSEP 1
| #define HAVE_TIMES 1
| #define HAVE_GETPID 1
| #define HAVE_SYSCTL 1
| #define HAVE_SYSCONF 1
| #define HAVE_GETCWD 1
| #define HAVE_CHMOD 1
| #define HAVE_STAT 1
| #define HAVE_FSTAT 1
| /* end confdefs.h.  */
| /* Define erfc to an innocuous variant, in case <limits.h> declares erfc.
|    For example, HP-UX 11i <limits.h> declares gettimeofday.  */
| #define erfc innocuous_erfc
| 
| /* System header to define __stub macros and hopefully few prototypes,
|    which can conflict with char erfc (); below.  */
| 
| #include <limits.h>
| #undef erfc
| 
| /* Override any GCC internal prototype to avoid an error.
|    Use char because int might match the return type of a GCC
|    builtin and then its argument prototype would still apply.  */
| #ifdef __cplusplus
| extern "C"
| #endif
| char erfc ();
| /* The GNU C library defines this for functions which it implements
|     to always fail with ENOSYS.  Some functions are actually named
|     something starting with __ and the normal name is an alias.  */
| #if defined __stub_erfc || defined __stub___erfc
| choke me
| #endif
| 
| int
| main (void)
| {
| return erfc ();
|   ;
|   return 0;
| }
configure:8091: result: no
configure:8099: checking for library containing ntohs
configure:8129: gcc -o conftest -O3   conftest.c  >&5
configure:8129: $? = 0
configure:8149: result: none required
configure:8158: checking for library containing ntohl
configure:8188: gcc -o conftest -O3   conftest.c  >&5
configure:8188: $? = 0
configure:8208: result: none required
configure:8217: checking for library containing htons
configure:8247: gcc -o conftest -O3   conftest.c  >&5
configure:8247: $? = 0
configure:8267: result: none required
configure:8276: checking for library containing htonl
configure:8306: gcc -o conftest -O3   conftest.c  >&5
configure:8306: $? = 0
configure:8326: result: none required
configure:8335: checking for library containing socket
configure:8365: gcc -o conftest -O3   conftest.c  >&5
configure:8365: $? = 0
configure:8385: result: none required
configure:8394: checking for library containing inet_pton
configure:8424: gcc -o conftest -O3   conftest.c  >&5
configure:8424: $? = 0
configure:8444: result: none required
configure:8454: checking for _LARGEFILE_SOURCE value needed for large files
configure:8474: gcc -o conftest -O3   conftest.c  >&5
configure:8474: $? = 0
configure:8504: result: no
configure:8535: checking for special C compiler options needed for large files
configure:8583: result: no
configure:8589: checking for _FILE_OFFSET_BITS value needed for large files
configure:8615: gcc -c -O3  conftest.c >&5
configure:8615: $? = 0
configure:8649: result: no
configure:8901: creating ./config.status

## ---------------------- ##
## Running config.status. ##
## ---------------------- ##

This file was extended by Infernal config.status 1.1.5, which was
generated by GNU Autoconf 2.71.  Invocation command line was

  CONFIG_FILES    = 
  CONFIG_HEADERS  = 
  CONFIG_LINKS    = 
  CONFIG_COMMANDS = 
  $ ./config.status 

on wbbiad010

config.status:979: creating Makefile
config.status:979: creating src/Makefile
config.status:979: creating testsuite/Makefile
config.status:979: creating rmark/Makefile
config.status:979: creating documentation/Makefile
config.status:979: creating documentation/man/Makefile
config.status:979: creating documentation/userguide/Makefile
config.status:979: creating src/impl_sse/Makefile
config.status:979: creating documentation/userguide/titlepage.tex
config.status:979: creating documentation/userguide/copyright.tex
config.status:979: creating documentation/man/cmalign.man
config.status:979: creating documentation/man/cmbuild.man
config.status:979: creating documentation/man/cmcalibrate.man
config.status:979: creating documentation/man/cmconvert.man
config.status:979: creating documentation/man/cmemit.man
config.status:979: creating documentation/man/cmfetch.man
config.status:979: creating documentation/man/cmpress.man
config.status:979: creating documentation/man/cmscan.man
config.status:979: creating documentation/man/cmsearch.man
config.status:979: creating documentation/man/cmsearch_dual.man
config.status:979: creating documentation/man/cmstat.man
config.status:979: creating documentation/man/infernal.man
config.status:979: creating documentation/man/sse_cmsearch.man
config.status:979: creating hmmer/Makefile
config.status:979: creating hmmer/src/Makefile
config.status:979: creating hmmer/testsuite/Makefile
config.status:979: creating hmmer/profmark/Makefile
config.status:979: creating hmmer/src/impl_sse/Makefile
config.status:979: creating hmmer/documentation/Makefile
config.status:979: creating hmmer/documentation/man/Makefile
config.status:979: creating hmmer/documentation/userguide/Makefile
config.status:979: creating hmmer/documentation/userguide/inclusions/Makefile
config.status:979: creating hmmer/libdivsufsort/Makefile
config.status:979: creating easel/Makefile
config.status:979: creating easel/miniapps/Makefile
config.status:979: creating easel/testsuite/Makefile
config.status:979: creating easel/documentation/Makefile
config.status:979: creating hmmer/documentation/userguide/titlepage.tex
config.status:979: creating hmmer/documentation/userguide/titlepage_daemon.tex
config.status:979: creating hmmer/documentation/userguide/copyright.tex
config.status:979: creating hmmer/documentation/man/alimask.man
config.status:979: creating hmmer/documentation/man/hmmalign.man
config.status:979: creating hmmer/documentation/man/hmmbuild.man
config.status:979: creating hmmer/documentation/man/hmmc2.man
config.status:979: creating hmmer/documentation/man/hmmconvert.man
config.status:979: creating hmmer/documentation/man/hmmemit.man
config.status:979: creating hmmer/documentation/man/hmmer.man
config.status:979: creating hmmer/documentation/man/hmmfetch.man
config.status:979: creating hmmer/documentation/man/hmmlogo.man
config.status:979: creating hmmer/documentation/man/hmmpgmd.man
config.status:979: creating hmmer/documentation/man/hmmpgmd_shard.man
config.status:979: creating hmmer/documentation/man/hmmpress.man
config.status:979: creating hmmer/documentation/man/hmmscan.man
config.status:979: creating hmmer/documentation/man/hmmsearch.man
config.status:979: creating hmmer/documentation/man/hmmsim.man
config.status:979: creating hmmer/documentation/man/hmmstat.man
config.status:979: creating hmmer/documentation/man/jackhmmer.man
config.status:979: creating hmmer/documentation/man/makehmmerdb.man
config.status:979: creating hmmer/documentation/man/nhmmer.man
config.status:979: creating hmmer/documentation/man/nhmmscan.man
config.status:979: creating hmmer/documentation/man/phmmer.man
config.status:979: creating easel/miniapps/esl-afetch.man
config.status:979: creating easel/miniapps/esl-alimanip.man
config.status:979: creating easel/miniapps/esl-alimap.man
config.status:979: creating easel/miniapps/esl-alimask.man
config.status:979: creating easel/miniapps/esl-alimerge.man
config.status:979: creating easel/miniapps/esl-alipid.man
config.status:979: creating easel/miniapps/esl-alirev.man
config.status:979: creating easel/miniapps/esl-alistat.man
config.status:979: creating easel/miniapps/esl-compalign.man
config.status:979: creating easel/miniapps/esl-compstruct.man
config.status:979: creating easel/miniapps/esl-construct.man
config.status:979: creating easel/miniapps/esl-histplot.man
config.status:979: creating easel/miniapps/esl-mask.man
config.status:979: creating easel/miniapps/esl-mixdchlet.man
config.status:979: creating easel/miniapps/esl-reformat.man
config.status:979: creating easel/miniapps/esl-selectn.man
config.status:979: creating easel/miniapps/esl-seqrange.man
config.status:979: creating easel/miniapps/esl-seqstat.man
config.status:979: creating easel/miniapps/esl-sfetch.man
config.status:979: creating easel/miniapps/esl-shuffle.man
config.status:979: creating easel/miniapps/esl-ssdraw.man
config.status:979: creating easel/miniapps/esl-translate.man
config.status:979: creating easel/miniapps/esl-weight.man
config.status:979: creating easel/decoy_config.h
config.status:979: creating src/config.h
config.status:979: creating hmmer/src/p7_config.h
config.status:979: creating easel/esl_config.h
config.status:979: creating hmmer/libdivsufsort/divsufsort.h

## ---------------- ##
## Cache variables. ##
## ---------------- ##

ac_cv_build=x86_64-pc-linux-gnu
ac_cv_c_bigendian=no
ac_cv_c_compiler_gnu=yes
ac_cv_c_uint16_t=yes
ac_cv_c_uint32_t=yes
ac_cv_c_uint64_t=yes
ac_cv_c_uint8_t=yes
ac_cv_env_CC_set=
ac_cv_env_CC_value=
ac_cv_env_CFLAGS_set=
ac_cv_env_CFLAGS_value=
ac_cv_env_CPPFLAGS_set=
ac_cv_env_CPPFLAGS_value=
ac_cv_env_CPP_set=
ac_cv_env_CPP_value=
ac_cv_env_LDFLAGS_set=
ac_cv_env_LDFLAGS_value=
ac_cv_env_LIBS_set=
ac_cv_env_LIBS_value=
ac_cv_env_MPICC_set=
ac_cv_env_MPICC_value=
ac_cv_env_PIC_CFLAGS_set=
ac_cv_env_PIC_CFLAGS_value=
ac_cv_env_build_alias_set=
ac_cv_env_build_alias_value=
ac_cv_env_host_alias_set=
ac_cv_env_host_alias_value=
ac_cv_env_target_alias_set=
ac_cv_env_target_alias_value=
ac_cv_func_chmod=yes
ac_cv_func_erfc=no
ac_cv_func_fstat=yes
ac_cv_func_getcwd=yes
ac_cv_func_getpid=yes
ac_cv_func_mkstemp=yes
ac_cv_func_popen=yes
ac_cv_func_putenv=yes
ac_cv_func_stat=yes
ac_cv_func_strcasecmp=yes
ac_cv_func_strsep=yes
ac_cv_func_sysconf=yes
ac_cv_func_sysctl=yes
ac_cv_func_times=yes
ac_cv_header_endian_h=yes
ac_cv_header_inttypes_h=yes
ac_cv_header_netinet_in_h=yes
ac_cv_header_stdint_h=yes
ac_cv_header_stdio_h=yes
ac_cv_header_stdlib_h=yes
ac_cv_header_string_h=yes
ac_cv_header_strings_h=yes
ac_cv_header_sys_param_h=yes
ac_cv_header_sys_stat_h=yes
ac_cv_header_sys_sysctl_h=yes
ac_cv_header_sys_types_h=yes
ac_cv_header_unistd_h=yes
ac_cv_host=x86_64-pc-linux-gnu
ac_cv_objext=o
ac_cv_path_AR=/usr/bin/ar
ac_cv_path_EGREP='/usr/bin/grep -E'
ac_cv_path_GREP=/usr/bin/grep
ac_cv_path_HAVE_GZIP=/usr/bin/gzip
ac_cv_path_SED=/usr/bin/sed
ac_cv_path_install='/usr/bin/install -c'
ac_cv_prog_CPP='gcc -E'
ac_cv_prog_HAVE_PYTHON3=yes
ac_cv_prog_ac_ct_CC=gcc
ac_cv_prog_ac_ct_RANLIB=ranlib
ac_cv_prog_ac_ct_STRIP=strip
ac_cv_prog_cc_c11=
ac_cv_prog_cc_g=yes
ac_cv_prog_cc_stdc=
ac_cv_search_clock_gettime='none required'
ac_cv_search_htonl='none required'
ac_cv_search_htons='none required'
ac_cv_search_inet_pton='none required'
ac_cv_search_ntohl='none required'
ac_cv_search_ntohs='none required'
ac_cv_search_socket='none required'
ac_cv_sys_file_offset_bits=no
ac_cv_sys_largefile_CC=no
ac_cv_sys_largefile_source=no
ac_cv_type_off_t=yes
ax_cv_PTHREAD_CLANG=no
ax_cv_PTHREAD_JOINABLE_ATTR=PTHREAD_CREATE_JOINABLE
ax_cv_PTHREAD_PRIO_INHERIT=yes
ax_cv_PTHREAD_SPECIAL_FLAGS=no
ax_cv_have_func_attribute_format=yes
ax_cv_have_func_attribute_noreturn=yes

## ----------------- ##
## Output variables. ##
## ----------------- ##

AR='/usr/bin/ar'
AVX512_CFLAGS=''
AVX_CFLAGS=''
CC='gcc'
CFLAGS='-O3'
CPP='gcc -E'
CPPFLAGS=''
DEFS='-DHAVE_CONFIG_H'
EASEL_COPYRIGHT='Copyright (C) 2023 Howard Hughes Medical Institute.'
EASEL_DATE='Aug 2023'
EASEL_LICENSE='Freely distributed under the BSD open source license.'
EASEL_URL='http://bioeasel.org/'
EASEL_VERSION='0.49'
ECHO_C=''
ECHO_N='-n'
ECHO_T=''
EGREP='/usr/bin/grep -E'
EXEEXT=''
GREP='/usr/bin/grep'
GROUPHMMERLIBS='-Wl,--start-group -lhmmer -lhmmerimpl -Wl,--end-group'
HAVE_GZIP='/usr/bin/gzip'
HAVE_PYTHON3='yes'
HMMERIMPLLIB='impl_sse/libhmmerimpl.a'
HMMER_COPYRIGHT='Copyright (C) 2023 Howard Hughes Medical Institute.'
HMMER_DATE='Aug 2023'
HMMER_ESLDIR='../easel'
HMMER_LICENSE='Freely distributed under the BSD open source license.'
HMMER_SADIR='libdivsufsort'
HMMER_URL='http://hmmer.org/'
HMMER_VERSION='3.4'
IMPL_CHOICE='sse'
INFERNAL_COPYRIGHT='Copyright (C) 2023 Howard Hughes Medical Institute.'
INFERNAL_DATE='Sep 2023'
INFERNAL_ESLDIR='easel'
INFERNAL_HMMERDIR='hmmer'
INFERNAL_IMPLDIR='impl_sse'
INFERNAL_LICENSE='Freely distributed under the BSD open source license.'
INFERNAL_SADIR='hmmer/libdivsufsort'
INFERNAL_URL='http://eddylab.org/infernal/'
INFERNAL_VERSION='1.1.5'
INSTALL_DATA='${INSTALL} -m 644'
INSTALL_PROGRAM='${INSTALL}'
INSTALL_SCRIPT='${INSTALL}'
LDFLAGS=''
LIBGSL=''
LIBOBJS=''
LIBS=''
LN_S='ln -s'
LTLIBOBJS=''
MPICC=''
MPI_BENCHMARKS=''
MPI_UTESTS=''
NEON_CFLAGS=''
OBJEXT='o'
PACKAGE_BUGREPORT='eric.nawrocki@nih.gov'
PACKAGE_NAME='Infernal'
PACKAGE_STRING='Infernal 1.1.5'
PACKAGE_TARNAME='infernal'
PACKAGE_URL=''
PACKAGE_VERSION='1.1.5'
PATH_SEPARATOR=':'
PIC_CFLAGS=''
PTHREAD_CC='gcc'
PTHREAD_CFLAGS='-pthread'
PTHREAD_CXX=''
PTHREAD_LIBS='-lpthread'
RANLIB='ranlib'
SED='/usr/bin/sed'
SHELL='/bin/bash'
SSE4_CFLAGS=''
SSE_CFLAGS=''
STRIP='strip'
VMX_CFLAGS=''
ac_ct_CC='gcc'
ax_pthread_config=''
bindir='${exec_prefix}/bin'
build='x86_64-pc-linux-gnu'
build_alias=''
build_cpu='x86_64'
build_os='linux-gnu'
build_vendor='pc'
datadir='${datarootdir}'
datarootdir='${prefix}/share'
docdir='${datarootdir}/doc/${PACKAGE_TARNAME}'
dvidir='${docdir}'
exec_prefix='${prefix}'
host='x86_64-pc-linux-gnu'
host_alias=''
host_cpu='x86_64'
host_os='linux-gnu'
host_vendor='pc'
htmldir='${docdir}'
includedir='${prefix}/include'
infodir='${datarootdir}/info'
libdir='${exec_prefix}/lib'
libexecdir='${exec_prefix}/libexec'
localedir='${datarootdir}/locale'
localstatedir='${prefix}/var'
mandir='${datarootdir}/man'
oldincludedir='/usr/include'
pdfdir='${docdir}'
prefix='/mnt/c/Users/ama55id/Nextcloud/RNA_analyzer/rnaanalyzer/bin/tRNAscan-SE'
program_transform_name='s,x,x,'
psdir='${docdir}'
runstatedir='${localstatedir}/run'
sbindir='${exec_prefix}/sbin'
sharedstatedir='${prefix}/com'
sysconfdir='${prefix}/etc'
target_alias=''

## ----------- ##
## confdefs.h. ##
## ----------- ##

/* confdefs.h */
#define PACKAGE_NAME "Infernal"
#define PACKAGE_TARNAME "infernal"
#define PACKAGE_VERSION "1.1.5"
#define PACKAGE_STRING "Infernal 1.1.5"
#define PACKAGE_BUGREPORT "eric.nawrocki@nih.gov"
#define PACKAGE_URL ""
#define INFERNAL_DATE "Sep 2023"
#define INFERNAL_COPYRIGHT "Copyright (C) 2023 Howard Hughes Medical Institute."
#define INFERNAL_LICENSE "Freely distributed under the BSD open source license."
#define INFERNAL_VERSION "1.1.5"
#define INFERNAL_URL "http://eddylab.org/infernal/"
#define HMMER_DATE "Aug 2023"
#define HMMER_COPYRIGHT "Copyright (C) 2023 Howard Hughes Medical Institute."
#define HMMER_LICENSE "Freely distributed under the BSD open source license."
#define HMMER_VERSION "3.4"
#define HMMER_URL "http://hmmer.org/"
#define EASEL_DATE "Aug 2023"
#define EASEL_COPYRIGHT "Copyright (C) 2023 Howard Hughes Medical Institute."
#define EASEL_LICENSE "Freely distributed under the BSD open source license."
#define EASEL_VERSION "0.49"
#define EASEL_URL "http://bioeasel.org/"
#define eslDEBUGLEVEL 0
#define HAVE_PTHREAD_PRIO_INHERIT 1
#define HAVE_PTHREAD 1
#define HMMER_THREADS 1
#define eslENABLE_SSE 1
#define HAVE_FLUSH_ZERO_MODE 1
#define HAVE_GZIP 1
#define HAVE_STDIO_H 1
#define HAVE_STDLIB_H 1
#define HAVE_STRING_H 1
#define HAVE_INTTYPES_H 1
#define HAVE_STDINT_H 1
#define HAVE_STRINGS_H 1
#define HAVE_SYS_STAT_H 1
#define HAVE_SYS_TYPES_H 1
#define HAVE_UNISTD_H 1
#define STDC_HEADERS 1
#define HAVE_ENDIAN_H 1
#define HAVE_INTTYPES_H 1
#define HAVE_STDINT_H 1
#define HAVE_UNISTD_H 1
#define HAVE_SYS_TYPES_H 1
#define HAVE_NETINET_IN_H 1
#define HAVE_SYS_PARAM_H 1
#define HAVE_SYS_SYSCTL_H 1
#define HAVE_FUNC_ATTRIBUTE_NORETURN 1
#define HAVE_FUNC_ATTRIBUTE_FORMAT 1
#define HAVE_MKSTEMP 1
#define HAVE_POPEN 1
#define HAVE_PUTENV 1
#define HAVE_STRCASECMP 1
#define HAVE_STRSEP 1
#define HAVE_TIMES 1
#define HAVE_GETPID 1
#define HAVE_SYSCTL 1
#define HAVE_SYSCONF 1
#define HAVE_GETCWD 1
#define HAVE_CHMOD 1
#define HAVE_STAT 1
#define HAVE_FSTAT 1
#define HAVE_FSEEKO 1

configure: exit 0
