This file contains any messages produced by compilers while
running configure, to aid debugging if configure makes a mistake.

It was created by tRNAscan-SE configure 2.0.0, which was
generated by GNU Autoconf 2.69.  Invocation command line was

  $ ./configure --prefix=/mnt/c/Users/ama55id/Nextcloud/RNA_analyzer/rnaanalyzer/bin/tRNAscan-SE/ --no-create --no-recursion

## --------- ##
## Platform. ##
## --------- ##

hostname = wbbiad010
uname -m = x86_64
uname -r = 5.15.153.1-microsoft-standard-WSL2
uname -s = Linux
uname -v = #1 SMP Fri Mar 29 23:14:13 UTC 2024

/usr/bin/uname -p = x86_64
/bin/uname -X     = unknown

/bin/arch              = x86_64
/usr/bin/arch -k       = unknown
/usr/convex/getsysinfo = unknown
/usr/bin/hostinfo      = unknown
/bin/machine           = unknown
/usr/bin/oslevel       = unknown
/bin/universe          = unknown

PATH: /usr/local/sbin
PATH: /usr/local/bin
PATH: /usr/sbin
PATH: /usr/bin
PATH: /sbin
PATH: /bin
PATH: /snap/bin


## ----------- ##
## Core tests. ##
## ----------- ##

configure:2273: checking for gcc
configure:2289: found /usr/bin/gcc
configure:2300: result: gcc
configure:2529: checking for C compiler version
configure:2538: gcc --version >&5
gcc (Ubuntu 9.4.0-1ubuntu1~20.04.2) 9.4.0
Copyright (C) 2019 Free Software Foundation, Inc.
This is free software; see the source for copying conditions.  There is NO
warranty; not even for MERCHANTABILITY or FITNESS FOR A PARTICULAR PURPOSE.

configure:2549: $? = 0
configure:2538: gcc -v >&5
Using built-in specs.
COLLECT_GCC=gcc
COLLECT_LTO_WRAPPER=/usr/lib/gcc/x86_64-linux-gnu/9/lto-wrapper
OFFLOAD_TARGET_NAMES=nvptx-none:hsa
OFFLOAD_TARGET_DEFAULT=1
Target: x86_64-linux-gnu
Configured with: ../src/configure -v --with-pkgversion='Ubuntu 9.4.0-1ubuntu1~20.04.2' --with-bugurl=file:///usr/share/doc/gcc-9/README.Bugs --enable-languages=c,ada,c++,go,brig,d,fortran,objc,obj-c++,gm2 --prefix=/usr --with-gcc-major-version-only --program-suffix=-9 --program-prefix=x86_64-linux-gnu- --enable-shared --enable-linker-build-id --libexecdir=/usr/lib --without-included-gettext --enable-threads=posix --libdir=/usr/lib --enable-nls --enable-clocale=gnu --enable-libstdcxx-debug --enable-libstdcxx-time=yes --with-default-libstdcxx-abi=new --enable-gnu-unique-object --disable-vtable-verify --enable-plugin --enable-default-pie --with-system-zlib --with-target-system-zlib=auto --enable-objc-gc=auto --enable-multiarch --disable-werror --with-arch-32=i686 --with-abi=m64 --with-multilib-list=m32,m64,mx32 --enable-multilib --with-tune=generic --enable-offload-targets=nvptx-none=/build/gcc-9-9QDOt0/gcc-9-9.4.0/debian/tmp-nvptx/usr,hsa --without-cuda-driver --enable-checking=release --build=x86_64-linux-gnu --host=x86_64-linux-gnu --target=x86_64-linux-gnu
Thread model: posix
gcc version 9.4.0 (Ubuntu 9.4.0-1ubuntu1~20.04.2) 
configure:2549: $? = 0
configure:2538: gcc -V >&5
gcc: error: unrecognized command line option '-V'
gcc: fatal error: no input files
compilation terminated.
configure:2549: $? = 1
configure:2538: gcc -qversion >&5
gcc: error: unrecognized command line option '-qversion'; did you mean '--version'?
gcc: fatal error: no input files
compilation terminated.
configure:2549: $? = 1
configure:2569: checking whether the C compiler works
configure:2591: gcc    conftest.c  >&5
configure:2595: $? = 0
configure:2643: result: yes
configure:2646: checking for C compiler default output file name
configure:2648: result: a.out
configure:2654: checking for suffix of executables
configure:2661: gcc -o conftest    conftest.c  >&5
configure:2665: $? = 0
configure:2687: result: 
configure:2709: checking whether we are cross compiling
configure:2717: gcc -o conftest    conftest.c  >&5
configure:2721: $? = 0
configure:2728: ./conftest
configure:2732: $? = 0
configure:2720: result: no
configure:2725: checking for suffix of object files
configure:2747: gcc -c   conftest.c >&5
configure:2751: $? = 0
configure:2772: result: o
configure:2776: checking whether we are using the GNU C compiler
configure:2795: gcc -c   conftest.c >&5
configure:2795: $? = 0
configure:2804: result: yes
configure:2813: checking whether gcc accepts -g
configure:2833: gcc -c -g  conftest.c >&5
configure:2833: $? = 0
configure:2874: result: yes
configure:2891: checking for gcc option to accept ISO C89
configure:2954: gcc  -c -g -O2  conftest.c >&5
configure:2954: $? = 0
configure:2967: result: none needed
configure:3024: checking whether gcc understands -c and -o together
configure:3046: gcc -c conftest.c -o conftest2.o
configure:3049: $? = 0
configure:3046: gcc -c conftest.c -o conftest2.o
configure:3049: $? = 0
configure:3061: result: yes
configure:3100: checking for a BSD-compatible install
configure:3168: result: /usr/bin/install -c
configure:3183: checking for perl
configure:3201: found /usr/bin/perl
configure:3213: result: /usr/bin/perl
configure:3224: checking for Perl version 5.0.0 or later
configure:3230: result: yes
configure:3236: result: 
configure:3246: checking how to run the C preprocessor
configure:3277: gcc -E  conftest.c
configure:3277: $? = 0
configure:3291: gcc -E  conftest.c
conftest.c:9:10: fatal error: ac_nonexistent.h: No such file or directory
    9 | #include <ac_nonexistent.h>
      |          ^~~~~~~~~~~~~~~~~~
compilation terminated.
configure:3291: $? = 1
configure: failed program was:
| /* confdefs.h */
| #define PACKAGE_NAME "tRNAscan-SE"
| #define PACKAGE_TARNAME "trnascan-se"
| #define PACKAGE_VERSION "2.0.0"
| #define PACKAGE_STRING "tRNAscan-SE 2.0.0"
| #define PACKAGE_BUGREPORT "pchan@soe.ucsc.edu"
| #define PACKAGE_URL ""
| /* end confdefs.h.  */
| #include <ac_nonexistent.h>
configure:3316: result: gcc -E
configure:3336: gcc -E  conftest.c
configure:3336: $? = 0
configure:3350: gcc -E  conftest.c
conftest.c:9:10: fatal error: ac_nonexistent.h: No such file or directory
    9 | #include <ac_nonexistent.h>
      |          ^~~~~~~~~~~~~~~~~~
compilation terminated.
configure:3350: $? = 1
configure: failed program was:
| /* confdefs.h */
| #define PACKAGE_NAME "tRNAscan-SE"
| #define PACKAGE_TARNAME "trnascan-se"
| #define PACKAGE_VERSION "2.0.0"
| #define PACKAGE_STRING "tRNAscan-SE 2.0.0"
| #define PACKAGE_BUGREPORT "pchan@soe.ucsc.edu"
| #define PACKAGE_URL ""
| /* end confdefs.h.  */
| #include <ac_nonexistent.h>
configure:3379: checking for grep that handles long lines and -e
configure:3437: result: /usr/bin/grep
configure:3442: checking for egrep
configure:3504: result: /usr/bin/grep -E
configure:3509: checking for ANSI C header files
configure:3529: gcc -c -O3  conftest.c >&5
configure:3529: $? = 0
configure:3602: gcc -o conftest -O3   conftest.c  >&5
configure:3602: $? = 0
configure:3602: ./conftest
configure:3602: $? = 0
configure:3613: result: yes
configure:3626: checking for sys/types.h
configure:3626: gcc -c -O3  conftest.c >&5
configure:3626: $? = 0
configure:3626: result: yes
configure:3626: checking for sys/stat.h
configure:3626: gcc -c -O3  conftest.c >&5
configure:3626: $? = 0
configure:3626: result: yes
configure:3626: checking for stdlib.h
configure:3626: gcc -c -O3  conftest.c >&5
configure:3626: $? = 0
configure:3626: result: yes
configure:3626: checking for string.h
configure:3626: gcc -c -O3  conftest.c >&5
configure:3626: $? = 0
configure:3626: result: yes
configure:3626: checking for memory.h
configure:3626: gcc -c -O3  conftest.c >&5
configure:3626: $? = 0
configure:3626: result: yes
configure:3626: checking for strings.h
configure:3626: gcc -c -O3  conftest.c >&5
configure:3626: $? = 0
configure:3626: result: yes
configure:3626: checking for inttypes.h
configure:3626: gcc -c -O3  conftest.c >&5
configure:3626: $? = 0
configure:3626: result: yes
configure:3626: checking for stdint.h
configure:3626: gcc -c -O3  conftest.c >&5
configure:3626: $? = 0
configure:3626: result: yes
configure:3626: checking for unistd.h
configure:3626: gcc -c -O3  conftest.c >&5
configure:3626: $? = 0
configure:3626: result: yes
configure:3638: checking for size_t
configure:3638: gcc -c -O3  conftest.c >&5
configure:3638: $? = 0
configure:3638: gcc -c -O3  conftest.c >&5
conftest.c: In function 'main':
conftest.c:55:21: error: expected expression before ')' token
   55 | if (sizeof ((size_t)))
      |                     ^
configure:3638: $? = 1
configure: failed program was:
| /* confdefs.h */
| #define PACKAGE_NAME "tRNAscan-SE"
| #define PACKAGE_TARNAME "trnascan-se"
| #define PACKAGE_VERSION "2.0.0"
| #define PACKAGE_STRING "tRNAscan-SE 2.0.0"
| #define PACKAGE_BUGREPORT "pchan@soe.ucsc.edu"
| #define PACKAGE_URL ""
| #define STDC_HEADERS 1
| #define HAVE_SYS_TYPES_H 1
| #define HAVE_SYS_STAT_H 1
| #define HAVE_STDLIB_H 1
| #define HAVE_STRING_H 1
| #define HAVE_MEMORY_H 1
| #define HAVE_STRINGS_H 1
| #define HAVE_INTTYPES_H 1
| #define HAVE_STDINT_H 1
| #define HAVE_UNISTD_H 1
| /* end confdefs.h.  */
| #include <stdio.h>
| #ifdef HAVE_SYS_TYPES_H
| # include <sys/types.h>
| #endif
| #ifdef HAVE_SYS_STAT_H
| # include <sys/stat.h>
| #endif
| #ifdef STDC_HEADERS
| # include <stdlib.h>
| # include <stddef.h>
| #else
| # ifdef HAVE_STDLIB_H
| #  include <stdlib.h>
| # endif
| #endif
| #ifdef HAVE_STRING_H
| # if !defined STDC_HEADERS && defined HAVE_MEMORY_H
| #  include <memory.h>
| # endif
| # include <string.h>
| #endif
| #ifdef HAVE_STRINGS_H
| # include <strings.h>
| #endif
| #ifdef HAVE_INTTYPES_H
| # include <inttypes.h>
| #endif
| #ifdef HAVE_STDINT_H
| # include <stdint.h>
| #endif
| #ifdef HAVE_UNISTD_H
| # include <unistd.h>
| #endif
| int
| main ()
| {
| if (sizeof ((size_t)))
| 	    return 0;
|   ;
|   return 0;
| }
configure:3638: result: yes
configure:3651: checking for working alloca.h
configure:3668: gcc -o conftest -O3   conftest.c  >&5
configure:3668: $? = 0
configure:3676: result: yes
configure:3684: checking for alloca
configure:3721: gcc -o conftest -O3   conftest.c  >&5
configure:3721: $? = 0
configure:3729: result: yes
configure:3838: checking limits.h usability
configure:3838: gcc -c -O3  conftest.c >&5
configure:3838: $? = 0
configure:3838: result: yes
configure:3838: checking limits.h presence
configure:3838: gcc -E  conftest.c
configure:3838: $? = 0
configure:3838: result: yes
configure:3838: checking for limits.h
configure:3838: result: yes
configure:3838: checking for memory.h
configure:3838: result: yes
configure:3838: checking stddef.h usability
configure:3838: gcc -c -O3  conftest.c >&5
configure:3838: $? = 0
configure:3838: result: yes
configure:3838: checking stddef.h presence
configure:3838: gcc -E  conftest.c
configure:3838: $? = 0
configure:3838: result: yes
configure:3838: checking for stddef.h
configure:3838: result: yes
configure:3838: checking for stdlib.h
configure:3838: result: yes
configure:3838: checking for string.h
configure:3838: result: yes
configure:3838: checking for unistd.h
configure:3838: result: yes
configure:3850: checking for stdbool.h that conforms to C99
configure:3917: gcc -c -O3  conftest.c >&5
configure:3917: $? = 0
configure:3924: result: yes
configure:3926: checking for _Bool
configure:3926: gcc -c -O3  conftest.c >&5
configure:3926: $? = 0
configure:3926: gcc -c -O3  conftest.c >&5
conftest.c: In function 'main':
conftest.c:63:20: error: expected expression before ')' token
   63 | if (sizeof ((_Bool)))
      |                    ^
configure:3926: $? = 1
configure: failed program was:
| /* confdefs.h */
| #define PACKAGE_NAME "tRNAscan-SE"
| #define PACKAGE_TARNAME "trnascan-se"
| #define PACKAGE_VERSION "2.0.0"
| #define PACKAGE_STRING "tRNAscan-SE 2.0.0"
| #define PACKAGE_BUGREPORT "pchan@soe.ucsc.edu"
| #define PACKAGE_URL ""
| #define STDC_HEADERS 1
| #define HAVE_SYS_TYPES_H 1
| #define HAVE_SYS_STAT_H 1
| #define HAVE_STDLIB_H 1
| #define HAVE_STRING_H 1
| #define HAVE_MEMORY_H 1
| #define HAVE_STRINGS_H 1
| #define HAVE_INTTYPES_H 1
| #define HAVE_STDINT_H 1
| #define HAVE_UNISTD_H 1
| #define HAVE_ALLOCA_H 1
| #define HAVE_ALLOCA 1
| #define HAVE_LIMITS_H 1
| #define HAVE_MEMORY_H 1
| #define HAVE_STDDEF_H 1
| #define HAVE_STDLIB_H 1
| #define HAVE_STRING_H 1
| #define HAVE_UNISTD_H 1
| /* end confdefs.h.  */
| #include <stdio.h>
| #ifdef HAVE_SYS_TYPES_H
| # include <sys/types.h>
| #endif
| #ifdef HAVE_SYS_STAT_H
| # include <sys/stat.h>
| #endif
| #ifdef STDC_HEADERS
| # include <stdlib.h>
| # include <stddef.h>
| #else
| # ifdef HAVE_STDLIB_H
| #  include <stdlib.h>
| # endif
| #endif
| #ifdef HAVE_STRING_H
| # if !defined STDC_HEADERS && defined HAVE_MEMORY_H
| #  include <memory.h>
| # endif
| # include <string.h>
| #endif
| #ifdef HAVE_STRINGS_H
| # include <strings.h>
| #endif
| #ifdef HAVE_INTTYPES_H
| # include <inttypes.h>
| #endif
| #ifdef HAVE_STDINT_H
| # include <stdint.h>
| #endif
| #ifdef HAVE_UNISTD_H
| # include <unistd.h>
| #endif
| int
| main ()
| {
| if (sizeof ((_Bool)))
| 	    return 0;
|   ;
|   return 0;
| }
configure:3926: result: yes
configure:3937: checking for size_t
configure:3937: result: yes
configure:3952: checking for stdlib.h
configure:3952: result: yes
configure:3962: checking for GNU libc compatible malloc
configure:3986: gcc -o conftest -O3   conftest.c  >&5
configure:3986: $? = 0
configure:3986: ./conftest
configure:3986: $? = 0
configure:3996: result: yes
configure:4019: checking for stdlib.h
configure:4019: result: yes
configure:4029: checking for GNU libc compatible realloc
configure:4053: gcc -o conftest -O3   conftest.c  >&5
configure:4053: $? = 0
configure:4053: ./conftest
configure:4053: $? = 0
configure:4063: result: yes
configure:4087: checking for bzero
configure:4087: gcc -o conftest -O3   conftest.c  >&5
conftest.c:55:6: warning: conflicting types for built-in function 'bzero'; expected 'void(void *, long unsigned int)' [-Wbuiltin-declaration-mismatch]
   55 | char bzero ();
      |      ^~~~~
configure:4087: $? = 0
configure:4087: result: yes
configure:4087: checking for memset
configure:4087: gcc -o conftest -O3   conftest.c  >&5
conftest.c:56:6: warning: conflicting types for built-in function 'memset'; expected 'void *(void *, int,  long unsigned int)' [-Wbuiltin-declaration-mismatch]
   56 | char memset ();
      |      ^~~~~~
conftest.c:44:1: note: 'memset' is declared in header '<string.h>'
   43 | # include <limits.h>
   44 | #else
configure:4087: $? = 0
configure:4087: result: yes
configure:4087: checking for re_comp
configure:4087: gcc -o conftest -O3   conftest.c  >&5
configure:4087: $? = 0
configure:4087: result: yes
configure:4087: checking for regcomp
configure:4087: gcc -o conftest -O3   conftest.c  >&5
configure:4087: $? = 0
configure:4087: result: yes
configure:4087: checking for sqrt
configure:4087: gcc -o conftest -O3   conftest.c  >&5
conftest.c:59:6: warning: conflicting types for built-in function 'sqrt'; expected 'double(double)' [-Wbuiltin-declaration-mismatch]
   59 | char sqrt ();
      |      ^~~~
conftest.c:47:1: note: 'sqrt' is declared in header '<math.h>'
   46 | # include <limits.h>
   47 | #else
/usr/bin/ld: /tmp/ccT7KTgx.o: in function `main':
conftest.c:(.text.startup+0xb): undefined reference to `sqrt'
collect2: error: ld returned 1 exit status
configure:4087: $? = 1
configure: failed program was:
| /* confdefs.h */
| #define PACKAGE_NAME "tRNAscan-SE"
| #define PACKAGE_TARNAME "trnascan-se"
| #define PACKAGE_VERSION "2.0.0"
| #define PACKAGE_STRING "tRNAscan-SE 2.0.0"
| #define PACKAGE_BUGREPORT "pchan@soe.ucsc.edu"
| #define PACKAGE_URL ""
| #define STDC_HEADERS 1
| #define HAVE_SYS_TYPES_H 1
| #define HAVE_SYS_STAT_H 1
| #define HAVE_STDLIB_H 1
| #define HAVE_STRING_H 1
| #define HAVE_MEMORY_H 1
| #define HAVE_STRINGS_H 1
| #define HAVE_INTTYPES_H 1
| #define HAVE_STDINT_H 1
| #define HAVE_UNISTD_H 1
| #define HAVE_ALLOCA_H 1
| #define HAVE_ALLOCA 1
| #define HAVE_LIMITS_H 1
| #define HAVE_MEMORY_H 1
| #define HAVE_STDDEF_H 1
| #define HAVE_STDLIB_H 1
| #define HAVE_STRING_H 1
| #define HAVE_UNISTD_H 1
| #define HAVE__BOOL 1
| #define HAVE_STDLIB_H 1
| #define HAVE_MALLOC 1
| #define HAVE_STDLIB_H 1
| #define HAVE_REALLOC 1
| #define HAVE_BZERO 1
| #define HAVE_MEMSET 1
| #define HAVE_RE_COMP 1
| #define HAVE_REGCOMP 1
| /* end confdefs.h.  */
| /* Define sqrt to an innocuous variant, in case <limits.h> declares sqrt.
|    For example, HP-UX 11i <limits.h> declares gettimeofday.  */
| #define sqrt innocuous_sqrt
| 
| /* System header to define __stub macros and hopefully few prototypes,
|     which can conflict with char sqrt (); below.
|     Prefer <limits.h> to <assert.h> if __STDC__ is defined, since
|     <limits.h> exists even on freestanding compilers.  */
| 
| #ifdef __STDC__
| # include <limits.h>
| #else
| # include <assert.h>
| #endif
| 
| #undef sqrt
| 
| /* Override any GCC internal prototype to avoid an error.
|    Use char because int might match the return type of a GCC
|    builtin and then its argument prototype would still apply.  */
| #ifdef __cplusplus
| extern "C"
| #endif
| char sqrt ();
| /* The GNU C library defines this for functions which it implements
|     to always fail with ENOSYS.  Some functions are actually named
|     something starting with __ and the normal name is an alias.  */
| #if defined __stub_sqrt || defined __stub___sqrt
| choke me
| #endif
| 
| int
| main ()
| {
| return sqrt ();
|   ;
|   return 0;
| }
configure:4087: result: no
configure:4087: checking for strcasecmp
configure:4087: gcc -o conftest -O3   conftest.c  >&5
conftest.c:59:6: warning: conflicting types for built-in function 'strcasecmp'; expected 'int(const char *, const char *)' [-Wbuiltin-declaration-mismatch]
   59 | char strcasecmp ();
      |      ^~~~~~~~~~
configure:4087: $? = 0
configure:4087: result: yes
configure:4087: checking for strchr
configure:4087: gcc -o conftest -O3   conftest.c  >&5
conftest.c:60:6: warning: conflicting types for built-in function 'strchr'; expected 'char *(const char *, int)' [-Wbuiltin-declaration-mismatch]
   60 | char strchr ();
      |      ^~~~~~
conftest.c:48:1: note: 'strchr' is declared in header '<string.h>'
   47 | # include <limits.h>
   48 | #else
configure:4087: $? = 0
configure:4087: result: yes
configure:4087: checking for strstr
configure:4087: gcc -o conftest -O3   conftest.c  >&5
conftest.c:61:6: warning: conflicting types for built-in function 'strstr'; expected 'char *(const char *, const char *)' [-Wbuiltin-declaration-mismatch]
   61 | char strstr ();
      |      ^~~~~~
conftest.c:49:1: note: 'strstr' is declared in header '<string.h>'
   48 | # include <limits.h>
   49 | #else
configure:4087: $? = 0
configure:4087: result: yes
configure:4100: checking whether build environment is sane
configure:4155: result: yes
configure:4301: checking for a thread-safe mkdir -p
configure:4340: result: /usr/bin/mkdir -p
configure:4347: checking for gawk
configure:4363: found /usr/bin/gawk
configure:4374: result: gawk
configure:4385: checking whether make sets $(MAKE)
configure:4407: result: yes
configure:4429: checking whether make supports the include directive
configure:4444: make -f confmf.GNU && cat confinc.out
make[1]: Entering directory '/mnt/c/Users/ama55id/Nextcloud/RNA_analyzer/rnaanalyzer/bin/tRNAscan-SE'
make[1]: Leaving directory '/mnt/c/Users/ama55id/Nextcloud/RNA_analyzer/rnaanalyzer/bin/tRNAscan-SE'
this is the am__doit target
configure:4447: $? = 0
configure:4466: result: yes (GNU style)
configure:4499: checking whether make supports nested variables
configure:4516: result: yes
configure:4601: checking dependency style of gcc
configure:4712: result: gcc3
configure:4876: checking that generated files are newer than configure
configure:4882: result: done
configure:4905: creating ./config.status

## ---------------- ##
## Cache variables. ##
## ---------------- ##

ac_cv_c_compiler_gnu=yes
ac_cv_env_CC_set=
ac_cv_env_CC_value=
ac_cv_env_CFLAGS_set=
ac_cv_env_CFLAGS_value=
ac_cv_env_CPPFLAGS_set=
ac_cv_env_CPPFLAGS_value=
ac_cv_env_CPP_set=
ac_cv_env_CPP_value=
ac_cv_env_LDFLAGS_set=
ac_cv_env_LDFLAGS_value=
ac_cv_env_LIBS_set=
ac_cv_env_LIBS_value=
ac_cv_env_build_alias_set=
ac_cv_env_build_alias_value=
ac_cv_env_host_alias_set=
ac_cv_env_host_alias_value=
ac_cv_env_target_alias_set=
ac_cv_env_target_alias_value=
ac_cv_func_alloca_works=yes
ac_cv_func_bzero=yes
ac_cv_func_malloc_0_nonnull=yes
ac_cv_func_memset=yes
ac_cv_func_re_comp=yes
ac_cv_func_realloc_0_nonnull=yes
ac_cv_func_regcomp=yes
ac_cv_func_sqrt=no
ac_cv_func_strcasecmp=yes
ac_cv_func_strchr=yes
ac_cv_func_strstr=yes
ac_cv_header_inttypes_h=yes
ac_cv_header_limits_h=yes
ac_cv_header_memory_h=yes
ac_cv_header_stdbool_h=yes
ac_cv_header_stdc=yes
ac_cv_header_stddef_h=yes
ac_cv_header_stdint_h=yes
ac_cv_header_stdlib_h=yes
ac_cv_header_string_h=yes
ac_cv_header_strings_h=yes
ac_cv_header_sys_stat_h=yes
ac_cv_header_sys_types_h=yes
ac_cv_header_unistd_h=yes
ac_cv_objext=o
ac_cv_path_EGREP='/usr/bin/grep -E'
ac_cv_path_GREP=/usr/bin/grep
ac_cv_path_PERL=/usr/bin/perl
ac_cv_path_install='/usr/bin/install -c'
ac_cv_path_mkdir=/usr/bin/mkdir
ac_cv_prog_AWK=gawk
ac_cv_prog_CPP='gcc -E'
ac_cv_prog_ac_ct_CC=gcc
ac_cv_prog_cc_c89=
ac_cv_prog_cc_g=yes
ac_cv_prog_make_make_set=yes
ac_cv_type__Bool=yes
ac_cv_type_size_t=yes
ac_cv_working_alloca_h=yes
am_cv_CC_dependencies_compiler_type=gcc3
am_cv_make_support_nested_variables=yes
am_cv_prog_cc_c_o=yes

## ----------------- ##
## Output variables. ##
## ----------------- ##

ACLOCAL='${SHELL} /mnt/c/Users/ama55id/Nextcloud/RNA_analyzer/rnaanalyzer/bin/tRNAscan-SE/missing aclocal-1.16'
ALLOCA=''
AMDEPBACKSLASH='\'
AMDEP_FALSE='#'
AMDEP_TRUE=''
AMTAR='$${TAR-tar}'
AM_BACKSLASH='\'
AM_DEFAULT_V='$(AM_DEFAULT_VERBOSITY)'
AM_DEFAULT_VERBOSITY='1'
AM_V='$(V)'
AUTOCONF='${SHELL} /mnt/c/Users/ama55id/Nextcloud/RNA_analyzer/rnaanalyzer/bin/tRNAscan-SE/missing autoconf'
AUTOHEADER='${SHELL} /mnt/c/Users/ama55id/Nextcloud/RNA_analyzer/rnaanalyzer/bin/tRNAscan-SE/missing autoheader'
AUTOMAKE='${SHELL} /mnt/c/Users/ama55id/Nextcloud/RNA_analyzer/rnaanalyzer/bin/tRNAscan-SE/missing automake-1.16'
AWK='gawk'
CC='gcc'
CCDEPMODE='depmode=gcc3'
CFLAGS='-O3'
CPP='gcc -E'
CPPFLAGS=''
CYGPATH_W='echo'
DEFS='-DHAVE_CONFIG_H'
DEPDIR='.deps'
ECHO_C=''
ECHO_N='-n'
ECHO_T=''
EGREP='/usr/bin/grep -E'
EXEEXT=''
GREP='/usr/bin/grep'
INSTALL_DATA='${INSTALL} -m 644'
INSTALL_PROGRAM='${INSTALL}'
INSTALL_SCRIPT='${INSTALL}'
INSTALL_STRIP_PROGRAM='$(install_sh) -c -s'
LDFLAGS=''
LIBOBJS=''
LIBS=''
LTLIBOBJS=''
MAKEINFO='${SHELL} /mnt/c/Users/ama55id/Nextcloud/RNA_analyzer/rnaanalyzer/bin/tRNAscan-SE/missing makeinfo'
MKDIR_P='/usr/bin/mkdir -p'
OBJEXT='o'
PACKAGE='trnascan-se'
PACKAGE_BUGREPORT='pchan@soe.ucsc.edu'
PACKAGE_NAME='tRNAscan-SE'
PACKAGE_STRING='tRNAscan-SE 2.0.0'
PACKAGE_TARNAME='trnascan-se'
PACKAGE_URL=''
PACKAGE_VERSION='2.0.0'
PATH_SEPARATOR=':'
PERL='/usr/bin/perl'
SET_MAKE=''
SHELL='/bin/bash'
STRIP=''
VERSION='2.0.0'
ac_ct_CC='gcc'
am__EXEEXT_FALSE=''
am__EXEEXT_TRUE='#'
am__fastdepCC_FALSE='#'
am__fastdepCC_TRUE=''
am__include='include'
am__isrc=''
am__leading_dot='.'
am__nodep='_no'
am__quote=''
am__tar='$${TAR-tar} chof - "$$tardir"'
am__untar='$${TAR-tar} xf -'
bindir='${exec_prefix}/bin'
build_alias=''
datadir='${datarootdir}'
datarootdir='${prefix}/share'
docdir='${datarootdir}/doc/${PACKAGE_TARNAME}'
dvidir='${docdir}'
exec_prefix='${prefix}'
host_alias=''
htmldir='${docdir}'
includedir='${prefix}/include'
infodir='${datarootdir}/info'
install_sh='${SHELL} /mnt/c/Users/ama55id/Nextcloud/RNA_analyzer/rnaanalyzer/bin/tRNAscan-SE/install-sh'
libdir='${exec_prefix}/lib'
libexecdir='${exec_prefix}/libexec'
localedir='${datarootdir}/locale'
localstatedir='${prefix}/var'
mandir='${datarootdir}/man'
mkdir_p='$(MKDIR_P)'
oldincludedir='/usr/include'
pdfdir='${docdir}'
prefix='/mnt/c/Users/ama55id/Nextcloud/RNA_analyzer/rnaanalyzer/bin/tRNAscan-SE'
program_transform_name='s,x,x,'
psdir='${docdir}'
runstatedir='${localstatedir}/run'
sbindir='${exec_prefix}/sbin'
sharedstatedir='${prefix}/com'
sysconfdir='${prefix}/etc'
target_alias=''

## ----------- ##
## confdefs.h. ##
## ----------- ##

/* confdefs.h */
#define PACKAGE_NAME "tRNAscan-SE"
#define PACKAGE_TARNAME "trnascan-se"
#define PACKAGE_VERSION "2.0.0"
#define PACKAGE_STRING "tRNAscan-SE 2.0.0"
#define PACKAGE_BUGREPORT "pchan@soe.ucsc.edu"
#define PACKAGE_URL ""
#define STDC_HEADERS 1
#define HAVE_SYS_TYPES_H 1
#define HAVE_SYS_STAT_H 1
#define HAVE_STDLIB_H 1
#define HAVE_STRING_H 1
#define HAVE_MEMORY_H 1
#define HAVE_STRINGS_H 1
#define HAVE_INTTYPES_H 1
#define HAVE_STDINT_H 1
#define HAVE_UNISTD_H 1
#define HAVE_ALLOCA_H 1
#define HAVE_ALLOCA 1
#define HAVE_LIMITS_H 1
#define HAVE_MEMORY_H 1
#define HAVE_STDDEF_H 1
#define HAVE_STDLIB_H 1
#define HAVE_STRING_H 1
#define HAVE_UNISTD_H 1
#define HAVE__BOOL 1
#define HAVE_STDLIB_H 1
#define HAVE_MALLOC 1
#define HAVE_STDLIB_H 1
#define HAVE_REALLOC 1
#define HAVE_BZERO 1
#define HAVE_MEMSET 1
#define HAVE_RE_COMP 1
#define HAVE_REGCOMP 1
#define HAVE_STRCASECMP 1
#define HAVE_STRCHR 1
#define HAVE_STRSTR 1
#define PACKAGE "trnascan-se"
#define VERSION "2.0.0"

configure: exit 0

## ---------------------- ##
## Running config.status. ##
## ---------------------- ##

This file was extended by tRNAscan-SE config.status 2.0.0, which was
generated by GNU Autoconf 2.69.  Invocation command line was

  CONFIG_FILES    = 
  CONFIG_HEADERS  = 
  CONFIG_LINKS    = 
  CONFIG_COMMANDS = 
  $ ./config.status 

on wbbiad010

config.status:871: creating Makefile
config.status:871: creating config.h
config.status:1052: config.h is unchanged
config.status:1100: executing depfiles commands
config.status:1177: cd .       && sed -e '/# am--include-marker/d' Makefile         | make -f - am--depfiles
make[1]: Entering directory '/mnt/c/Users/ama55id/Nextcloud/RNA_analyzer/rnaanalyzer/bin/tRNAscan-SE'
make[1]: Nothing to be done for 'am--depfiles'.
make[1]: Leaving directory '/mnt/c/Users/ama55id/Nextcloud/RNA_analyzer/rnaanalyzer/bin/tRNAscan-SE'
config.status:1182: $? = 0

## ---------------------- ##
## Running config.status. ##
## ---------------------- ##

This file was extended by tRNAscan-SE config.status 2.0.0, which was
generated by GNU Autoconf 2.69.  Invocation command line was

  CONFIG_FILES    = 
  CONFIG_HEADERS  = 
  CONFIG_LINKS    = 
  CONFIG_COMMANDS = 
  $ ./config.status config.h

on wbbiad010

config.status:871: creating config.h
config.status:1052: config.h is unchanged
