This file contains any messages produced by compilers while
running configure, to aid debugging if configure makes a mistake.

It was created by meme configure 5.5.8, which was
generated by GNU Autoconf 2.71.  Invocation command line was

  $ ./configure --prefix=/home/ama55id/rnaanalyzer/bin/meme-5.5.8 --enable-build-libxml2 --enable-build-libxslt

## --------- ##
## Platform. ##
## --------- ##

hostname = wbbiad010
uname -m = x86_64
uname -r = 6.6.87.2-microsoft-standard-WSL2
uname -s = Linux
uname -v = #1 SMP PREEMPT_DYNAMIC Thu Jun  5 18:30:46 UTC 2025

/usr/bin/uname -p = x86_64
/bin/uname -X     = unknown

/bin/arch              = x86_64
/usr/bin/arch -k       = unknown
/usr/convex/getsysinfo = unknown
/usr/bin/hostinfo      = unknown
/bin/machine           = unknown
/usr/bin/oslevel       = unknown
/bin/universe          = unknown

PATH: /home/ama55id/.local/bin/
PATH: /home/ama55id/miniconda3/bin/
PATH: /home/ama55id/miniconda3/condabin/
PATH: /usr/local/sbin/
PATH: /usr/local/bin/
PATH: /usr/sbin/
PATH: /usr/bin/
PATH: /sbin/
PATH: /bin/
PATH: /usr/games/
PATH: /usr/local/games/
PATH: /usr/lib/wsl/lib/
PATH: /mnt/c/Program Files/Python313/Scripts/
PATH: /mnt/c/Program Files/Python313/
PATH: /mnt/c/Program Files/Amazon Corretto/jdk17.0.10_7/bin/
PATH: /mnt/c/Applied Biosystems/StepOne Software v2.3/bin/
PATH: /mnt/c/Applied Biosystems/StepOne Software v2.3/eclipse/
PATH: /mnt/c/Applied Biosystems/StepOne Software v2.3/eclipse/plugins/com.apldbio.sds.experiment.genotyping_2.1.0/bin/
PATH: /mnt/c/Applied Biosystems/StepOne Software v2.3/eclipse/plugins/com.apldbio.sds.experiment.genotyping_2.1.0/bin/bin/win32/
PATH: /mnt/c/WINDOWS/system32/
PATH: /mnt/c/WINDOWS/
PATH: /mnt/c/WINDOWS/System32/Wbem/
PATH: /mnt/c/WINDOWS/System32/WindowsPowerShell/v1.0/
PATH: /mnt/c/WINDOWS/System32/OpenSSH/
PATH: /mnt/c/Program Files/Microsoft VS Code/bin/
PATH: /mnt/c/Program Files/TreeViewer/
PATH: /mnt/c/Strawberry/c/bin/
PATH: /mnt/c/Strawberry/perl/site/bin/
PATH: /mnt/c/Strawberry/perl/bin/
PATH: /mnt/c/Program Files/Geneious Prime/
PATH: /mnt/c/Users/ama55id/AppData/Local/Microsoft/WindowsApps/
PATH: /mnt/c/Users/ama55id/AppData/Local/Programs/Git/cmd/
PATH: /snap/bin/


## ----------- ##
## Core tests. ##
## ----------- ##

configure:2680: looking for aux files: config.guess config.sub ltmain.sh compile missing install-sh
configure:2693:  trying ./config/
configure:2722:   ./config/config.guess found
configure:2722:   ./config/config.sub found
configure:2722:   ./config/ltmain.sh found
configure:2722:   ./config/compile found
configure:2722:   ./config/missing found
configure:2704:   ./config/install-sh found
configure:2858: checking for a BSD-compatible install
configure:2931: result: /usr/bin/install -c
configure:2942: checking whether build environment is sane
configure:2997: result: yes
configure:3154: checking for a race-free mkdir -p
configure:3198: result: /usr/bin/mkdir -p
configure:3205: checking for gawk
configure:3226: found /usr/bin/gawk
configure:3237: result: gawk
configure:3248: checking whether make sets $(MAKE)
configure:3271: result: yes
configure:3301: checking whether make supports nested variables
configure:3319: result: yes
configure:3467: checking whether make supports nested variables
configure:3485: result: yes
configure:3569: checking for gcc
configure:3590: found /usr/bin/gcc
configure:3601: result: gcc
configure:3954: checking for C compiler version
configure:3963: gcc --version >&5
gcc (Ubuntu 9.4.0-1ubuntu1~20.04.2) 9.4.0
Copyright (C) 2019 Free Software Foundation, Inc.
This is free software; see the source for copying conditions.  There is NO
warranty; not even for MERCHANTABILITY or FITNESS FOR A PARTICULAR PURPOSE.

configure:3974: $? = 0
configure:3963: gcc -v >&5
Using built-in specs.
COLLECT_GCC=gcc
COLLECT_LTO_WRAPPER=/usr/lib/gcc/x86_64-linux-gnu/9/lto-wrapper
OFFLOAD_TARGET_NAMES=nvptx-none:hsa
OFFLOAD_TARGET_DEFAULT=1
Target: x86_64-linux-gnu
Configured with: ../src/configure -v --with-pkgversion='Ubuntu 9.4.0-1ubuntu1~20.04.2' --with-bugurl=file:///usr/share/doc/gcc-9/README.Bugs --enable-languages=c,ada,c++,go,brig,d,fortran,objc,obj-c++,gm2 --prefix=/usr --with-gcc-major-version-only --program-suffix=-9 --program-prefix=x86_64-linux-gnu- --enable-shared --enable-linker-build-id --libexecdir=/usr/lib --without-included-gettext --enable-threads=posix --libdir=/usr/lib --enable-nls --enable-clocale=gnu --enable-libstdcxx-debug --enable-libstdcxx-time=yes --with-default-libstdcxx-abi=new --enable-gnu-unique-object --disable-vtable-verify --enable-plugin --enable-default-pie --with-system-zlib --with-target-system-zlib=auto --enable-objc-gc=auto --enable-multiarch --disable-werror --with-arch-32=i686 --with-abi=m64 --with-multilib-list=m32,m64,mx32 --enable-multilib --with-tune=generic --enable-offload-targets=nvptx-none=/build/gcc-9-9QDOt0/gcc-9-9.4.0/debian/tmp-nvptx/usr,hsa --without-cuda-driver --enable-checking=release --build=x86_64-linux-gnu --host=x86_64-linux-gnu --target=x86_64-linux-gnu
Thread model: posix
gcc version 9.4.0 (Ubuntu 9.4.0-1ubuntu1~20.04.2) 
configure:3974: $? = 0
configure:3963: gcc -V >&5
gcc: error: unrecognized command line option '-V'
gcc: fatal error: no input files
compilation terminated.
configure:3974: $? = 1
configure:3963: gcc -qversion >&5
gcc: error: unrecognized command line option '-qversion'; did you mean '--version'?
gcc: fatal error: no input files
compilation terminated.
configure:3974: $? = 1
configure:3963: gcc -version >&5
gcc: error: unrecognized command line option '-version'
gcc: fatal error: no input files
compilation terminated.
configure:3974: $? = 1
configure:3994: checking whether the C compiler works
configure:4016: gcc    conftest.c  >&5
configure:4020: $? = 0
configure:4070: result: yes
configure:4073: checking for C compiler default output file name
configure:4075: result: a.out
configure:4081: checking for suffix of executables
configure:4088: gcc -o conftest    conftest.c  >&5
configure:4092: $? = 0
configure:4115: result: 
configure:4137: checking whether we are cross compiling
configure:4145: gcc -o conftest    conftest.c  >&5
configure:4149: $? = 0
configure:4156: ./conftest
configure:4160: $? = 0
configure:4148: result: no
configure:4153: checking for suffix of object files
configure:4176: gcc -c   conftest.c >&5
configure:4180: $? = 0
configure:4202: result: o
configure:4206: checking whether the compiler supports GNU C
configure:4226: gcc -c   conftest.c >&5
configure:4226: $? = 0
configure:4236: result: yes
configure:4247: checking whether gcc accepts -g
configure:4268: gcc -c -g  conftest.c >&5
configure:4268: $? = 0
configure:4312: result: yes
configure:4332: checking for gcc option to enable C11 features
configure:4347: gcc  -c -g -O2  conftest.c >&5
configure:4347: $? = 0
configure:4365: result: none needed
configure:4481: checking whether gcc understands -c and -o together
configure:4504: gcc -c conftest.c -o conftest2.o
configure:4507: $? = 0
configure:4504: gcc -c conftest.c -o conftest2.o
configure:4507: $? = 0
configure:4519: result: yes
configure:4539: checking whether make supports the include directive
configure:4554: make -f confmf.GNU && cat confinc.out
this is the am__doit target
configure:4557: $? = 0
configure:4576: result: yes (GNU style)
configure:4602: checking dependency style of gcc
configure:4714: result: gcc3
configure:4730: checking whether gcc and cc understand -c and -o together
configure:4762: gcc -c conftest.c -o conftest2.o >&5
configure:4766: $? = 0
configure:4772: gcc -c conftest.c -o conftest2.o >&5
configure:4776: $? = 0
configure:4787: cc -c conftest.c >&5
configure:4791: $? = 0
configure:4799: cc -c conftest.c -o conftest2.o >&5
configure:4803: $? = 0
configure:4809: cc -c conftest.c -o conftest2.o >&5
configure:4813: $? = 0
configure:4831: result: yes
configure:4873: checking build system type
configure:4888: result: x86_64-pc-linux-gnu
configure:4908: checking host system type
configure:4922: result: x86_64-pc-linux-gnu
configure:4963: checking how to print strings
configure:4990: result: printf
configure:5011: checking for a sed that does not truncate output
configure:5081: result: /usr/bin/sed
configure:5099: checking for grep that handles long lines and -e
configure:5163: result: /usr/bin/grep
configure:5168: checking for egrep
configure:5236: result: /usr/bin/grep -E
configure:5241: checking for fgrep
configure:5309: result: /usr/bin/grep -F
configure:5345: checking for ld used by gcc
configure:5413: result: /usr/bin/ld
configure:5420: checking if the linker (/usr/bin/ld) is GNU ld
configure:5436: result: yes
configure:5448: checking for BSD- or MS-compatible name lister (nm)
configure:5503: result: /usr/bin/nm -B
configure:5643: checking the name lister (/usr/bin/nm -B) interface
configure:5651: gcc -c -g -O2  conftest.c >&5
configure:5654: /usr/bin/nm -B "conftest.o"
configure:5657: output
0000000000000000 B some_variable
configure:5658: result: BSD nm
configure:5661: checking whether ln -s works
configure:5665: result: yes
configure:5673: checking the maximum length of command line arguments
configure:5805: result: 1572864
configure:5853: checking how to convert x86_64-pc-linux-gnu file names to x86_64-pc-linux-gnu format
configure:5894: result: func_convert_file_noop
configure:5901: checking how to convert x86_64-pc-linux-gnu file names to toolchain format
configure:5922: result: func_convert_file_noop
configure:5929: checking for /usr/bin/ld option to reload object files
configure:5937: result: -r
configure:6016: checking for file
configure:6037: found /usr/bin/file
configure:6048: result: file
configure:6124: checking for objdump
configure:6145: found /usr/bin/objdump
configure:6156: result: objdump
configure:6188: checking how to recognize dependent libraries
configure:6389: result: pass_all
configure:6479: checking for dlltool
configure:6514: result: no
configure:6544: checking how to associate runtime and link libraries
configure:6572: result: printf %s\n
configure:6638: checking for ar
configure:6659: found /usr/bin/ar
configure:6670: result: ar
configure:6723: checking for archiver @FILE support
configure:6741: gcc -c -g -O2  conftest.c >&5
configure:6741: $? = 0
configure:6745: ar cr libconftest.a @conftest.lst >&5
configure:6748: $? = 0
configure:6753: ar cr libconftest.a @conftest.lst >&5
ar: conftest.o: No such file or directory
configure:6756: $? = 1
configure:6755: result: @
configure:6818: checking for strip
configure:6839: found /usr/bin/strip
configure:6850: result: strip
configure:6927: checking for ranlib
configure:6948: found /usr/bin/ranlib
configure:6959: result: ranlib
configure:7061: checking command to parse /usr/bin/nm -B output from gcc object
configure:7215: gcc -c -g -O2  conftest.c >&5
configure:7218: $? = 0
configure:7222: /usr/bin/nm -B conftest.o \| /usr/bin/sed -n -e 's/^.*[ ]\([ABCDGIRSTW][ABCDGIRSTW]*\)[ ][ ]*\([_A-Za-z][_A-Za-z0-9]*\)$/\1 \2 \2/p' | /usr/bin/sed '/ __gnu_lto/d' \> conftest.nm
configure:7225: $? = 0
configure:7291: gcc -o conftest -g -O2   conftest.c conftstm.o >&5
configure:7294: $? = 0
configure:7332: result: ok
configure:7379: checking for sysroot
configure:7410: result: no
configure:7417: checking for a working dd
configure:7461: result: /usr/bin/dd
configure:7465: checking how to truncate binary pipes
configure:7481: result: /usr/bin/dd bs=4096 count=1
configure:7618: gcc -c -g -O2  conftest.c >&5
configure:7621: $? = 0
configure:7818: checking for mt
configure:7839: found /usr/bin/mt
configure:7850: result: mt
configure:7873: checking if mt is a manifest tool
configure:7880: mt '-?'
configure:7888: result: no
configure:8628: checking for stdio.h
configure:8628: gcc -c -g -O2  conftest.c >&5
configure:8628: $? = 0
configure:8628: result: yes
configure:8628: checking for stdlib.h
configure:8628: gcc -c -g -O2  conftest.c >&5
configure:8628: $? = 0
configure:8628: result: yes
configure:8628: checking for string.h
configure:8628: gcc -c -g -O2  conftest.c >&5
configure:8628: $? = 0
configure:8628: result: yes
configure:8628: checking for inttypes.h
configure:8628: gcc -c -g -O2  conftest.c >&5
configure:8628: $? = 0
configure:8628: result: yes
configure:8628: checking for stdint.h
configure:8628: gcc -c -g -O2  conftest.c >&5
configure:8628: $? = 0
configure:8628: result: yes
configure:8628: checking for strings.h
configure:8628: gcc -c -g -O2  conftest.c >&5
configure:8628: $? = 0
configure:8628: result: yes
configure:8628: checking for sys/stat.h
configure:8628: gcc -c -g -O2  conftest.c >&5
configure:8628: $? = 0
configure:8628: result: yes
configure:8628: checking for sys/types.h
configure:8628: gcc -c -g -O2  conftest.c >&5
configure:8628: $? = 0
configure:8628: result: yes
configure:8628: checking for unistd.h
configure:8628: gcc -c -g -O2  conftest.c >&5
configure:8628: $? = 0
configure:8628: result: yes
configure:8628: checking for vfork.h
configure:8628: gcc -c -g -O2  conftest.c >&5
conftest.c:48:10: fatal error: vfork.h: No such file or directory
   48 | #include <vfork.h>
      |          ^~~~~~~~~
compilation terminated.
configure:8628: $? = 1
configure: failed program was:
| /* confdefs.h */
| #define PACKAGE_NAME "meme"
| #define PACKAGE_TARNAME "meme"
| #define PACKAGE_VERSION "5.5.8"
| #define PACKAGE_STRING "meme 5.5.8"
| #define PACKAGE_BUGREPORT ""
| #define PACKAGE_URL ""
| #define PACKAGE "meme"
| #define VERSION "5.5.8"
| #define HAVE_STDIO_H 1
| #define HAVE_STDLIB_H 1
| #define HAVE_STRING_H 1
| #define HAVE_INTTYPES_H 1
| #define HAVE_STDINT_H 1
| #define HAVE_STRINGS_H 1
| #define HAVE_SYS_STAT_H 1
| #define HAVE_SYS_TYPES_H 1
| #define HAVE_UNISTD_H 1
| /* end confdefs.h.  */
| #include <stddef.h>
| #ifdef HAVE_STDIO_H
| # include <stdio.h>
| #endif
| #ifdef HAVE_STDLIB_H
| # include <stdlib.h>
| #endif
| #ifdef HAVE_STRING_H
| # include <string.h>
| #endif
| #ifdef HAVE_INTTYPES_H
| # include <inttypes.h>
| #endif
| #ifdef HAVE_STDINT_H
| # include <stdint.h>
| #endif
| #ifdef HAVE_STRINGS_H
| # include <strings.h>
| #endif
| #ifdef HAVE_SYS_TYPES_H
| # include <sys/types.h>
| #endif
| #ifdef HAVE_SYS_STAT_H
| # include <sys/stat.h>
| #endif
| #ifdef HAVE_UNISTD_H
| # include <unistd.h>
| #endif
| #include <vfork.h>
configure:8628: result: no
configure:8653: checking for dlfcn.h
configure:8653: gcc -c -g -O2  conftest.c >&5
configure:8653: $? = 0
configure:8653: result: yes
configure:8912: checking for objdir
configure:8928: result: .libs
configure:9192: checking if gcc supports -fno-rtti -fno-exceptions
configure:9211: gcc -c -g -O2  -fno-rtti -fno-exceptions conftest.c >&5
cc1: warning: command line option '-fno-rtti' is valid for C++/D/ObjC++ but not for C
configure:9215: $? = 0
configure:9228: result: no
configure:9586: checking for gcc option to produce PIC
configure:9594: result: -fPIC -DPIC
configure:9602: checking if gcc PIC flag -fPIC -DPIC works
configure:9621: gcc -c -g -O2  -fPIC -DPIC -DPIC conftest.c >&5
configure:9625: $? = 0
configure:9638: result: yes
configure:9667: checking if gcc static flag -static works
configure:9696: result: yes
configure:9711: checking if gcc supports -c -o file.o
configure:9733: gcc -c -g -O2  -o out/conftest2.o conftest.c >&5
configure:9737: $? = 0
configure:9759: result: yes
configure:9767: checking if gcc supports -c -o file.o
configure:9815: result: yes
configure:9848: checking whether the gcc linker (/usr/bin/ld -m elf_x86_64) supports shared libraries
configure:11116: result: yes
configure:11153: checking whether -lc should be explicitly linked in
configure:11162: gcc -c -g -O2  conftest.c >&5
configure:11165: $? = 0
configure:11180: gcc -shared  -fPIC -DPIC conftest.o  -v -Wl,-soname -Wl,conftest -o conftest 2\>\&1 \| /usr/bin/grep  -lc  \>/dev/null 2\>\&1
configure:11183: $? = 0
configure:11197: result: no
configure:11357: checking dynamic linker characteristics
configure:11939: gcc -o conftest -g -O2   -Wl,-rpath -Wl,/foo conftest.c  >&5
configure:11939: $? = 0
configure:12178: result: GNU/Linux ld.so
configure:12300: checking how to hardcode library paths into programs
configure:12325: result: immediate
configure:12877: checking whether stripping libraries is possible
configure:12886: result: yes
configure:12928: checking if libtool supports shared libraries
configure:12930: result: yes
configure:12933: checking whether to build shared libraries
configure:12958: result: yes
configure:12961: checking whether to build static libraries
configure:12965: result: yes
configure:9766: checking whether make sets $(MAKE)
configure:9789: result: yes
configure:9800: checking for ld
configure:9835: result: /usr/bin/ld -m elf_x86_64
configure:9845: checking for sed
configure:9880: result: /usr/bin/sed
configure:9890: checking for sendmail
configure:9927: result: /usr/lib/sendmail
configure:9937: checking for perl
configure:9960: found /usr/bin/perl
configure:9972: result: /usr/bin/perl
configure:9982: checking for convert
configure:10005: found /usr/bin/convert
configure:10017: result: /usr/bin/convert
configure:10027: checking for gs
configure:10050: found /usr/bin/gs
configure:10062: result: /usr/bin/gs
configure:10072: checking for xml2-config
configure:10095: found /home/ama55id/miniconda3/bin/xml2-config
configure:10107: result: /home/ama55id/miniconda3/bin/xml2-config
configure:10117: checking for xslt-config
configure:10140: found /mnt/c/Strawberry/c/bin/xslt-config
configure:10152: result: /mnt/c/Strawberry/c/bin/xslt-config
configure:10162: checking for ant
configure:10200: result: no
configure:10213: checking for isnan, sqrt, log, exp, fabs, pow, floor, ceil in -lm
configure:10236: gcc -o conftest -g -O2   conftest.c -lm   >&5
conftest.c:28:6: warning: built-in function 'isnan' declared as non-function [-Wbuiltin-declaration-mismatch]
   28 | char isnan, sqrt, log, exp, fabs, pow, floor, ceil ();
      |      ^~~~~
conftest.c:28:13: warning: built-in function 'sqrt' declared as non-function [-Wbuiltin-declaration-mismatch]
   28 | char isnan, sqrt, log, exp, fabs, pow, floor, ceil ();
      |             ^~~~
conftest.c:28:19: warning: built-in function 'log' declared as non-function [-Wbuiltin-declaration-mismatch]
   28 | char isnan, sqrt, log, exp, fabs, pow, floor, ceil ();
      |                   ^~~
conftest.c:28:24: warning: built-in function 'exp' declared as non-function [-Wbuiltin-declaration-mismatch]
   28 | char isnan, sqrt, log, exp, fabs, pow, floor, ceil ();
      |                        ^~~
conftest.c:28:29: warning: built-in function 'fabs' declared as non-function [-Wbuiltin-declaration-mismatch]
   28 | char isnan, sqrt, log, exp, fabs, pow, floor, ceil ();
      |                             ^~~~
conftest.c:28:35: warning: built-in function 'pow' declared as non-function [-Wbuiltin-declaration-mismatch]
   28 | char isnan, sqrt, log, exp, fabs, pow, floor, ceil ();
      |                                   ^~~
conftest.c:28:40: warning: built-in function 'floor' declared as non-function [-Wbuiltin-declaration-mismatch]
   28 | char isnan, sqrt, log, exp, fabs, pow, floor, ceil ();
      |                                        ^~~~~
conftest.c:28:47: warning: conflicting types for built-in function 'ceil'; expected 'double(double)' [-Wbuiltin-declaration-mismatch]
   28 | char isnan, sqrt, log, exp, fabs, pow, floor, ceil ();
      |                                               ^~~~
conftest.c:1:1: note: 'ceil' is declared in header '<math.h>'
    1 | /* confdefs.h */
configure:10236: $? = 0
configure:10246: result: yes
configure:10259: checking for compress in -lz
configure:10282: gcc -o conftest -g -O2   conftest.c -lz  -lm  >&5
configure:10282: $? = 0
configure:10292: result: yes
configure:10312: checking for sys/wait.h that is POSIX.1 compatible
configure:10339: gcc -c -g -O2  conftest.c >&5
configure:10339: $? = 0
configure:10347: result: yes
configure:10355: checking for arpa/inet.h
configure:10355: gcc -c -g -O2  conftest.c >&5
configure:10355: $? = 0
configure:10355: result: yes
configure:10361: checking for ctype.h
configure:10361: gcc -c -g -O2  conftest.c >&5
configure:10361: $? = 0
configure:10361: result: yes
configure:10367: checking for fcntl.h
configure:10367: gcc -c -g -O2  conftest.c >&5
configure:10367: $? = 0
configure:10367: result: yes
configure:10373: checking for limits.h
configure:10373: gcc -c -g -O2  conftest.c >&5
configure:10373: $? = 0
configure:10373: result: yes
configure:10379: checking for netdb.h
configure:10379: gcc -c -g -O2  conftest.c >&5
configure:10379: $? = 0
configure:10379: result: yes
configure:10385: checking for netinet/in.h
configure:10385: gcc -c -g -O2  conftest.c >&5
configure:10385: $? = 0
configure:10385: result: yes
configure:10391: checking for stdlib.h
configure:10391: result: yes
configure:10397: checking for string.h
configure:10397: result: yes
configure:10403: checking for strings.h
configure:10403: result: yes
configure:10409: checking for sys/socket.h
configure:10409: gcc -c -g -O2  conftest.c >&5
configure:10409: $? = 0
configure:10409: result: yes
configure:10415: checking for sys/time.h
configure:10415: gcc -c -g -O2  conftest.c >&5
configure:10415: $? = 0
configure:10415: result: yes
configure:10421: checking for unistd.h
configure:10421: result: yes
configure:10430: checking for an ANSI C-conforming const
configure:10497: gcc -c -g -O2  conftest.c >&5
configure:10497: $? = 0
configure:10505: result: yes
configure:10513: checking for _Bool
configure:10513: gcc -c -g -O2  conftest.c >&5
configure:10513: $? = 0
configure:10513: gcc -c -g -O2  conftest.c >&5
conftest.c: In function 'main':
conftest.c:70:20: error: expected expression before ')' token
   70 | if (sizeof ((_Bool)))
      |                    ^
configure:10513: $? = 1
configure: failed program was:
| /* confdefs.h */
| #define PACKAGE_NAME "meme"
| #define PACKAGE_TARNAME "meme"
| #define PACKAGE_VERSION "5.5.8"
| #define PACKAGE_STRING "meme 5.5.8"
| #define PACKAGE_BUGREPORT ""
| #define PACKAGE_URL ""
| #define PACKAGE "meme"
| #define VERSION "5.5.8"
| #define HAVE_STDIO_H 1
| #define HAVE_STDLIB_H 1
| #define HAVE_STRING_H 1
| #define HAVE_INTTYPES_H 1
| #define HAVE_STDINT_H 1
| #define HAVE_STRINGS_H 1
| #define HAVE_SYS_STAT_H 1
| #define HAVE_SYS_TYPES_H 1
| #define HAVE_UNISTD_H 1
| #define STDC_HEADERS 1
| #define HAVE_DLFCN_H 1
| #define LT_OBJDIR ".libs/"
| #define HOSTNAME "wbbiad010"
| #define HAVE_LIBM 1
| #define HAVE_LIBZ 1
| #define HAVE_SYS_WAIT_H 1
| #define HAVE_ARPA_INET_H 1
| #define HAVE_CTYPE_H 1
| #define HAVE_FCNTL_H 1
| #define HAVE_LIMITS_H 1
| #define HAVE_NETDB_H 1
| #define HAVE_NETINET_IN_H 1
| #define HAVE_STDLIB_H 1
| #define HAVE_STRING_H 1
| #define HAVE_STRINGS_H 1
| #define HAVE_SYS_SOCKET_H 1
| #define HAVE_SYS_TIME_H 1
| #define HAVE_UNISTD_H 1
| /* end confdefs.h.  */
| #include <stddef.h>
| #ifdef HAVE_STDIO_H
| # include <stdio.h>
| #endif
| #ifdef HAVE_STDLIB_H
| # include <stdlib.h>
| #endif
| #ifdef HAVE_STRING_H
| # include <string.h>
| #endif
| #ifdef HAVE_INTTYPES_H
| # include <inttypes.h>
| #endif
| #ifdef HAVE_STDINT_H
| # include <stdint.h>
| #endif
| #ifdef HAVE_STRINGS_H
| # include <strings.h>
| #endif
| #ifdef HAVE_SYS_TYPES_H
| # include <sys/types.h>
| #endif
| #ifdef HAVE_SYS_STAT_H
| # include <sys/stat.h>
| #endif
| #ifdef HAVE_UNISTD_H
| # include <unistd.h>
| #endif
| int
| main (void)
| {
| if (sizeof ((_Bool)))
| 	    return 0;
|   ;
|   return 0;
| }
configure:10513: result: yes
configure:10522: checking for stdbool.h that conforms to C99
configure:10638: gcc -c -g -O2  conftest.c >&5
configure:10638: $? = 0
configure:10646: result: yes
configure:10656: checking for pid_t
configure:10656: gcc -c -g -O2  conftest.c >&5
configure:10656: $? = 0
configure:10656: gcc -c -g -O2  conftest.c >&5
conftest.c: In function 'main':
conftest.c:73:20: error: expected expression before ')' token
   73 | if (sizeof ((pid_t)))
      |                    ^
configure:10656: $? = 1
configure: failed program was:
| /* confdefs.h */
| #define PACKAGE_NAME "meme"
| #define PACKAGE_TARNAME "meme"
| #define PACKAGE_VERSION "5.5.8"
| #define PACKAGE_STRING "meme 5.5.8"
| #define PACKAGE_BUGREPORT ""
| #define PACKAGE_URL ""
| #define PACKAGE "meme"
| #define VERSION "5.5.8"
| #define HAVE_STDIO_H 1
| #define HAVE_STDLIB_H 1
| #define HAVE_STRING_H 1
| #define HAVE_INTTYPES_H 1
| #define HAVE_STDINT_H 1
| #define HAVE_STRINGS_H 1
| #define HAVE_SYS_STAT_H 1
| #define HAVE_SYS_TYPES_H 1
| #define HAVE_UNISTD_H 1
| #define STDC_HEADERS 1
| #define HAVE_DLFCN_H 1
| #define LT_OBJDIR ".libs/"
| #define HOSTNAME "wbbiad010"
| #define HAVE_LIBM 1
| #define HAVE_LIBZ 1
| #define HAVE_SYS_WAIT_H 1
| #define HAVE_ARPA_INET_H 1
| #define HAVE_CTYPE_H 1
| #define HAVE_FCNTL_H 1
| #define HAVE_LIMITS_H 1
| #define HAVE_NETDB_H 1
| #define HAVE_NETINET_IN_H 1
| #define HAVE_STDLIB_H 1
| #define HAVE_STRING_H 1
| #define HAVE_STRINGS_H 1
| #define HAVE_SYS_SOCKET_H 1
| #define HAVE_SYS_TIME_H 1
| #define HAVE_UNISTD_H 1
| #define HAVE__BOOL 1
| #define HAVE_STDBOOL_H 1
| /* end confdefs.h.  */
| #include <stddef.h>
| #ifdef HAVE_STDIO_H
| # include <stdio.h>
| #endif
| #ifdef HAVE_STDLIB_H
| # include <stdlib.h>
| #endif
| #ifdef HAVE_STRING_H
| # include <string.h>
| #endif
| #ifdef HAVE_INTTYPES_H
| # include <inttypes.h>
| #endif
| #ifdef HAVE_STDINT_H
| # include <stdint.h>
| #endif
| #ifdef HAVE_STRINGS_H
| # include <strings.h>
| #endif
| #ifdef HAVE_SYS_TYPES_H
| # include <sys/types.h>
| #endif
| #ifdef HAVE_SYS_STAT_H
| # include <sys/stat.h>
| #endif
| #ifdef HAVE_UNISTD_H
| # include <unistd.h>
| #endif
| 
| int
| main (void)
| {
| if (sizeof ((pid_t)))
| 	    return 0;
|   ;
|   return 0;
| }
configure:10656: result: yes
configure:10692: checking for size_t
configure:10692: gcc -c -g -O2  conftest.c >&5
configure:10692: $? = 0
configure:10692: gcc -c -g -O2  conftest.c >&5
conftest.c: In function 'main':
conftest.c:72:21: error: expected expression before ')' token
   72 | if (sizeof ((size_t)))
      |                     ^
configure:10692: $? = 1
configure: failed program was:
| /* confdefs.h */
| #define PACKAGE_NAME "meme"
| #define PACKAGE_TARNAME "meme"
| #define PACKAGE_VERSION "5.5.8"
| #define PACKAGE_STRING "meme 5.5.8"
| #define PACKAGE_BUGREPORT ""
| #define PACKAGE_URL ""
| #define PACKAGE "meme"
| #define VERSION "5.5.8"
| #define HAVE_STDIO_H 1
| #define HAVE_STDLIB_H 1
| #define HAVE_STRING_H 1
| #define HAVE_INTTYPES_H 1
| #define HAVE_STDINT_H 1
| #define HAVE_STRINGS_H 1
| #define HAVE_SYS_STAT_H 1
| #define HAVE_SYS_TYPES_H 1
| #define HAVE_UNISTD_H 1
| #define STDC_HEADERS 1
| #define HAVE_DLFCN_H 1
| #define LT_OBJDIR ".libs/"
| #define HOSTNAME "wbbiad010"
| #define HAVE_LIBM 1
| #define HAVE_LIBZ 1
| #define HAVE_SYS_WAIT_H 1
| #define HAVE_ARPA_INET_H 1
| #define HAVE_CTYPE_H 1
| #define HAVE_FCNTL_H 1
| #define HAVE_LIMITS_H 1
| #define HAVE_NETDB_H 1
| #define HAVE_NETINET_IN_H 1
| #define HAVE_STDLIB_H 1
| #define HAVE_STRING_H 1
| #define HAVE_STRINGS_H 1
| #define HAVE_SYS_SOCKET_H 1
| #define HAVE_SYS_TIME_H 1
| #define HAVE_UNISTD_H 1
| #define HAVE__BOOL 1
| #define HAVE_STDBOOL_H 1
| /* end confdefs.h.  */
| #include <stddef.h>
| #ifdef HAVE_STDIO_H
| # include <stdio.h>
| #endif
| #ifdef HAVE_STDLIB_H
| # include <stdlib.h>
| #endif
| #ifdef HAVE_STRING_H
| # include <string.h>
| #endif
| #ifdef HAVE_INTTYPES_H
| # include <inttypes.h>
| #endif
| #ifdef HAVE_STDINT_H
| # include <stdint.h>
| #endif
| #ifdef HAVE_STRINGS_H
| # include <strings.h>
| #endif
| #ifdef HAVE_SYS_TYPES_H
| # include <sys/types.h>
| #endif
| #ifdef HAVE_SYS_STAT_H
| # include <sys/stat.h>
| #endif
| #ifdef HAVE_UNISTD_H
| # include <unistd.h>
| #endif
| int
| main (void)
| {
| if (sizeof ((size_t)))
| 	    return 0;
|   ;
|   return 0;
| }
configure:10692: result: yes
configure:10709: checking for fork
configure:10709: gcc -o conftest -g -O2   conftest.c -lz -lm  >&5
conftest.c:57:6: warning: conflicting types for built-in function 'fork'; expected 'int(void)' [-Wbuiltin-declaration-mismatch]
   57 | char fork ();
      |      ^~~~
configure:10709: $? = 0
configure:10709: result: yes
configure:10709: checking for vfork
configure:10709: gcc -o conftest -g -O2   conftest.c -lz -lm  >&5
configure:10709: $? = 0
configure:10709: result: yes
configure:10722: checking for working fork
configure:10746: gcc -o conftest -g -O2   conftest.c -lz -lm  >&5
configure:10746: $? = 0
configure:10746: ./conftest
configure:10746: $? = 0
configure:10757: result: yes
configure:10778: checking for working vfork
configure:10907: result: yes
configure:10932: checking for GNU libc compatible malloc
configure:10964: gcc -o conftest -g -O2   conftest.c -lz -lm  >&5
configure:10964: $? = 0
configure:10964: ./conftest
configure:10964: $? = 0
configure:10975: result: yes
configure:10997: checking for GNU libc compatible realloc
configure:11029: gcc -o conftest -g -O2   conftest.c -lz -lm  >&5
configure:11029: $? = 0
configure:11029: ./conftest
configure:11029: $? = 0
configure:11040: result: yes
configure:11062: checking return type of signal handlers
configure:11081: gcc -c -g -O2  conftest.c >&5
conftest.c: In function 'main':
conftest.c:53:10: error: void value not ignored as it ought to be
   53 | return *(signal (0, 0)) (0) == 1;
      |         ~^~~~~~~~~~~~~~~~~~
configure:11081: $? = 1
configure: failed program was:
| /* confdefs.h */
| #define PACKAGE_NAME "meme"
| #define PACKAGE_TARNAME "meme"
| #define PACKAGE_VERSION "5.5.8"
| #define PACKAGE_STRING "meme 5.5.8"
| #define PACKAGE_BUGREPORT ""
| #define PACKAGE_URL ""
| #define PACKAGE "meme"
| #define VERSION "5.5.8"
| #define HAVE_STDIO_H 1
| #define HAVE_STDLIB_H 1
| #define HAVE_STRING_H 1
| #define HAVE_INTTYPES_H 1
| #define HAVE_STDINT_H 1
| #define HAVE_STRINGS_H 1
| #define HAVE_SYS_STAT_H 1
| #define HAVE_SYS_TYPES_H 1
| #define HAVE_UNISTD_H 1
| #define STDC_HEADERS 1
| #define HAVE_DLFCN_H 1
| #define LT_OBJDIR ".libs/"
| #define HOSTNAME "wbbiad010"
| #define HAVE_LIBM 1
| #define HAVE_LIBZ 1
| #define HAVE_SYS_WAIT_H 1
| #define HAVE_ARPA_INET_H 1
| #define HAVE_CTYPE_H 1
| #define HAVE_FCNTL_H 1
| #define HAVE_LIMITS_H 1
| #define HAVE_NETDB_H 1
| #define HAVE_NETINET_IN_H 1
| #define HAVE_STDLIB_H 1
| #define HAVE_STRING_H 1
| #define HAVE_STRINGS_H 1
| #define HAVE_SYS_SOCKET_H 1
| #define HAVE_SYS_TIME_H 1
| #define HAVE_UNISTD_H 1
| #define HAVE__BOOL 1
| #define HAVE_STDBOOL_H 1
| #define HAVE_FORK 1
| #define HAVE_VFORK 1
| #define HAVE_WORKING_VFORK 1
| #define HAVE_WORKING_FORK 1
| #define HAVE_MALLOC 1
| #define HAVE_REALLOC 1
| /* end confdefs.h.  */
| #include <sys/types.h>
| #include <signal.h>
| 
| int
| main (void)
| {
| return *(signal (0, 0)) (0) == 1;
|   ;
|   return 0;
| }
configure:11089: result: void
configure:11095: checking whether lstat correctly handles trailing slash
configure:11128: gcc -o conftest -g -O2   conftest.c -lz -lm  >&5
configure:11128: $? = 0
configure:11128: ./conftest
configure:11128: $? = 0
configure:11146: result: yes
configure:11163: checking whether stat accepts an empty string
configure:11185: gcc -o conftest -g -O2   conftest.c -lz -lm  >&5
configure:11185: $? = 0
configure:11185: ./conftest
configure:11185: $? = 0
configure:11196: result: no
configure:11210: checking for floor
configure:11210: gcc -o conftest -g -O2   conftest.c -lz -lm  >&5
conftest.c:65:6: warning: conflicting types for built-in function 'floor'; expected 'double(double)' [-Wbuiltin-declaration-mismatch]
   65 | char floor ();
      |      ^~~~~
conftest.c:57:1: note: 'floor' is declared in header '<math.h>'
   56 | #include <limits.h>
   57 | #undef floor
configure:11210: $? = 0
configure:11210: result: yes
configure:11216: checking for getcwd
configure:11216: gcc -o conftest -g -O2   conftest.c -lz -lm  >&5
configure:11216: $? = 0
configure:11216: result: yes
configure:11222: checking for gethostbyname
configure:11222: gcc -o conftest -g -O2   conftest.c -lz -lm  >&5
configure:11222: $? = 0
configure:11222: result: yes
configure:11228: checking for isascii
configure:11228: gcc -o conftest -g -O2   conftest.c -lz -lm  >&5
conftest.c:68:6: warning: conflicting types for built-in function 'isascii'; expected 'int(int)' [-Wbuiltin-declaration-mismatch]
   68 | char isascii ();
      |      ^~~~~~~
configure:11228: $? = 0
configure:11228: result: yes
configure:11234: checking for memset
configure:11234: gcc -o conftest -g -O2   conftest.c -lz -lm  >&5
conftest.c:69:6: warning: conflicting types for built-in function 'memset'; expected 'void *(void *, int,  long unsigned int)' [-Wbuiltin-declaration-mismatch]
   69 | char memset ();
      |      ^~~~~~
conftest.c:61:1: note: 'memset' is declared in header '<string.h>'
   60 | #include <limits.h>
   61 | #undef memset
configure:11234: $? = 0
configure:11234: result: yes
configure:11240: checking for pow
configure:11240: gcc -o conftest -g -O2   conftest.c -lz -lm  >&5
conftest.c:70:6: warning: conflicting types for built-in function 'pow'; expected 'double(double,  double)' [-Wbuiltin-declaration-mismatch]
   70 | char pow ();
      |      ^~~
conftest.c:62:1: note: 'pow' is declared in header '<math.h>'
   61 | #include <limits.h>
   62 | #undef pow
configure:11240: $? = 0
configure:11240: result: yes
configure:11246: checking for rint
configure:11246: gcc -o conftest -g -O2   conftest.c -lz -lm  >&5
conftest.c:71:6: warning: conflicting types for built-in function 'rint'; expected 'double(double)' [-Wbuiltin-declaration-mismatch]
   71 | char rint ();
      |      ^~~~
conftest.c:63:1: note: 'rint' is declared in header '<math.h>'
   62 | #include <limits.h>
   63 | #undef rint
configure:11246: $? = 0
configure:11246: result: yes
configure:11252: checking for socket
configure:11252: gcc -o conftest -g -O2   conftest.c -lz -lm  >&5
configure:11252: $? = 0
configure:11252: result: yes
configure:11258: checking for sqrt
configure:11258: gcc -o conftest -g -O2   conftest.c -lz -lm  >&5
conftest.c:73:6: warning: conflicting types for built-in function 'sqrt'; expected 'double(double)' [-Wbuiltin-declaration-mismatch]
   73 | char sqrt ();
      |      ^~~~
conftest.c:65:1: note: 'sqrt' is declared in header '<math.h>'
   64 | #include <limits.h>
   65 | #undef sqrt
configure:11258: $? = 0
configure:11258: result: yes
configure:11264: checking for strchr
configure:11264: gcc -o conftest -g -O2   conftest.c -lz -lm  >&5
conftest.c:74:6: warning: conflicting types for built-in function 'strchr'; expected 'char *(const char *, int)' [-Wbuiltin-declaration-mismatch]
   74 | char strchr ();
      |      ^~~~~~
conftest.c:66:1: note: 'strchr' is declared in header '<string.h>'
   65 | #include <limits.h>
   66 | #undef strchr
configure:11264: $? = 0
configure:11264: result: yes
configure:11270: checking for strcspn
configure:11270: gcc -o conftest -g -O2   conftest.c -lz -lm  >&5
conftest.c:75:6: warning: conflicting types for built-in function 'strcspn'; expected 'long unsigned int(const char *, const char *)' [-Wbuiltin-declaration-mismatch]
   75 | char strcspn ();
      |      ^~~~~~~
conftest.c:67:1: note: 'strcspn' is declared in header '<string.h>'
   66 | #include <limits.h>
   67 | #undef strcspn
configure:11270: $? = 0
configure:11270: result: yes
configure:11276: checking for strdup
configure:11276: gcc -o conftest -g -O2   conftest.c -lz -lm  >&5
conftest.c:76:6: warning: conflicting types for built-in function 'strdup'; expected 'char *(const char *)' [-Wbuiltin-declaration-mismatch]
   76 | char strdup ();
      |      ^~~~~~
configure:11276: $? = 0
configure:11276: result: yes
configure:11282: checking for strspn
configure:11282: gcc -o conftest -g -O2   conftest.c -lz -lm  >&5
conftest.c:77:6: warning: conflicting types for built-in function 'strspn'; expected 'long unsigned int(const char *, const char *)' [-Wbuiltin-declaration-mismatch]
   77 | char strspn ();
      |      ^~~~~~
conftest.c:69:1: note: 'strspn' is declared in header '<string.h>'
   68 | #include <limits.h>
   69 | #undef strspn
configure:11282: $? = 0
configure:11282: result: yes
configure:11288: checking for strstr
configure:11288: gcc -o conftest -g -O2   conftest.c -lz -lm  >&5
conftest.c:78:6: warning: conflicting types for built-in function 'strstr'; expected 'char *(const char *, const char *)' [-Wbuiltin-declaration-mismatch]
   78 | char strstr ();
      |      ^~~~~~
conftest.c:70:1: note: 'strstr' is declared in header '<string.h>'
   69 | #include <limits.h>
   70 | #undef strstr
configure:11288: $? = 0
configure:11288: result: yes
configure:11298: checking for strlcpy
configure:11298: gcc -o conftest -g -O2   conftest.c -lz -lm  >&5
/usr/bin/ld: /tmp/cc2IBAqT.o: in function `main':
/home/ama55id/rnaanalyzer/bin/meme-5.5.8/conftest.c:90: undefined reference to `strlcpy'
collect2: error: ld returned 1 exit status
configure:11298: $? = 1
configure: failed program was:
| /* confdefs.h */
| #define PACKAGE_NAME "meme"
| #define PACKAGE_TARNAME "meme"
| #define PACKAGE_VERSION "5.5.8"
| #define PACKAGE_STRING "meme 5.5.8"
| #define PACKAGE_BUGREPORT ""
| #define PACKAGE_URL ""
| #define PACKAGE "meme"
| #define VERSION "5.5.8"
| #define HAVE_STDIO_H 1
| #define HAVE_STDLIB_H 1
| #define HAVE_STRING_H 1
| #define HAVE_INTTYPES_H 1
| #define HAVE_STDINT_H 1
| #define HAVE_STRINGS_H 1
| #define HAVE_SYS_STAT_H 1
| #define HAVE_SYS_TYPES_H 1
| #define HAVE_UNISTD_H 1
| #define STDC_HEADERS 1
| #define HAVE_DLFCN_H 1
| #define LT_OBJDIR ".libs/"
| #define HOSTNAME "wbbiad010"
| #define HAVE_LIBM 1
| #define HAVE_LIBZ 1
| #define HAVE_SYS_WAIT_H 1
| #define HAVE_ARPA_INET_H 1
| #define HAVE_CTYPE_H 1
| #define HAVE_FCNTL_H 1
| #define HAVE_LIMITS_H 1
| #define HAVE_NETDB_H 1
| #define HAVE_NETINET_IN_H 1
| #define HAVE_STDLIB_H 1
| #define HAVE_STRING_H 1
| #define HAVE_STRINGS_H 1
| #define HAVE_SYS_SOCKET_H 1
| #define HAVE_SYS_TIME_H 1
| #define HAVE_UNISTD_H 1
| #define HAVE__BOOL 1
| #define HAVE_STDBOOL_H 1
| #define HAVE_FORK 1
| #define HAVE_VFORK 1
| #define HAVE_WORKING_VFORK 1
| #define HAVE_WORKING_FORK 1
| #define HAVE_MALLOC 1
| #define HAVE_REALLOC 1
| #define RETSIGTYPE void
| #define LSTAT_FOLLOWS_SLASHED_SYMLINK 1
| #define HAVE_FLOOR 1
| #define HAVE_GETCWD 1
| #define HAVE_GETHOSTBYNAME 1
| #define HAVE_ISASCII 1
| #define HAVE_MEMSET 1
| #define HAVE_POW 1
| #define HAVE_RINT 1
| #define HAVE_SOCKET 1
| #define HAVE_SQRT 1
| #define HAVE_STRCHR 1
| #define HAVE_STRCSPN 1
| #define HAVE_STRDUP 1
| #define HAVE_STRSPN 1
| #define HAVE_STRSTR 1
| /* end confdefs.h.  */
| /* Define strlcpy to an innocuous variant, in case <limits.h> declares strlcpy.
|    For example, HP-UX 11i <limits.h> declares gettimeofday.  */
| #define strlcpy innocuous_strlcpy
| 
| /* System header to define __stub macros and hopefully few prototypes,
|    which can conflict with char strlcpy (); below.  */
| 
| #include <limits.h>
| #undef strlcpy
| 
| /* Override any GCC internal prototype to avoid an error.
|    Use char because int might match the return type of a GCC
|    builtin and then its argument prototype would still apply.  */
| #ifdef __cplusplus
| extern "C"
| #endif
| char strlcpy ();
| /* The GNU C library defines this for functions which it implements
|     to always fail with ENOSYS.  Some functions are actually named
|     something starting with __ and the normal name is an alias.  */
| #if defined __stub_strlcpy || defined __stub___strlcpy
| choke me
| #endif
| 
| int
| main (void)
| {
| return strlcpy ();
|   ;
|   return 0;
| }
configure:11298: result: no
configure:11783: checking for mpicc
configure:11806: found /usr/bin/mpicc
configure:11818: result: /usr/bin/mpicc
configure:11833: checking for mpirun
configure:11856: found /usr/bin/mpirun
configure:11868: result: /usr/bin/mpirun
configure:11887: checking for MPI_Comm_rank in -lmpi
configure:11910: gcc -o conftest -std=gnu89 -fno-common -Wall -Wno-unused -DUNIX -D__USE_FIXED_PROTOTYPES__    conftest.c -lmpi  -lz -lm  >&5
configure:11910: $? = 0
configure:11920: result: yes
configure:12456: checking for perl
configure:12491: result: /usr/bin/perl
configure:12539: checking for python
configure:12562: found /home/ama55id/miniconda3/bin/python
configure:12574: result: /home/ama55id/miniconda3/bin/python
configure:12595: checking whether /home/ama55id/miniconda3/bin/python version is >= 2.7
configure:12606: /home/ama55id/miniconda3/bin/python -c import sys # split strings by '.' and convert to numeric. Append some zeros # because we need at least 4 digits for the hex conversion. # map returns an iterator in Python 3.0 and a list in 2.x minver = list(map(int, '2.7'.split('.'))) + [0, 0, 0] minverhex = 0 # xrange is not present in Python 3.0 and range returns an iterator for i in list(range(0, 4)): minverhex = (minverhex << 8) + minver[i] sys.exit(sys.hexversion < minverhex)
configure:12609: $? = 0
configure:12612: result: yes
configure:12711: checking for /home/ama55id/miniconda3/bin/python version
configure:12719: result: 3.12
configure:12724: checking for /home/ama55id/miniconda3/bin/python platform
configure:12732: result: linux
configure:12793: checking for GNU default /home/ama55id/miniconda3/bin/python prefix
configure:12795: result: ${prefix}
configure:12861: checking for GNU default /home/ama55id/miniconda3/bin/python exec_prefix
configure:12863: result: ${exec_prefix}
configure:12894: checking for /home/ama55id/miniconda3/bin/python script directory (pythondir)
configure:12929: result: ${PYTHON_PREFIX}/lib/python3.12/site-packages
configure:12937: checking for /home/ama55id/miniconda3/bin/python extension module directory (pyexecdir)
configure:12972: result: ${PYTHON_EXEC_PREFIX}/lib/python3.12/site-packages
configure:13034: checking for convert
configure:13069: result: /usr/bin/convert
configure:13117: checking for gs
configure:13152: result: /usr/bin/gs
configure:13526: checking that generated files are newer than configure
configure:13532: result: done
configure:13599: creating ./config.status

## ---------------------- ##
## Running config.status. ##
## ---------------------- ##

This file was extended by meme config.status 5.5.8, which was
generated by GNU Autoconf 2.71.  Invocation command line was

  CONFIG_FILES    = 
  CONFIG_HEADERS  = 
  CONFIG_LINKS    = 
  CONFIG_COMMANDS = 
  $ ./config.status 

on wbbiad010

config.status:1451: creating Makefile
config.status:1451: creating doc/Makefile
config.status:1451: creating doc/css/Makefile
config.status:1451: creating doc/examples/Makefile
config.status:1451: creating doc/examples/compute_prior_dist_example_output_files/Makefile
config.status:1451: creating doc/examples/sample_opal_scripts/Makefile
config.status:1451: creating doc/images/Makefile
config.status:1451: creating doc/js/Makefile
config.status:1451: creating etc/Makefile
config.status:1451: creating src/filters/Makefile
config.status:1451: creating src/filters/purge/Makefile
config.status:1451: creating src/filters/dust/Makefile
config.status:1451: creating scripts/Makefile
config.status:1451: creating src/Makefile
config.status:1451: creating src/libxml2/Makefile
config.status:1451: creating src/libxml2/include/Makefile
config.status:1451: creating src/libxml2/include/libxml/Makefile
config.status:1451: creating src/libxslt/Makefile
config.status:1451: creating src/parallel/Makefile
config.status:1451: creating tests/Makefile
config.status:1451: creating tests/ama/Makefile
config.status:1451: creating tests/ame/Makefile
config.status:1451: creating tests/bed2fasta/Makefile
config.status:1451: creating tests/centrimo/Makefile
config.status:1451: creating tests/clustalw2fasta/Makefile
config.status:1451: creating tests/common/Makefile
config.status:1451: creating tests/common/motif.crp0/Makefile
config.status:1451: creating tests/common/motif.Puf3p/Makefile
config.status:1451: creating tests/create-priors/Makefile
config.status:1451: creating tests/draw-mhmm/Makefile
config.status:1451: creating tests/dreme/Makefile
config.status:1451: creating tests/fasta-center/Makefile
config.status:1451: creating tests/fimo/Makefile
config.status:1451: creating tests/glam2/Makefile
config.status:1451: creating tests/glam2scan/Makefile
config.status:1451: creating tests/gomo/Makefile
config.status:1451: creating tests/mast/Makefile
config.status:1451: creating tests/mcast/Makefile
config.status:1451: creating tests/meme/Makefile
config.status:1451: creating tests/meme-chip/Makefile
config.status:1451: creating tests/mhmm/Makefile
config.status:1451: creating tests/mhmms/Makefile
config.status:1451: creating tests/mhmmscan/Makefile
config.status:1451: creating tests/momo/Makefile
config.status:1451: creating tests/motiph/Makefile
config.status:1451: creating tests/psp-gen/Makefile
config.status:1451: creating tests/qvalue/Makefile
config.status:1451: creating tests/scaffold/Makefile
config.status:1451: creating tests/sea/Makefile
config.status:1451: creating tests/spamo/Makefile
config.status:1451: creating tests/streme/Makefile
config.status:1451: creating tests/scripts/Makefile
config.status:1451: creating tests/tgene/Makefile
config.status:1451: creating tests/tomtom/Makefile
config.status:1451: creating tests/web/Makefile
config.status:1451: creating tests/xstreme/Makefile
config.status:1451: creating website/Makefile
config.status:1451: creating website/templates/Makefile
config.status:1451: creating config.h
config.status:1711: executing depfiles commands
config.status:1788: cd src/filters/purge       && sed -e '/# am--include-marker/d' Makefile         | make -f - am--depfiles
config.status:1793: $? = 0
config.status:1788: cd src/filters/dust       && sed -e '/# am--include-marker/d' Makefile         | make -f - am--depfiles
config.status:1793: $? = 0
config.status:1788: cd src       && sed -e '/# am--include-marker/d' Makefile         | make -f - am--depfiles
config.status:1793: $? = 0
config.status:1788: cd src/libxml2       && sed -e '/# am--include-marker/d' Makefile         | make -f - am--depfiles
config.status:1793: $? = 0
config.status:1788: cd src/libxslt       && sed -e '/# am--include-marker/d' Makefile         | make -f - am--depfiles
config.status:1793: $? = 0
config.status:1788: cd src/parallel       && sed -e '/# am--include-marker/d' Makefile         | make -f - am--depfiles
config.status:1793: $? = 0
config.status:1711: executing libtool commands
configure:16033: WARNING:     
Checking Required Perl Modules:
HTML::Template missing.
Sys::Info missing.

Checking Optional Modules:
Log::Log4perl missing. Used for logging and debugging by developers.
Math::CDF missing. Only required for fasta-enriched-center script (which is not called by the web scripts).
XML::Compile::SOAP11 missing. Used for downloading sequence databases from RSAT.
On Ubuntu, you may first need to run 'sudo apt-get install libxml2-dev'
XML::Compile::WSDL11 missing. Used for downloading sequence databases from RSAT
XML::Compile::Transport::SOAPHTTP missing. Used for downloading sequence databases from RSAT   

## ---------------- ##
## Cache variables. ##
## ---------------- ##

ac_cv_build=x86_64-pc-linux-gnu
ac_cv_c_compiler_gnu=yes
ac_cv_c_const=yes
ac_cv_env_CC_set=
ac_cv_env_CC_value=
ac_cv_env_CFLAGS_set=
ac_cv_env_CFLAGS_value=
ac_cv_env_CPPFLAGS_set=
ac_cv_env_CPPFLAGS_value=
ac_cv_env_LDFLAGS_set=
ac_cv_env_LDFLAGS_value=
ac_cv_env_LIBS_set=
ac_cv_env_LIBS_value=
ac_cv_env_LT_SYS_LIBRARY_PATH_set=
ac_cv_env_LT_SYS_LIBRARY_PATH_value=
ac_cv_env_PYTHON_set=
ac_cv_env_PYTHON_value=
ac_cv_env_build_alias_set=
ac_cv_env_build_alias_value=
ac_cv_env_host_alias_set=
ac_cv_env_host_alias_value=
ac_cv_env_target_alias_set=
ac_cv_env_target_alias_value=
ac_cv_func_floor=yes
ac_cv_func_fork=yes
ac_cv_func_fork_works=yes
ac_cv_func_getcwd=yes
ac_cv_func_gethostbyname=yes
ac_cv_func_isascii=yes
ac_cv_func_lstat_dereferences_slashed_symlink=yes
ac_cv_func_malloc_0_nonnull=yes
ac_cv_func_memset=yes
ac_cv_func_pow=yes
ac_cv_func_realloc_0_nonnull=yes
ac_cv_func_rint=yes
ac_cv_func_socket=yes
ac_cv_func_sqrt=yes
ac_cv_func_stat_empty_string_bug=no
ac_cv_func_strchr=yes
ac_cv_func_strcspn=yes
ac_cv_func_strdup=yes
ac_cv_func_strlcpy=no
ac_cv_func_strspn=yes
ac_cv_func_strstr=yes
ac_cv_func_vfork=yes
ac_cv_func_vfork_works=yes
ac_cv_header_arpa_inet_h=yes
ac_cv_header_ctype_h=yes
ac_cv_header_dlfcn_h=yes
ac_cv_header_fcntl_h=yes
ac_cv_header_inttypes_h=yes
ac_cv_header_limits_h=yes
ac_cv_header_netdb_h=yes
ac_cv_header_netinet_in_h=yes
ac_cv_header_stdbool_h=yes
ac_cv_header_stdint_h=yes
ac_cv_header_stdio_h=yes
ac_cv_header_stdlib_h=yes
ac_cv_header_string_h=yes
ac_cv_header_strings_h=yes
ac_cv_header_sys_socket_h=yes
ac_cv_header_sys_stat_h=yes
ac_cv_header_sys_time_h=yes
ac_cv_header_sys_types_h=yes
ac_cv_header_sys_wait_h=yes
ac_cv_header_unistd_h=yes
ac_cv_header_vfork_h=no
ac_cv_host=x86_64-pc-linux-gnu
ac_cv_lib_m_isnan__sqrt__log__exp__fabs__pow__floor__ceil=yes
ac_cv_lib_mpi_MPI_Comm_rank=yes
ac_cv_lib_z_compress=yes
ac_cv_objext=o
ac_cv_path_CONVERT=/usr/bin/convert
ac_cv_path_EGREP='/usr/bin/grep -E'
ac_cv_path_FGREP='/usr/bin/grep -F'
ac_cv_path_GHOSTSCRIPT=/usr/bin/gs
ac_cv_path_GREP=/usr/bin/grep
ac_cv_path_LD='/usr/bin/ld -m elf_x86_64'
ac_cv_path_MPICC=/usr/bin/mpicc
ac_cv_path_MPIRUN=/usr/bin/mpirun
ac_cv_path_PERL=/usr/bin/perl
ac_cv_path_PYTHON=/home/ama55id/miniconda3/bin/python
ac_cv_path_SED=/usr/bin/sed
ac_cv_path_SENDMAIL=/usr/lib/sendmail
ac_cv_path_XML2_CONFIG=/home/ama55id/miniconda3/bin/xml2-config
ac_cv_path_XSLT_CONFIG=/mnt/c/Strawberry/c/bin/xslt-config
ac_cv_path_install='/usr/bin/install -c'
ac_cv_path_lt_DD=/usr/bin/dd
ac_cv_path_mkdir=/usr/bin/mkdir
ac_cv_prog_AWK=gawk
ac_cv_prog_ac_ct_AR=ar
ac_cv_prog_ac_ct_CC=gcc
ac_cv_prog_ac_ct_FILECMD=file
ac_cv_prog_ac_ct_MANIFEST_TOOL=mt
ac_cv_prog_ac_ct_OBJDUMP=objdump
ac_cv_prog_ac_ct_RANLIB=ranlib
ac_cv_prog_ac_ct_STRIP=strip
ac_cv_prog_cc_c11=
ac_cv_prog_cc_g=yes
ac_cv_prog_cc_gcc_c_o=yes
ac_cv_prog_cc_stdc=
ac_cv_prog_make_make_set=yes
ac_cv_type__Bool=yes
ac_cv_type_pid_t=yes
ac_cv_type_signal=void
ac_cv_type_size_t=yes
am_cv_CC_dependencies_compiler_type=gcc3
am_cv_make_support_nested_variables=yes
am_cv_prog_cc_c_o=yes
am_cv_python_platform=linux
am_cv_python_pyexecdir='${PYTHON_EXEC_PREFIX}/lib/python3.12/site-packages'
am_cv_python_pythondir='${PYTHON_PREFIX}/lib/python3.12/site-packages'
am_cv_python_version=3.12
lt_cv_ar_at_file=@
lt_cv_archive_cmds_need_lc=no
lt_cv_deplibs_check_method=pass_all
lt_cv_file_magic_cmd='$MAGIC_CMD'
lt_cv_file_magic_test_file=
lt_cv_ld_reload_flag=-r
lt_cv_nm_interface='BSD nm'
lt_cv_objdir=.libs
lt_cv_path_LD=/usr/bin/ld
lt_cv_path_NM='/usr/bin/nm -B'
lt_cv_path_mainfest_tool=no
lt_cv_prog_compiler_c_o=yes
lt_cv_prog_compiler_pic='-fPIC -DPIC'
lt_cv_prog_compiler_pic_works=yes
lt_cv_prog_compiler_rtti_exceptions=no
lt_cv_prog_compiler_static_works=yes
lt_cv_prog_gnu_ld=yes
lt_cv_sharedlib_from_linklib_cmd='printf %s\n'
lt_cv_shlibpath_overrides_runpath=yes
lt_cv_sys_global_symbol_pipe='/usr/bin/sed -n -e '\''s/^.*[	 ]\([ABCDGIRSTW][ABCDGIRSTW]*\)[	 ][	 ]*\([_A-Za-z][_A-Za-z0-9]*\)$/\1 \2 \2/p'\'' | /usr/bin/sed '\''/ __gnu_lto/d'\'''
lt_cv_sys_global_symbol_to_c_name_address='/usr/bin/sed -n -e '\''s/^: \(.*\) .*$/  {"\1", (void *) 0},/p'\'' -e '\''s/^[ABCDGIRSTW][ABCDGIRSTW]* .* \(.*\)$/  {"\1", (void *) \&\1},/p'\'''
lt_cv_sys_global_symbol_to_c_name_address_lib_prefix='/usr/bin/sed -n -e '\''s/^: \(.*\) .*$/  {"\1", (void *) 0},/p'\'' -e '\''s/^[ABCDGIRSTW][ABCDGIRSTW]* .* \(lib.*\)$/  {"\1", (void *) \&\1},/p'\'' -e '\''s/^[ABCDGIRSTW][ABCDGIRSTW]* .* \(.*\)$/  {"lib\1", (void *) \&\1},/p'\'''
lt_cv_sys_global_symbol_to_cdecl='/usr/bin/sed -n -e '\''s/^T .* \(.*\)$/extern int \1();/p'\'' -e '\''s/^[ABCDGIRSTW][ABCDGIRSTW]* .* \(.*\)$/extern char \1;/p'\'''
lt_cv_sys_global_symbol_to_import=
lt_cv_sys_max_cmd_len=1572864
lt_cv_to_host_file_cmd=func_convert_file_noop
lt_cv_to_tool_file_cmd=func_convert_file_noop
lt_cv_truncate_bin='/usr/bin/dd bs=4096 count=1'

## ----------------- ##
## Output variables. ##
## ----------------- ##

ACLOCAL='${SHELL} '\''/home/ama55id/rnaanalyzer/bin/meme-5.5.8/config/missing'\'' aclocal-1.16'
ALT_URL=''
AMDEPBACKSLASH='\'
AMDEP_FALSE='#'
AMDEP_TRUE=''
AMTAR='$${TAR-tar}'
AM_BACKSLASH='\'
AM_DEFAULT_V='$(AM_DEFAULT_VERBOSITY)'
AM_DEFAULT_VERBOSITY='1'
AM_V='$(V)'
ANT=''
AR='ar'
AUTOCONF='${SHELL} '\''/home/ama55id/rnaanalyzer/bin/meme-5.5.8/config/missing'\'' autoconf'
AUTOHEADER='${SHELL} '\''/home/ama55id/rnaanalyzer/bin/meme-5.5.8/config/missing'\'' autoheader'
AUTOMAKE='${SHELL} '\''/home/ama55id/rnaanalyzer/bin/meme-5.5.8/config/missing'\'' automake-1.16'
AWK='gawk'
BUILD_LIBXML2_FALSE='#'
BUILD_LIBXML2_TRUE=''
BUILD_LIBXSLT_FALSE='#'
BUILD_LIBXSLT_TRUE=''
CATALINA_BASE=''
CATALINA_HOME=''
CC='gcc'
CCDEPMODE='depmode=gcc3'
CFLAGS='-std=gnu89 -fno-common -Wall -Wno-unused -DUNIX -D__USE_FIXED_PROTOTYPES__   -O3'
CONTACT=''
CONVERT='/usr/bin/convert'
CPPFLAGS=''
CSCOPE='cscope'
CTAGS='ctags'
CYGPATH_W='echo'
DEBUG_FLAGS=''
DEFS='-DHAVE_CONFIG_H'
DEPDIR='.deps'
DEV_CONTACT='meme-suite@uw.edu'
DLLTOOL='false'
DRMAA_QUEUE=''
DRMAA_QUEUE_SHORT=''
DSYMUTIL=''
DUMPBIN=''
ECHO_C=''
ECHO_N='-n'
ECHO_T=''
EGREP='/usr/bin/grep -E'
ETAGS='etags'
EXEEXT=''
EXPIRY='4'
FGREP='/usr/bin/grep -F'
FILECMD='file'
GHOSTSCRIPT='/usr/bin/gs'
GOSERVER_URL='http://amigo.geneontology.org/amigo/term/GO_TERM_ID'
GREP='/usr/bin/grep'
HAVE_PYTHON_3_FALSE='#'
HAVE_PYTHON_3_TRUE=''
HAVE_PYTHON_FALSE='#'
HAVE_PYTHON_TRUE=''
HOSTNAME='wbbiad010'
INSTALL_DATA='${INSTALL} -m 644'
INSTALL_PROGRAM='${INSTALL}'
INSTALL_SCRIPT='${INSTALL}'
INSTALL_STRIP_PROGRAM='$(install_sh) -c -s'
LAMBIN=''
LD='/usr/bin/ld -m elf_x86_64'
LDFLAGS=''
LIBEXSLT_CFLAGS=''
LIBEXSLT_LIBS=''
LIBOBJS=''
LIBS='-lmpi -lz -lm '
LIBTOOL='$(SHELL) $(top_builddir)/libtool'
LIBXML2_CFLAGS='-I${top_srcdir}/src/libxml2/include'
LIBXML2_LIBS='${top_builddir}/src/libxml2/libxml2.la'
LIBXSLT_CFLAGS='-I${top_srcdir}/src/'
LIBXSLT_LIBS='${top_builddir}/src/libxslt/libxslt.la'
LIPO=''
LN_S='ln -s'
LTLIBOBJS=''
LT_SYS_LIBRARY_PATH=''
MACHID='linux'
MAKEINFO='${SHELL} '\''/home/ama55id/rnaanalyzer/bin/meme-5.5.8/config/missing'\'' makeinfo'
MANIFEST_TOOL=':'
MAST_PORT=''
MAXMEMORY='4'
MAXMEMORY_SHORT='1'
MAXTIME='14400'
MAXTIME_SHORT='300'
MEME_DB='${datarootdir}/${PACKAGE_NAME}-5.5.8/db'
MEME_DIRECTORY='${prefix}'
MEME_LOGS='${localstatedir}/${PACKAGE_NAME}-5.5.8/LOGS'
MEME_PORT=''
MEME_TEMP=''
METAMEME_EXTERNAL_FALSE=''
METAMEME_EXTERNAL_TRUE='#'
MKDIR_P='/usr/bin/mkdir -p'
MPICC='/usr/bin/mpicc'
MPIFLAGS='-DPARALLEL '
MPIINC='-DMPI -I/usr/include'
MPILIBDIR='/usr/lib'
MPIRUN='/usr/bin/mpirun'
MPITYPE='mpich'
MPI_CMD='/usr/bin/mpirun -np'
MPI_NPROCS='0'
NEWS_URL='./news.txt'
NM='/usr/bin/nm -B'
NMEDIT=''
NOTICES_URL='./notices.txt'
OBJDUMP='objdump'
OBJEXT='o'
OPAL_DEPLOY=''
OPAL_URL='no'
OPT_FLAGS='-O3'
OTOOL64=''
OTOOL=''
PACKAGE='meme'
PACKAGE_BUGREPORT=''
PACKAGE_NAME='meme'
PACKAGE_STRING='meme 5.5.8'
PACKAGE_TARNAME='meme'
PACKAGE_URL=''
PACKAGE_VERSION='5.5.8'
PARALLEL_FALSE='#'
PARALLEL_IS_LAM_FALSE=''
PARALLEL_IS_LAM_TRUE='#'
PARALLEL_TRUE=''
PATH_SEPARATOR=':'
PERL='/usr/bin/perl'
PREV_URL=''
PREV_VER=''
PYTHON='/home/ama55id/miniconda3/bin/python'
PYTHON_EXEC_PREFIX='${exec_prefix}'
PYTHON_PLATFORM='linux'
PYTHON_PREFIX='${prefix}'
PYTHON_VERSION='3.12'
QUOTA=''
RANLIB='ranlib'
SED='/usr/bin/sed'
SENDMAIL='/usr/lib/sendmail'
SET_MAKE=''
SHELL='/bin/bash'
SOURCE_URL='https://meme-suite.org'
STREME_LENGTH_FACTOR='1e6'
STRIP='strip'
URL='https://meme-suite.org/meme'
VERSION='5.5.8'
WANT_STRLCPY_FALSE='#'
WANT_STRLCPY_TRUE=''
WEBSERVICE=''
WEBSERVICE_FALSE=''
WEBSERVICE_TRUE='#'
WEBSITE_FALSE=''
WEBSITE_TRUE='#'
WEB_FALSE=''
WEB_TRUE='#'
XML2_CONFIG='/home/ama55id/miniconda3/bin/xml2-config'
XSLT_CONFIG='/mnt/c/Strawberry/c/bin/xslt-config'
ac_ct_AR='ar'
ac_ct_CC='gcc'
ac_ct_DUMPBIN=''
am__EXEEXT_FALSE=''
am__EXEEXT_TRUE='#'
am__fastdepCC_FALSE='#'
am__fastdepCC_TRUE=''
am__include='include'
am__isrc=''
am__leading_dot='.'
am__nodep='_no'
am__quote=''
am__tar='$${TAR-tar} chof - "$$tardir"'
am__untar='$${TAR-tar} xf -'
bindir='${exec_prefix}/bin'
build='x86_64-pc-linux-gnu'
build_alias=''
build_cpu='x86_64'
build_os='linux-gnu'
build_vendor='pc'
datadir='${datarootdir}'
datarootdir='${prefix}/share'
docdir='${datarootdir}/doc/${PACKAGE_TARNAME}'
dvidir='${docdir}'
exec_prefix='${prefix}'
host='x86_64-pc-linux-gnu'
host_alias=''
host_cpu='x86_64'
host_os='linux-gnu'
host_vendor='pc'
htmldir='${docdir}'
includedir='${prefix}/include'
infodir='${datarootdir}/info'
install_sh='${SHELL} /home/ama55id/rnaanalyzer/bin/meme-5.5.8/config/install-sh'
libdir='${exec_prefix}/lib'
libexecdir='${exec_prefix}/libexec'
localedir='${datarootdir}/locale'
localstatedir='${prefix}/var'
mandir='${datarootdir}/man'
mkdir_p='$(MKDIR_P)'
oldincludedir='/usr/include'
pdfdir='${docdir}'
pkgpyexecdir='${pyexecdir}/meme'
pkgpythondir='${pythondir}/meme'
prefix='/home/ama55id/rnaanalyzer/bin/meme-5.5.8'
program_transform_name='s,x,x,'
psdir='${docdir}'
pyexecdir='${PYTHON_EXEC_PREFIX}/lib/python3.12/site-packages'
pythondir='${PYTHON_PREFIX}/lib/python3.12/site-packages'
runstatedir='${localstatedir}/run'
sbindir='${exec_prefix}/sbin'
sharedstatedir='${prefix}/com'
sysconfdir='${prefix}/etc'
target_alias=''

## ----------- ##
## confdefs.h. ##
## ----------- ##

/* confdefs.h */
#define PACKAGE_NAME "meme"
#define PACKAGE_TARNAME "meme"
#define PACKAGE_VERSION "5.5.8"
#define PACKAGE_STRING "meme 5.5.8"
#define PACKAGE_BUGREPORT ""
#define PACKAGE_URL ""
#define PACKAGE "meme"
#define VERSION "5.5.8"
#define HAVE_STDIO_H 1
#define HAVE_STDLIB_H 1
#define HAVE_STRING_H 1
#define HAVE_INTTYPES_H 1
#define HAVE_STDINT_H 1
#define HAVE_STRINGS_H 1
#define HAVE_SYS_STAT_H 1
#define HAVE_SYS_TYPES_H 1
#define HAVE_UNISTD_H 1
#define STDC_HEADERS 1
#define HAVE_DLFCN_H 1
#define LT_OBJDIR ".libs/"
#define HOSTNAME "wbbiad010"
#define HAVE_LIBM 1
#define HAVE_LIBZ 1
#define HAVE_SYS_WAIT_H 1
#define HAVE_ARPA_INET_H 1
#define HAVE_CTYPE_H 1
#define HAVE_FCNTL_H 1
#define HAVE_LIMITS_H 1
#define HAVE_NETDB_H 1
#define HAVE_NETINET_IN_H 1
#define HAVE_STDLIB_H 1
#define HAVE_STRING_H 1
#define HAVE_STRINGS_H 1
#define HAVE_SYS_SOCKET_H 1
#define HAVE_SYS_TIME_H 1
#define HAVE_UNISTD_H 1
#define HAVE__BOOL 1
#define HAVE_STDBOOL_H 1
#define HAVE_FORK 1
#define HAVE_VFORK 1
#define HAVE_WORKING_VFORK 1
#define HAVE_WORKING_FORK 1
#define HAVE_MALLOC 1
#define HAVE_REALLOC 1
#define RETSIGTYPE void
#define LSTAT_FOLLOWS_SLASHED_SYMLINK 1
#define HAVE_FLOOR 1
#define HAVE_GETCWD 1
#define HAVE_GETHOSTBYNAME 1
#define HAVE_ISASCII 1
#define HAVE_MEMSET 1
#define HAVE_POW 1
#define HAVE_RINT 1
#define HAVE_SOCKET 1
#define HAVE_SQRT 1
#define HAVE_STRCHR 1
#define HAVE_STRCSPN 1
#define HAVE_STRDUP 1
#define HAVE_STRSPN 1
#define HAVE_STRSTR 1
#define Linux /**/
#define HAVE_LIBMPI 1
#define SOURCE_URL "https://meme-suite.org"
#define SITE_URL "https://meme-suite.org/meme"
#define ALT_URL ""
#define PERL "/usr/bin/perl"
#define PYTHON "/home/ama55id/miniconda3/bin/python"
#define CONVERT_PATH "/usr/bin/convert"
#define GHOSTSCRIPT_PATH "/usr/bin/gs"

configure: exit 0
